Component: ARM Compiler 5.05 update 1 (build 106) Tool: armlink [4d0efa]

==============================================================================

Section Cross References

    common_init.o(i.RCC_Configuration) refers to stm32f10x_rcc.o(i.RCC_APB1PeriphClockCmd) for RCC_APB1PeriphClockCmd
    common_init.o(i.RCC_Configuration) refers to stm32f10x_rcc.o(i.RCC_APB2PeriphClockCmd) for RCC_APB2PeriphClockCmd
    common_init.o(i.sys_init) refers to delay.o(i.delay_init) for delay_init
    common_init.o(i.sys_init) refers to misc.o(i.NVIC_PriorityGroupConfig) for NVIC_PriorityGroupConfig
    common_init.o(i.sys_init) refers to common_init.o(i.RCC_Configuration) for RCC_Configuration
    common_init.o(i.sys_init) refers to debug_usart.o(i.duart_init) for duart_init
    common_init.o(i.sys_init) refers to timer.o(i.TIM3_Int_Init) for TIM3_Int_Init
    common_init.o(i.sys_init) refers to wdg.o(i.IWDG_Init) for IWDG_Init
    common_init.o(i.sys_init) refers to wdg.o(i.WWDG_Init) for WWDG_Init
    common_init.o(i.sys_init) refers to delay.o(i.delay_ms) for delay_ms
    common_init.o(i.sys_init) refers to usart.o(i.uart4_clean_buf) for uart4_clean_buf
    common_init.o(i.sys_init) refers to usart.o(i.uart4_init) for uart4_init
    common_init.o(i.sys_init) refers to myiic.o(i.i2c_init) for i2c_init
    common_init.o(i.sys_init) refers to ir.o(i.ir_init) for ir_init
    common_init.o(i.sys_init) refers to timer.o(i.TIM4_Breathing_Init) for TIM4_Breathing_Init
    common_init.o(i.sys_init) refers to oled.o(i.oled_initDev) for oled_initDev
    common_init.o(i.sys_init) refers to fan.o(i.fan_init) for fan_init
    common_init.o(i.sys_init) refers to process.o(i.Proc_setVer) for Proc_setVer
    common_init.o(i.sys_init) refers to gpio.o(i.pse_reset) for pse_reset
    eeprom.o(i.E2PROM_ReadLenByte) refers to eeprom.o(i.E2PROM_ReadOneByte) for E2PROM_ReadOneByte
    eeprom.o(i.E2PROM_ReadOneByte) refers to myiic.o(i.IIC_Start) for IIC_Start
    eeprom.o(i.E2PROM_ReadOneByte) refers to myiic.o(i.IIC_SendByte) for IIC_SendByte
    eeprom.o(i.E2PROM_ReadOneByte) refers to myiic.o(i.IIC_WaitAck) for IIC_WaitAck
    eeprom.o(i.E2PROM_ReadOneByte) refers to myiic.o(i.IIC_ReadByte) for IIC_ReadByte
    eeprom.o(i.E2PROM_ReadOneByte) refers to myiic.o(i.IIC_Stop) for IIC_Stop
    eeprom.o(i.E2PROM_WriteLenByte) refers to printf8.o(i.__0printf$8) for __2printf
    eeprom.o(i.E2PROM_WriteLenByte) refers to eeprom.o(i.E2PROM_WriteOneByte) for E2PROM_WriteOneByte
    eeprom.o(i.E2PROM_WriteLenByte) refers to eeprom.o(.constdata) for __FUNCTION__
    eeprom.o(i.E2PROM_WriteOneByte) refers to myiic.o(i.IIC_Start) for IIC_Start
    eeprom.o(i.E2PROM_WriteOneByte) refers to myiic.o(i.IIC_SendByte) for IIC_SendByte
    eeprom.o(i.E2PROM_WriteOneByte) refers to myiic.o(i.IIC_WaitAck) for IIC_WaitAck
    eeprom.o(i.E2PROM_WriteOneByte) refers to myiic.o(i.IIC_Stop) for IIC_Stop
    eeprom.o(i.E2PROM_WriteOneByte) refers to delay.o(i.delay_ms) for delay_ms
    eeprom.o(i.bsp_e2promRead) refers to eeprom.o(i.E2PROM_ReadLenByte) for E2PROM_ReadLenByte
    eeprom.o(i.bsp_e2promWrte) refers to eeprom.o(i.E2PROM_WriteLenByte) for E2PROM_WriteLenByte
    flash.o(i.STMFLASH_Read) refers to flash.o(i.STMFLASH_ReadHalfWord) for STMFLASH_ReadHalfWord
    flash.o(i.STMFLASH_Write) refers to stm32f10x_flash.o(i.FLASH_Unlock) for FLASH_Unlock
    flash.o(i.STMFLASH_Write) refers to flash.o(i.STMFLASH_Read) for STMFLASH_Read
    flash.o(i.STMFLASH_Write) refers to stm32f10x_flash.o(i.FLASH_ErasePage) for FLASH_ErasePage
    flash.o(i.STMFLASH_Write) refers to flash.o(i.STMFLASH_Write_NoCheck) for STMFLASH_Write_NoCheck
    flash.o(i.STMFLASH_Write) refers to stm32f10x_flash.o(i.FLASH_Lock) for FLASH_Lock
    flash.o(i.STMFLASH_Write) refers to flash.o(.bss) for STMFLASH_BUF
    flash.o(i.STMFLASH_Write_NoCheck) refers to stm32f10x_flash.o(i.FLASH_ProgramHalfWord) for FLASH_ProgramHalfWord
    flash.o(i.STMFLASH_WtiteU16DataToFlash) refers to flash.o(i.STMFLASH_Write) for STMFLASH_Write
    gpio.o(i.Gpio_Read_Fun) refers to stm32f10x_gpio.o(i.GPIO_ReadInputDataBit) for GPIO_ReadInputDataBit
    gpio.o(i.Gpio_Read_Fun) refers to printf8.o(i.__0printf$8) for __2printf
    gpio.o(i.Gpio_Text) refers to gpio.o(i.Gpio_Read_Fun) for Gpio_Read_Fun
    gpio.o(i.Gpio_Text) refers to printf8.o(i.__0printf$8) for __2printf
    gpio.o(i.Gpio_Text) refers to delay.o(i.delay_ms) for delay_ms
    gpio.o(i.clean_uart_buf) refers to gpio.o(i.greater_times) for greater_times
    gpio.o(i.clean_uart_buf) refers to usart.o(i.uart4_clean_buf) for uart4_clean_buf
    gpio.o(i.clean_uart_buf) refers to gpio.o(.data) for reboot_flag
    gpio.o(i.clean_uart_buf) refers to timer.o(.data) for s_numOf100us
    gpio.o(i.cpu_power_init) refers to stm32f10x_gpio.o(i.GPIO_Init) for GPIO_Init
    gpio.o(i.cpu_power_init) refers to stm32f10x_gpio.o(i.GPIO_SetBits) for GPIO_SetBits
    gpio.o(i.cpu_power_init) refers to stm32f10x_gpio.o(i.GPIO_ResetBits) for GPIO_ResetBits
[...]
    i.RCC_APB2PeriphClockCmd                 0x0801138c   Section        0  stm32f10x_rcc.o(i.RCC_APB2PeriphClockCmd)
    i.RCC_APB2PeriphResetCmd                 0x080113ac   Section        0  stm32f10x_rcc.o(i.RCC_APB2PeriphResetCmd)
    i.RCC_Configuration                      0x080113cc   Section        0  common_init.o(i.RCC_Configuration)
    RCC_Configuration                        0x080113cd   Thumb Code    22  common_init.o(i.RCC_Configuration)
    i.RCC_GetClocksFreq                      0x080113e8   Section        0  stm32f10x_rcc.o(i.RCC_GetClocksFreq)
    i.READ_SDA                               0x080114bc   Section        0  myiic.o(i.READ_SDA)
    i.SDA_IN                                 0x080114d0   Section        0  myiic.o(i.SDA_IN)
    i.SDA_OUT                                0x080114f0   Section        0  myiic.o(i.SDA_OUT)
    i.SVC_Handler                            0x08011510   Section        0  stm32f10x_it.o(i.SVC_Handler)
    i.SetSysClock                            0x08011512   Section        0  system_stm32f10x.o(i.SetSysClock)
    SetSysClock                              0x08011513   Thumb Code     8  system_stm32f10x.o(i.SetSysClock)
    i.SetSysClockTo72                        0x0801151c   Section        0  system_stm32f10x.o(i.SetSysClockTo72)
    SetSysClockTo72                          0x0801151d   Thumb Code   214  system_stm32f10x.o(i.SetSysClockTo72)
    i.SysTick_CLKSourceConfig                0x080115fc   Section        0  misc.o(i.SysTick_CLKSourceConfig)
    i.SysTick_Handler                        0x08011624   Section        0  stm32f10x_it.o(i.SysTick_Handler)
    i.SystemInit                             0x08011628   Section        0  system_stm32f10x.o(i.SystemInit)
    i.TIM2_IRQHandler                        0x08011688   Section        0  ir.o(i.TIM2_IRQHandler)
    i.TIM3_IRQHandler                        0x08011764   Section        0  timer.o(i.TIM3_IRQHandler)
    i.TIM3_Int_Init                          0x08011800   Section        0  timer.o(i.TIM3_Int_Init)
    i.TIM4_Breathing_Init                    0x08011868   Section        0  timer.o(i.TIM4_Breathing_Init)
    i.TIM4_GPIO_Config                       0x08011874   Section        0  timer.o(i.TIM4_GPIO_Config)
    TIM4_GPIO_Config                         0x08011875   Thumb Code    40  timer.o(i.TIM4_GPIO_Config)
    i.TIM4_IRQHandler                        0x080118a0   Section        0  timer.o(i.TIM4_IRQHandler)
    i.TIM4_Mode_Config                       0x080119b4   Section        0  timer.o(i.TIM4_Mode_Config)
    TIM4_Mode_Config                         0x080119b5   Thumb Code   158  timer.o(i.TIM4_Mode_Config)
    i.TIM_ARRPreloadConfig                   0x08011a58   Section        0  stm32f10x_tim.o(i.TIM_ARRPreloadConfig)
    i.TIM_ClearFlag                          0x08011a70   Section        0  stm32f10x_tim.o(i.TIM_ClearFlag)
    i.TIM_ClearITPendingBit                  0x08011a76   Section        0  stm32f10x_tim.o(i.TIM_ClearITPendingBit)
    i.TIM_Cmd                                0x08011a7c   Section        0  stm32f10x_tim.o(i.TIM_Cmd)
    i.TIM_CtrlPWMOutputs                     0x08011a94   Section        0  stm32f10x_tim.o(i.TIM_CtrlPWMOutputs)
    i.TIM_GetITStatus                        0x08011ab2   Section        0  stm32f10x_tim.o(i.TIM_GetITStatus)
    i.TIM_ITConfig                           0x08011ad4   Section        0  stm32f10x_tim.o(i.TIM_ITConfig)
    i.TIM_OC2Init                            0x08011ae8   Section        0  stm32f10x_tim.o(i.TIM_OC2Init)
    i.TIM_OC2PreloadConfig                   0x08011b8c   Section        0  stm32f10x_tim.o(i.TIM_OC2PreloadConfig)
    i.TIM_OC3Init                            0x08011ba8   Section        0  stm32f10x_tim.o(i.TIM_OC3Init)
    i.TIM_OC3PreloadConfig                   0x08011c48   Section        0  stm32f10x_tim.o(i.TIM_OC3PreloadConfig)
    i.TIM_OC4Init                            0x08011c5c   Section        0  stm32f10x_tim.o(i.TIM_OC4Init)
    i.TIM_OC4PreloadConfig                   0x08011cd8   Section        0  stm32f10x_tim.o(i.TIM_OC4PreloadConfig)
    i.TIM_SetCompare2                        0x08011cf2   Section        0  stm32f10x_tim.o(i.TIM_SetCompare2)
    i.TIM_TimeBaseInit                       0x08011cf8   Section        0  stm32f10x_tim.o(i.TIM_TimeBaseInit)
    i.UART4_IRQHandler                       0x08011d9c   Section        0  usart.o(i.UART4_IRQHandler)
    i.UART5_IRQHandler                       0x08011df4   Section        0  usart.o(i.UART5_IRQHandler)
    i.USART1_IRQHandler                      0x08011e4c   Section        0  debug_usart.o(i.USART1_IRQHandler)
    i.USART3_IRQHandler                      0x08011ee4   Section        0  usart.o(i.USART3_IRQHandler)
    i.USART_ClearFlag                        0x08011f3c   Section        0  stm32f10x_usart.o(i.USART_ClearFlag)
    i.USART_ClearITPendingBit                0x08011f4e   Section        0  stm32f10x_usart.o(i.USART_ClearITPendingBit)
    i.USART_Cmd                              0x08011f6c   Section        0  stm32f10x_usart.o(i.USART_Cmd)
    i.USART_DeInit                           0x08011f84   Section        0  stm32f10x_usart.o(i.USART_DeInit)
    i.USART_GetFlagStatus                    0x08012020   Section        0  stm32f10x_usart.o(i.USART_GetFlagStatus)
    i.USART_GetITStatus                      0x0801203a   Section        0  stm32f10x_usart.o(i.USART_GetITStatus)
    i.USART_ITConfig                         0x0801208e   Section        0  stm32f10x_usart.o(i.USART_ITConfig)
    i.USART_Init                             0x080120d8   Section        0  stm32f10x_usart.o(i.USART_Init)
    i.USART_ReceiveData                      0x080121b0   Section        0  stm32f10x_usart.o(i.USART_ReceiveData)
    i.USART_SendData                         0x080121ba   Section        0  stm32f10x_usart.o(i.USART_SendData)
    i.USART_SendString                       0x080121c2   Section        0  stm32f10x_usart.o(i.USART_SendString)
    i.USART_WriteData                        0x080121f8   Section        0  usart.o(i.USART_WriteData)
    i.USART_clearRecvFlag                    0x0801229c   Section        0  usart.o(i.USART_clearRecvFlag)
    i.USART_clearRecvLen                     0x08012318   Section        0  usart.o(i.USART_clearRecvLen)
    i.USART_getRecvData                      0x08012394   Section        0  usart.o(i.USART_getRecvData)
    i.USART_getRecvFlag                      0x08012420   Section        0  usart.o(i.USART_getRecvFlag)
    i.UsageFault_Handler                     0x080124b4   Section        0  stm32f10x_it.o(i.UsageFault_Handler)
    i.WWDG_ClearFlag                         0x080124b8   Section        0  stm32f10x_wwdg.o(i.WWDG_ClearFlag)
    i.WWDG_Enable                            0x080124c4   Section        0  stm32f10x_wwdg.o(i.WWDG_Enable)
    i.WWDG_EnableIT                          0x080124d4   Section        0  stm32f10x_wwdg.o(i.WWDG_EnableIT)
    i.WWDG_IRQHandler                        0x080124e0   Section        0  wdg.o(i.WWDG_IRQHandler)
    i.WWDG_Init                              0x080124f4   Section        0  wdg.o(i.WWDG_Init)
    i.WWDG_NVIC_Init                         0x0801252c   Section        0  wdg.o(i.WWDG_NVIC_Init)
    i.WWDG_SetCounter                        0x08012550   Section        0  stm32f10x_wwdg.o(i.WWDG_SetCounter)
    i.WWDG_SetPrescaler                      0x08012560   Section        0  stm32f10x_wwdg.o(i.WWDG_SetPrescaler)
    i.WWDG_SetWindowValue                    0x08012578   Section        0  stm32f10x_wwdg.o(i.WWDG_SetWindowValue)
    i.__0printf$8                            0x080125a0   Section        0  printf8.o(i.__0printf$8)
    i.__scatterload_copy                     0x080125c0   Section       14  handlers.o(i.__scatterload_copy)
    i.__scatterload_null                     0x080125ce   Section        2  handlers.o(i.__scatterload_null)
    i.__scatterload_zeroinit                 0x080125d0   Section       14  handlers.o(i.__scatterload_zeroinit)
    i._printf_core                           0x080125e0   Section        0  printf8.o(i._printf_core)
    _printf_core                             0x080125e1   Thumb Code   996  printf8.o(i._printf_core)
    i._printf_post_padding                   0x080129f0   Section        0  printf8.o(i._printf_post_padding)
    _printf_post_padding                     0x080129f1   Thumb Code    36  printf8.o(i._printf_post_padding)
    i._printf_pre_padding                    0x08012a14   Section        0  printf8.o(i._printf_pre_padding)
    _printf_pre_padding                      0x08012a15   Thumb Code    46  printf8.o(i._printf_pre_padding)
    i.acs_to_fontlib                         0x08012a42   Section        0  oled.o(i.acs_to_fontlib)
    acs_to_fontlib                           0x08012a43   Thumb Code    48  oled.o(i.acs_to_fontlib)
    i.acs_to_logolib                         0x08012a72   Section        0  oled.o(i.acs_to_logolib)
    acs_to_logolib                           0x08012a73   Thumb Code    54  oled.o(i.acs_to_logolib)
    i.clean_uart_buf                         0x08012aa8   Section        0  gpio.o(i.clean_uart_buf)
    i.cpu_power_init                         0x08012adc   Section        0  gpio.o(i.cpu_power_init)
    i.delay_init                             0x08012b94   Section        0  delay.o(i.delay_init)
    i.delay_ms                               0x08012bd8   Section        0  delay.o(i.delay_ms)
    i.delay_us                               0x08012c24   Section        0  delay.o(i.delay_us)
    i.detect_power_off                       0x08012c70   Section        0  gpio.o(i.detect_power_off)
    detect_power_off                         0x08012c71   Thumb Code   240  gpio.o(i.detect_power_off)
    i.detect_power_on                        0x08012d98   Section        0  gpio.o(i.detect_power_on)
    detect_power_on                          0x08012d99   Thumb Code   128  gpio.o(i.detect_power_on)
    i.detect_power_pin                       0x08012e3c   Section        0  gpio.o(i.detect_power_pin)
    i.duart_init                             0x08012e84   Section        0  debug_usart.o(i.duart_init)
    i.fan_init                               0x08012f20   Section        0  fan.o(i.fan_init)
    i.fan_set_speed                          0x08012fc0   Section        0  fan.o(i.fan_set_speed)
    i.fan_setduty                            0x08013048   Section        0  fan.o(i.fan_setduty)
    i.fill_RAM                               0x0801305c   Section        0  oled.o(i.fill_RAM)
    fill_RAM                                 0x0801305d   Thumb Code    96  oled.o(i.fill_RAM)
    i.fill_block                             0x080130bc   Section        0  oled.o(i.fill_block)
    fill_block                               0x080130bd   Thumb Code   118  oled.o(i.fill_block)
    i.fputc                                  0x08013134   Section        0  debug_usart.o(i.fputc)
    i.greater_times                          0x08013150   Section        0  gpio.o(i.greater_times)
    i.hostBoardProc                          0x08013172   Section        0  process.o(i.hostBoardProc)
    i.i2c1_init                              0x0801317c   Section        0  myiic.o(i.i2c1_init)
    i2c1_init                                0x0801317d   Thumb Code    38  myiic.o(i.i2c1_init)
    i.i2c2_configuration                     0x080131a8   Section        0  myiic.o(i.i2c2_configuration)
    i2c2_configuration                       0x080131a9   Thumb Code   144  myiic.o(i.i2c2_configuration)
    i.i2c2_gpio_configuration                0x08013240   Section        0  myiic.o(i.i2c2_gpio_configuration)
    i2c2_gpio_configuration                  0x08013241   Thumb Code    50  myiic.o(i.i2c2_gpio_configuration)
    i.i2c2_init                              0x08013278   Section        0  myiic.o(i.i2c2_init)
    i2c2_init                                0x08013279   Thumb Code    12  myiic.o(i.i2c2_init)
    i.i2c_init                               0x08013284   Section        0  myiic.o(i.i2c_init)
    i.ir_decode_data                         0x08013290   Section        0  ir.o(i.ir_decode_data)
    i.ir_exti_init                           0x08013320   Section        0  ir.o(i.ir_exti_init)
    ir_exti_init                             0x08013321   Thumb Code   274  ir.o(i.ir_exti_init)
    i.ir_init                                0x0801343c   Section        0  ir.o(i.ir_init)
    i.ir_receive_data                        0x0801344c   Section        0  ir.o(i.ir_receive_data)
    ir_receive_data                          0x0801344d   Thumb Code   602  ir.o(i.ir_receive_data)
    i.ir_tim2_init                           0x080136ec   Section        0  ir.o(i.ir_tim2_init)
    ir_tim2_init                             0x080136ed   Thumb Code   100  ir.o(i.ir_tim2_init)
    i.led_blink_ir                           0x08013750   Section        0  led.o(i.led_blink_ir)
    i.led_blink_ir_timer                     0x080137e4   Section        0  led.o(i.led_blink_ir_timer)
    i.led_breathing                          0x08013860   Section        0  led.o(i.led_breathing)
    led_breathing                            0x08013861   Thumb Code    98  led.o(i.led_breathing)
    i.led_breathing_test                     0x080138d8   Section        0  led.o(i.led_breathing_test)
    i.led_bright_test                        0x08013adc   Section        0  led.o(i.led_bright_test)
    led_bright_test                          0x08013add   Thumb Code    84  led.o(i.led_bright_test)
    i.led_ctl                                0x08013b38   Section        0  led.o(i.led_ctl)
    i.led_disable_all_flag                   0x08013bac   Section        0  led.o(i.led_disable_all_flag)
    led_disable_all_flag                     0x08013bad   Thumb Code    28  led.o(i.led_disable_all_flag)
    i.led_loop_blink                         0x08013be0   Section        0  led.o(i.led_loop_blink)
    led_loop_blink                           0x08013be1   Thumb Code    98  led.o(i.led_loop_blink)
    i.led_loop_blink_timer                   0x08013c58   Section        0  led.o(i.led_loop_blink_timer)
    i.led_on_off                             0x08013d0c   Section        0  led.o(i.led_on_off)
    led_on_off                               0x08013d0d   Thumb Code    44  led.o(i.led_on_off)
    i.lm75_check_read_temp                   0x08013d3c   Section        0  lm75.o(i.lm75_check_read_temp)
    i.lm75_read_temp                         0x08013d80   Section        0  lm75.o(i.lm75_read_temp)
    lm75_read_temp                           0x08013d81   Thumb Code    54  lm75.o(i.lm75_read_temp)
    i.main                                   0x08013dbc   Section        0  main.o(i.main)
    i.oled_clear_diplay                      0x08013dec   Section        0  oled.o(i.oled_clear_diplay)
    i.oled_display_ip                        0x08013df8   Section        0  oled.o(i.oled_display_ip)
    oled_display_ip                          0x08013df9   Thumb Code   214  oled.o(i.oled_display_ip)
    i.oled_display_pics                      0x08013ed4   Section        0  oled.o(i.oled_display_pics)
    oled_display_pics                        0x08013ed5   Thumb Code   104  oled.o(i.oled_display_pics)
    i.oled_gpio_configuration                0x08013f40   Section        0  oled.o(i.oled_gpio_configuration)
    oled_gpio_configuration                  0x08013f41   Thumb Code    58  oled.o(i.oled_gpio_configuration)
    i.oled_init                              0x08013f84   Section        0  oled.o(i.oled_init)
    oled_init                                0x08013f85   Thumb Code   118  oled.o(i.oled_init)
    i.oled_initDev                           0x08013ffa   Section        0  oled.o(i.oled_initDev)
    i.oled_powerOn                           0x08014010   Section        0  oled.o(i.oled_powerOn)
    i.oled_print_font                        0x08014038   Section        0  oled.o(i.oled_print_font)
    oled_print_font                          0x08014039   Thumb Code   278  oled.o(i.oled_print_font)
    i.oled_print_logo                        0x08014158   Section        0  oled.o(i.oled_print_logo)
    i.oled_print_pics                        0x0801417c   Section        0  oled.o(i.oled_print_pics)
    oled_print_pics                          0x0801417d   Thumb Code    56  oled.o(i.oled_print_pics)
    i.oled_print_string                      0x080141b4   Section        0  oled.o(i.oled_print_string)
    oled_print_string                        0x080141b5   Thumb Code    56  oled.o(i.oled_print_string)
    i.oled_res_high                          0x080141ec   Section        0  oled.o(i.oled_res_high)
    oled_res_high                            0x080141ed   Thumb Code    12  oled.o(i.oled_res_high)
    i.oled_res_low                           0x080141fc   Section        0  oled.o(i.oled_res_low)
    oled_res_low                             0x080141fd   Thumb Code    12  oled.o(i.oled_res_low)
    i.oled_reversBit                         0x0801420c   Section        0  oled.o(i.oled_reversBit)
    oled_reversBit                           0x0801420d   Thumb Code    30  oled.o(i.oled_reversBit)
    i.oled_sendCmd                           0x08014230   Section        0  oled.o(i.oled_sendCmd)
    oled_sendCmd                             0x08014231   Thumb Code    60  oled.o(i.oled_sendCmd)
    i.oled_update_display                    0x0801426c   Section        0  oled.o(i.oled_update_display)
    i.power_off_system                       0x080143e4   Section        0  gpio.o(i.power_off_system)
    power_off_system                         0x080143e5   Thumb Code   128  gpio.o(i.power_off_system)
    i.power_on_system                        0x08014494   Section        0  gpio.o(i.power_on_system)
    i.pse_reset                              0x08014530   Section        0  gpio.o(i.pse_reset)
    i.pwr_control                            0x08014568   Section        0  gpio.o(i.pwr_control)
    i.set_VCOMH                              0x08014614   Section        0  oled.o(i.set_VCOMH)
    set_VCOMH                                0x08014615   Thumb Code    18  oled.o(i.set_VCOMH)
    i.set_addressing_mode                    0x08014626   Section        0  oled.o(i.set_addressing_mode)
    set_addressing_mode                      0x08014627   Thumb Code    18  oled.o(i.set_addressing_mode)
    i.set_command_lock                       0x08014638   Section        0  oled.o(i.set_command_lock)
    set_command_lock                         0x08014639   Thumb Code    18  oled.o(i.set_command_lock)
    i.set_common_config                      0x0801464a   Section        0  oled.o(i.set_common_config)
    set_common_config                        0x0801464b   Thumb Code    18  oled.o(i.set_common_config)
    i.set_common_remap                       0x0801465c   Section        0  oled.o(i.set_common_remap)
    set_common_remap                         0x0801465d   Thumb Code    12  oled.o(i.set_common_remap)
    i.set_contrast_control                   0x08014668   Section        0  oled.o(i.set_contrast_control)
    set_contrast_control                     0x08014669   Thumb Code    18  oled.o(i.set_contrast_control)
    i.set_display_clock                      0x0801467a   Section        0  oled.o(i.set_display_clock)
    set_display_clock                        0x0801467b   Thumb Code    18  oled.o(i.set_display_clock)
    i.set_display_offset                     0x0801468c   Section        0  oled.o(i.set_display_offset)
    set_display_offset                       0x0801468d   Thumb Code    18  oled.o(i.set_display_offset)
    i.set_display_on_off                     0x0801469e   Section        0  oled.o(i.set_display_on_off)
    set_display_on_off                       0x0801469f   Thumb Code    12  oled.o(i.set_display_on_off)
    i.set_entire_display                     0x080146aa   Section        0  oled.o(i.set_entire_display)
    set_entire_display                       0x080146ab   Thumb Code    12  oled.o(i.set_entire_display)
    i.set_inverse_display                    0x080146b6   Section        0  oled.o(i.set_inverse_display)
    set_inverse_display                      0x080146b7   Thumb Code    12  oled.o(i.set_inverse_display)
    i.set_low_power                          0x080146c2   Section        0  oled.o(i.set_low_power)
    set_low_power                            0x080146c3   Thumb Code    18  oled.o(i.set_low_power)
    i.set_multiplex_ratio                    0x080146d4   Section        0  oled.o(i.set_multiplex_ratio)
    set_multiplex_ratio                      0x080146d5   Thumb Code    18  oled.o(i.set_multiplex_ratio)
    i.set_precharge_period                   0x080146e6   Section        0  oled.o(i.set_precharge_period)
    set_precharge_period                     0x080146e7   Thumb Code    18  oled.o(i.set_precharge_period)
    i.set_segment_remap                      0x080146f8   Section        0  oled.o(i.set_segment_remap)
    set_segment_remap                        0x080146f9   Thumb Code    12  oled.o(i.set_segment_remap)
    i.set_start_column                       0x08014704   Section        0  oled.o(i.set_start_column)
    set_start_column                         0x08014705   Thumb Code    44  oled.o(i.set_start_column)
    i.set_start_line                         0x08014730   Section        0  oled.o(i.set_start_line)
    set_start_line                           0x08014731   Thumb Code    14  oled.o(i.set_start_line)
    i.set_start_page                         0x0801473e   Section        0  oled.o(i.set_start_page)
    set_start_page                           0x0801473f   Thumb Code    14  oled.o(i.set_start_page)
    i.show_font57                            0x0801474c   Section        0  oled.o(i.show_font57)
    i.show_string                            0x080147fc   Section        0  oled.o(i.show_string)
    i.sys_init                               0x08014838   Section        0  common_init.o(i.sys_init)
    i.sys_update                             0x080148a6   Section        0  main.o(i.sys_update)
    sys_update                               0x080148a7   Thumb Code    36  main.o(i.sys_update)
    i.uart4_clean_buf                        0x080148cc   Section        0  usart.o(i.uart4_clean_buf)
    i.uart4_init                             0x080148e8   Section        0  usart.o(i.uart4_init)
    i.update_fan_speed                       0x080149d8   Section        0  fan.o(i.update_fan_speed)
    i.update_led                             0x08014a80   Section        0  led.o(i.update_led)
    .constdata                               0x08014ae8   Section       91  usart.o(.constdata)
    __FUNCTION__                             0x08014ae8   Data          18  usart.o(.constdata)
    __FUNCTION__                             0x08014afa   Data          20  usart.o(.constdata)
    __FUNCTION__                             0x08014b0e   Data          19  usart.o(.constdata)
    __FUNCTION__                             0x08014b21   Data          18  usart.o(.constdata)
    __FUNCTION__                             0x08014b33   Data          16  usart.o(.constdata)
    .data                                    0x20000000   Section       40  gpio.o(.data)
    .data                                    0x20000028   Section        8  lm75.o(.data)
    .data                                    0x20000030   Section        2  myiic.o(.data)
    RxCount                                  0x20000030   Data           1  myiic.o(.data)
    RxReg                                    0x20000031   Data           1  myiic.o(.data)
    .data                                    0x20000032   Section        2  process.o(.data)
    g_recvDataErr                            0x20000032   Data           1  process.o(.data)
    .data                                    0x20000034   Section       40  timer.o(.data)
    .data                                    0x2000005c   Section       10  usart.o(.data)
    USART1_RX_FLAG                           0x2000005c   Data           1  usart.o(.data)
    USART3_RX_FLAG                           0x2000005d   Data           1  usart.o(.data)
    USART4_RX_FLAG                           0x2000005e   Data           1  usart.o(.data)
    USART5_RX_FLAG                           0x2000005f   Data           1  usart.o(.data)
    USART3_RX_CNT                            0x20000060   Data           2  usart.o(.data)
    USART4_RX_CNT                            0x20000062   Data           2  usart.o(.data)
    USART5_RX_CNT                            0x20000064   Data           2  usart.o(.data)
    .data                                    0x20000066   Section        1  wdg.o(.data)
    .data                                    0x20000068   Section       57  ir.o(.data)
    keyCnt                                   0x200000a0   Data           1  ir.o(.data)
    .data                                    0x200000a4   Section       12  fan.o(.data)
    fan_start_time                           0x200000a4   Data           4  fan.o(.data)
    fan_auto_ctrl                            0x200000a8   Data           4  fan.o(.data)
    fan_flag                                 0x200000ac   Data           4  fan.o(.data)
    .data                                    0x200000b0   Section       44  led.o(.data)
    .data                                    0x200000dc   Section     3246  oled.o(.data)
    sta                                      0x20000d7a   Data          16  oled.o(.data)
    .data                                    0x20000d8a   Section       20  stm32f10x_rcc.o(.data)
    APBAHBPrescTable                         0x20000d8a   Data          16  stm32f10x_rcc.o(.data)
    ADCPrescTable                            0x20000d9a   Data           4  stm32f10x_rcc.o(.data)
    .data                                    0x20000da0   Section       20  system_stm32f10x.o(.data)
    .data                                    0x20000db4   Section        6  debug_usart.o(.data)
    .data                                    0x20000dba   Section        4  delay.o(.data)
    fac_us                                   0x20000dba   Data           1  delay.o(.data)
    fac_ms                                   0x20000dbc   Data           2  delay.o(.data)
    .bss                                     0x20000dc0   Section      189  myiic.o(.bss)
    .bss                                     0x20000e7e   Section       48  process.o(.bss)
    stUartCMD                                0x20000e7e   Data          24  process.o(.bss)
    stResCMD                                 0x20000e96   Data          24  process.o(.bss)
    .bss                                     0x20000eae   Section       96  usart.o(.bss)
    USART1_RX_BUF                            0x20000eae   Data          24  usart.o(.bss)
    USART3_RX_BUF                            0x20000ec6   Data          24  usart.o(.bss)
    USART4_RX_BUF                            0x20000ede   Data          24  usart.o(.bss)
    USART5_RX_BUF                            0x20000ef6   Data          24  usart.o(.bss)
    .bss                                     0x20000f0e   Section      200  debug_usart.o(.bss)
    STACK                                    0x20000fd8   Section     1024  startup_stm32f10x_hd.o(STACK)

    Global Symbols

    Symbol Name                              Value     Ov Type        Size  Object(Section)

    BuildAttributes$$THM_ISAv4$P$D$K$B$S$PE$A:L22UL41UL21$X:L11$S22US41US21$IEEE1$IW$USESV6$~STKCKD$USESV7$~SHL$OTIME$ROPI$EBA8$MICROLIB$REQ8$PRES8$EABIv2 0x00000000   Number         0  anon$$obj.o ABSOLUTE
    __ARM_use_no_argv                        0x00000000   Number         0  main.o ABSOLUTE
    __use_no_errno                           0x00000000   Number         0  useno.o ABSOLUTE
    __use_no_exception_handling              0x00000000   Number         0  useno.o ABSOLUTE
    __use_no_fp                              0x00000000   Number         0  useno.o ABSOLUTE
    __use_no_heap                            0x00000000   Number         0  useno.o ABSOLUTE
    __use_no_heap_region                     0x00000000   Number         0  useno.o ABSOLUTE
    __use_no_semihosting                     0x00000000   Number         0  useno.o ABSOLUTE
    __use_no_semihosting_swi                 0x00000000   Number         0  useno.o ABSOLUTE
    __use_no_signal_handling                 0x00000000   Number         0  useno.o ABSOLUTE
    _printf_a                                0x00000000   Number         0  stubs.o ABSOLUTE
    _printf_c                                0x00000000   Number         0  stubs.o ABSOLUTE
    _printf_charcount                        0x00000000   Number         0  stubs.o ABSOLUTE
    _printf_d                                0x00000000   Number         0  stubs.o ABSOLUTE
    _printf_e                                0x00000000   Number         0  stubs.o ABSOLUTE
    _printf_f                                0x00000000   Number         0  stubs.o ABSOLUTE
    _printf_flags                            0x00000000   Number         0  stubs.o ABSOLUTE
    _printf_fp_dec                           0x00000000   Number         0  stubs.o ABSOLUTE
    _printf_fp_hex                           0x00000000   Number         0  stubs.o ABSOLUTE
    _printf_g                                0x00000000   Number         0  stubs.o ABSOLUTE
    _printf_i                                0x00000000   Number         0  stubs.o ABSOLUTE
    _printf_int_dec                          0x00000000   Number         0  stubs.o ABSOLUTE
    _printf_l                                0x00000000   Number         0  stubs.o ABSOLUTE
    _printf_lc                               0x00000000   Number         0  stubs.o ABSOLUTE
    _printf_ll                               0x00000000   Number         0  stubs.o ABSOLUTE
    _printf_lld                              0x00000000   Number         0  stubs.o ABSOLUTE
    _printf_lli                              0x00000000   Number         0  stubs.o ABSOLUTE
    _printf_llo                              0x00000000   Number         0  stubs.o ABSOLUTE
    _printf_llu                              0x00000000   Number         0  stubs.o ABSOLUTE
    _printf_llx                              0x00000000   Number         0  stubs.o ABSOLUTE
    _printf_longlong_dec                     0x00000000   Number         0  stubs.o ABSOLUTE
    _printf_longlong_hex                     0x00000000   Number         0  stubs.o ABSOLUTE
    _printf_longlong_oct                     0x00000000   Number         0  stubs.o ABSOLUTE
    _printf_ls                               0x00000000   Number         0  stubs.o ABSOLUTE
    _printf_mbtowc                           0x00000000   Number         0  stubs.o ABSOLUTE
    _printf_n                                0x00000000   Number         0  stubs.o ABSOLUTE
    _printf_o                                0x00000000   Number         0  stubs.o ABSOLUTE
    _printf_p                                0x00000000   Number         0  stubs.o ABSOLUTE
    _printf_percent                          0x00000000   Number         0  stubs.o ABSOLUTE
    _printf_pre_padding                      0x00000000   Number         0  stubs.o ABSOLUTE
    _printf_return_value                     0x00000000   Number         0  stubs.o ABSOLUTE
    _printf_s                                0x00000000   Number         0  stubs.o ABSOLUTE
    _printf_sizespec                         0x00000000   Number         0  stubs.o ABSOLUTE
    _printf_str                              0x00000000   Number         0  stubs.o ABSOLUTE
    _printf_truncate_signed                  0x00000000   Number         0  stubs.o ABSOLUTE
    _printf_truncate_unsigned                0x00000000   Number         0  stubs.o ABSOLUTE
    _printf_u                                0x00000000   Number         0  stubs.o ABSOLUTE
    _printf_wc                               0x00000000   Number         0  stubs.o ABSOLUTE
    _printf_wctomb                           0x00000000   Number         0  stubs.o ABSOLUTE
    _printf_widthprec                        0x00000000   Number         0  stubs.o ABSOLUTE
    _printf_x                                0x00000000   Number         0  stubs.o ABSOLUTE
    __cpp_initialize__aeabi_                  - Undefined Weak Reference
    __cxa_finalize                            - Undefined Weak Reference
    _clock_init                               - Undefined Weak Reference
    _microlib_exit                            - Undefined Weak Reference
    __Vectors_Size                           0x00000130   Number         0  startup_stm32f10x_hd.o ABSOLUTE
    __Vectors                                0x08010000   Data           4  startup_stm32f10x_hd.o(RESET)
    __Vectors_End                            0x08010130   Data           0  startup_stm32f10x_hd.o(RESET)
    __main                                   0x08010131   Thumb Code     0  entry.o(.ARM.Collect$$$$00000000)
    _main_stk                                0x08010131   Thumb Code     0  entry2.o(.ARM.Collect$$$$00000001)
    _main_scatterload                        0x08010135   Thumb Code     0  entry5.o(.ARM.Collect$$$$00000004)
    __main_after_scatterload                 0x08010139   Thumb Code     0  entry5.o(.ARM.Collect$$$$00000004)
    _main_clock                              0x08010139   Thumb Code     0  entry7b.o(.ARM.Collect$$$$00000008)
    _main_cpp_init                           0x08010139   Thumb Code     0  entry8b.o(.ARM.Collect$$$$0000000A)
    _main_init                               0x08010139   Thumb Code     0  entry9a.o(.ARM.Collect$$$$0000000B)
    __rt_final_cpp                           0x08010141   Thumb Code     0  entry10a.o(.ARM.Collect$$$$0000000D)
    __rt_final_exit                          0x08010141   Thumb Code     0  entry11a.o(.ARM.Collect$$$$0000000F)
    Reset_Handler                            0x08010145   Thumb Code     8  startup_stm32f10x_hd.o(.text)
    ADC1_2_IRQHandler                        0x0801015f   Thumb Code     0  startup_stm32f10x_hd.o(.text)
    ADC3_IRQHandler                          0x0801015f   Thumb Code     0  startup_stm32f10x_hd.o(.text)
    CAN1_RX1_IRQHandler                      0x0801015f   Thumb Code     0  startup_stm32f10x_hd.o(.text)
    CAN1_SCE_IRQHandler                      0x0801015f   Thumb Code     0  startup_stm32f10x_hd.o(.text)
    DMA1_Channel1_IRQHandler                 0x0801015f   Thumb Code     0  startup_stm32f10x_hd.o(.text)
    DMA1_Channel2_IRQHandler                 0x0801015f   Thumb Code     0  startup_stm32f10x_hd.o(.text)
    DMA1_Channel3_IRQHandler                 0x0801015f   Thumb Code     0  startup_stm32f10x_hd.o(.text)
    DMA1_Channel4_IRQHandler                 0x0801015f   Thumb Code     0  startup_stm32f10x_hd.o(.text)
    DMA1_Channel5_IRQHandler                 0x0801015f   Thumb Code     0  startup_stm32f10x_hd.o(.text)
    DMA1_Channel6_IRQHandler                 0x0801015f   Thumb Code     0  startup_stm32f10x_hd.o(.text)
    DMA1_Channel7_IRQHandler                 0x0801015f   Thumb Code     0  startup_stm32f10x_hd.o(.text)
    DMA2_Channel1_IRQHandler                 0x0801015f   Thumb Code     0  startup_stm32f10x_hd.o(.text)
    DMA2_Channel2_IRQHandler                 0x0801015f   Thumb Code     0  startup_stm32f10x_hd.o(.text)
    DMA2_Channel3_IRQHandler                 0x0801015f   Thumb Code     0  startup_stm32f10x_hd.o(.text)
    DMA2_Channel4_5_IRQHandler               0x0801015f   Thumb Code     0  startup_stm32f10x_hd.o(.text)
    EXTI0_IRQHandler                         0x0801015f   Thumb Code     0  startup_stm32f10x_hd.o(.text)
    EXTI1_IRQHandler                         0x0801015f   Thumb Code     0  startup_stm32f10x_hd.o(.text)
    EXTI2_IRQHandler                         0x0801015f   Thumb Code     0  startup_stm32f10x_hd.o(.text)
    FLASH_IRQHandler                         0x0801015f   Thumb Code     0  startup_stm32f10x_hd.o(.text)
    FSMC_IRQHandler                          0x0801015f   Thumb Code     0  startup_stm32f10x_hd.o(.text)
    I2C1_ER_IRQHandler                       0x0801015f   Thumb Code     0  startup_stm32f10x_hd.o(.text)
    I2C1_EV_IRQHandler                       0x0801015f   Thumb Code     0  startup_stm32f10x_hd.o(.text)
    PVD_IRQHandler                           0x0801015f   Thumb Code     0  startup_stm32f10x_hd.o(.text)
    RCC_IRQHandler                           0x0801015f   Thumb Code     0  startup_stm32f10x_hd.o(.text)
    RTCAlarm_IRQHandler                      0x0801015f   Thumb Code     0  startup_stm32f10x_hd.o(.text)
    RTC_IRQHandler                           0x0801015f   Thumb Code     0  startup_stm32f10x_hd.o(.text)
    SDIO_IRQHandler                          0x0801015f   Thumb Code     0  startup_stm32f10x_hd.o(.text)
    SPI1_IRQHandler                          0x0801015f   Thumb Code     0  startup_stm32f10x_hd.o(.text)
    SPI2_IRQHandler                          0x0801015f   Thumb Code     0  startup_stm32f10x_hd.o(.text)
    SPI3_IRQHandler                          0x0801015f   Thumb Code     0  startup_stm32f10x_hd.o(.text)
    TAMPER_IRQHandler                        0x0801015f   Thumb Code     0  startup_stm32f10x_hd.o(.text)
    TIM1_BRK_IRQHandler                      0x0801015f   Thumb Code     0  startup_stm32f10x_hd.o(.text)
    TIM1_CC_IRQHandler                       0x0801015f   Thumb Code     0  startup_stm32f10x_hd.o(.text)
    TIM1_TRG_COM_IRQHandler                  0x0801015f   Thumb Code     0  startup_stm32f10x_hd.o(.text)
    TIM1_UP_IRQHandler                       0x0801015f   Thumb Code     0  startup_stm32f10x_hd.o(.text)
    TIM5_IRQHandler                          0x0801015f   Thumb Code     0  startup_stm32f10x_hd.o(.text)
    TIM6_IRQHandler                          0x0801015f   Thumb Code     0  startup_stm32f10x_hd.o(.text)
    TIM7_IRQHandler                          0x0801015f   Thumb Code     0  startup_stm32f10x_hd.o(.text)
    TIM8_BRK_IRQHandler                      0x0801015f   Thumb Code     0  startup_stm32f10x_hd.o(.text)
    TIM8_CC_IRQHandler                       0x0801015f   Thumb Code     0  startup_stm32f10x_hd.o(.text)
    TIM8_TRG_COM_IRQHandler                  0x0801015f   Thumb Code     0  startup_stm32f10x_hd.o(.text)
    TIM8_UP_IRQHandler                       0x0801015f   Thumb Code     0  startup_stm32f10x_hd.o(.text)
    USART2_IRQHandler                        0x0801015f   Thumb Code     0  startup_stm32f10x_hd.o(.text)
    USBWakeUp_IRQHandler                     0x0801015f   Thumb Code     0  startup_stm32f10x_hd.o(.text)
    USB_HP_CAN1_TX_IRQHandler                0x0801015f   Thumb Code     0  startup_stm32f10x_hd.o(.text)
    USB_LP_CAN1_RX0_IRQHandler               0x0801015f   Thumb Code     0  startup_stm32f10x_hd.o(.text)
    __aeabi_memcpy                           0x08010169   Thumb Code    36  memcpya.o(.text)
    __aeabi_memcpy4                          0x08010169   Thumb Code     0  memcpya.o(.text)
    __aeabi_memcpy8                          0x08010169   Thumb Code     0  memcpya.o(.text)
    __aeabi_memset                           0x0801018d   Thumb Code    14  memseta.o(.text)
    __aeabi_memset4                          0x0801018d   Thumb Code     0  memseta.o(.text)
    __aeabi_memset8                          0x0801018d   Thumb Code     0  memseta.o(.text)
    __aeabi_memclr                           0x0801019b   Thumb Code     4  memseta.o(.text)
    __aeabi_memclr4                          0x0801019b   Thumb Code     0  memseta.o(.text)
    __aeabi_memclr8                          0x0801019b   Thumb Code     0  memseta.o(.text)
    _memset$wrapper                          0x0801019f   Thumb Code    18  memseta.o(.text)
    __aeabi_fadd                             0x080101b1   Thumb Code   164  fadd.o(.text)
    __aeabi_fsub                             0x08010255   Thumb Code     6  fadd.o(.text)
    __aeabi_frsub                            0x0801025b   Thumb Code     6  fadd.o(.text)
    __aeabi_fmul                             0x08010261   Thumb Code   100  fmul.o(.text)
    __aeabi_fdiv                             0x080102c5   Thumb Code   124  fdiv.o(.text)
    __aeabi_ui2f                             0x08010341   Thumb Code    10  ffltui.o(.text)
    __aeabi_f2uiz                            0x0801034b   Thumb Code    40  ffixui.o(.text)
    __aeabi_uldivmod                         0x08010373   Thumb Code    98  uldiv.o(.text)
    __I$use$fp                               0x080103d5   Thumb Code     0  iusefp.o(.text)
    _float_round                             0x080103d5   Thumb Code    18  fepilogue.o(.text)
    _float_epilogue                          0x080103e7   Thumb Code    92  fepilogue.o(.text)
    __scatterload                            0x08010445   Thumb Code    28  init.o(.text)
    __scatterload_rt2                        0x08010445   Thumb Code     0  init.o(.text)
    __aeabi_llsl                             0x08010469   Thumb Code    30  llshl.o(.text)
    _ll_shift_l                              0x08010469   Thumb Code     0  llshl.o(.text)
    __aeabi_llsr                             0x08010487   Thumb Code    32  llushr.o(.text)
    _ll_ushift_r                             0x08010487   Thumb Code     0  llushr.o(.text)
    __decompress                             0x080104a7   Thumb Code     0  __dczerorl2.o(.text)
    __decompress1                            0x080104a7   Thumb Code    86  __dczerorl2.o(.text)
    BusFault_Handler                         0x080104fd   Thumb Code     4  stm32f10x_it.o(i.BusFault_Handler)
    DebugMon_Handler                         0x08010501   Thumb Code     2  stm32f10x_it.o(i.DebugMon_Handler)
    EXTI15_10_IRQHandler                     0x08010505   Thumb Code   102  ir.o(i.EXTI15_10_IRQHandler)
    EXTI3_IRQHandler                         0x08010579   Thumb Code    18  irq_handler.o(i.EXTI3_IRQHandler)
    EXTI4_IRQHandler                         0x0801058d   Thumb Code   134  ir.o(i.EXTI4_IRQHandler)
    EXTI9_5_IRQHandler                       0x08010621   Thumb Code   394  ir.o(i.EXTI9_5_IRQHandler)
    EXTI_ClearITPendingBit                   0x080107b9   Thumb Code     6  stm32f10x_exti.o(i.EXTI_ClearITPendingBit)
    EXTI_GetITStatus                         0x080107c5   Thumb Code    34  stm32f10x_exti.o(i.EXTI_GetITStatus)
    EXTI_Init                                0x080107ed   Thumb Code   142  stm32f10x_exti.o(i.EXTI_Init)
    GPIO_EXTILineConfig                      0x08010881   Thumb Code    60  stm32f10x_gpio.o(i.GPIO_EXTILineConfig)
    GPIO_Init                                0x080108c1   Thumb Code   278  stm32f10x_gpio.o(i.GPIO_Init)
    GPIO_PinRemapConfig                      0x080109d9   Thumb Code   138  stm32f10x_gpio.o(i.GPIO_PinRemapConfig)
    GPIO_ReadInputDataBit                    0x08010a69   Thumb Code    18  stm32f10x_gpio.o(i.GPIO_ReadInputDataBit)
    GPIO_ReadOutputDataBit                   0x08010a7b   Thumb Code    18  stm32f10x_gpio.o(i.GPIO_ReadOutputDataBit)
    GPIO_ResetBits                           0x08010a8d   Thumb Code     4  stm32f10x_gpio.o(i.GPIO_ResetBits)
    GPIO_SetBits                             0x08010a91   Thumb Code     4  stm32f10x_gpio.o(i.GPIO_SetBits)
    HardFault_Handler                        0x08010a95   Thumb Code     4  stm32f10x_it.o(i.HardFault_Handler)
    I2C2_ER_IRQHandler                       0x08010a99   Thumb Code   134  myiic.o(i.I2C2_ER_IRQHandler)
    I2C2_EV_IRQHandler                       0x08010b25   Thumb Code   194  myiic.o(i.I2C2_EV_IRQHandler)
    I2C_Cmd                                  0x08010bf9   Thumb Code    24  stm32f10x_i2c.o(i.I2C_Cmd)
    I2C_DeInit                               0x08010c11   Thumb Code    50  stm32f10x_i2c.o(i.I2C_DeInit)
    I2C_ITConfig                             0x08010c49   Thumb Code    18  stm32f10x_i2c.o(i.I2C_ITConfig)
    I2C_Init                                 0x08010c5d   Thumb Code   222  stm32f10x_i2c.o(i.I2C_Init)
    IIC_Ack                                  0x08010d49   Thumb Code    56  myiic.o(i.IIC_Ack)
    IIC_NAck                                 0x08010d81   Thumb Code    56  myiic.o(i.IIC_NAck)
    IIC_ReadByte                             0x08010db9   Thumb Code    96  myiic.o(i.IIC_ReadByte)
    IIC_SCL                                  0x08010e19   Thumb Code     8  myiic.o(i.IIC_SCL)
    IIC_SDA                                  0x08010e25   Thumb Code     8  myiic.o(i.IIC_SDA)
    IIC_SendByte                             0x08010e31   Thumb Code    94  myiic.o(i.IIC_SendByte)
    IIC_Start                                0x08010e8f   Thumb Code    56  myiic.o(i.IIC_Start)
    IIC_Stop                                 0x08010ec7   Thumb Code    56  myiic.o(i.IIC_Stop)
    IIC_WaitAck                              0x08010eff   Thumb Code    74  myiic.o(i.IIC_WaitAck)
    IWDG_Enable                              0x08010f49   Thumb Code    10  stm32f10x_iwdg.o(i.IWDG_Enable)
    IWDG_Feed                                0x08010f59   Thumb Code     8  wdg.o(i.IWDG_Feed)
    IWDG_Init                                0x08010f61   Thumb Code    44  wdg.o(i.IWDG_Init)
    IWDG_ReloadCounter                       0x08010f95   Thumb Code    10  stm32f10x_iwdg.o(i.IWDG_ReloadCounter)
    IWDG_SetPrescaler                        0x08010fa5   Thumb Code     6  stm32f10x_iwdg.o(i.IWDG_SetPrescaler)
    IWDG_SetReload                           0x08010fb1   Thumb Code     6  stm32f10x_iwdg.o(i.IWDG_SetReload)
    IWDG_WriteAccessCmd                      0x08010fbd   Thumb Code     6  stm32f10x_iwdg.o(i.IWDG_WriteAccessCmd)
    Ir_Deal                                  0x08010fc9   Thumb Code   158  ir.o(i.Ir_Deal)
    MY_NVIC_Init                             0x08011081   Thumb Code   154  sys.o(i.MY_NVIC_Init)
    MemManage_Handler                        0x08011125   Thumb Code     4  stm32f10x_it.o(i.MemManage_Handler)
    NMI_Handler                              0x08011129   Thumb Code     2  stm32f10x_it.o(i.NMI_Handler)
    NVIC_Init                                0x0801114d   Thumb Code   100  misc.o(i.NVIC_Init)
    NVIC_PriorityGroupConfig                 0x080111bd   Thumb Code    10  misc.o(i.NVIC_PriorityGroupConfig)
    PendSV_Handler                           0x080111d1   Thumb Code     2  stm32f10x_it.o(i.PendSV_Handler)
    Proc_setVer                              0x0801133d   Thumb Code    12  process.o(i.Proc_setVer)
    RCC_APB1PeriphClockCmd                   0x0801134d   Thumb Code    26  stm32f10x_rcc.o(i.RCC_APB1PeriphClockCmd)
    RCC_APB1PeriphResetCmd                   0x0801136d   Thumb Code    26  stm32f10x_rcc.o(i.RCC_APB1PeriphResetCmd)
    RCC_APB2PeriphClockCmd                   0x0801138d   Thumb Code    26  stm32f10x_rcc.o(i.RCC_APB2PeriphClockCmd)
    RCC_APB2PeriphResetCmd                   0x080113ad   Thumb Code    26  stm32f10x_rcc.o(i.RCC_APB2PeriphResetCmd)
    RCC_GetClocksFreq                        0x080113e9   Thumb Code   192  stm32f10x_rcc.o(i.RCC_GetClocksFreq)
    READ_SDA                                 0x080114bd   Thumb Code    16  myiic.o(i.READ_SDA)
    SDA_IN                                   0x080114d1   Thumb Code    26  myiic.o(i.SDA_IN)
    SDA_OUT                                  0x080114f1   Thumb Code    26  myiic.o(i.SDA_OUT)
    SVC_Handler                              0x08011511   Thumb Code     2  stm32f10x_it.o(i.SVC_Handler)
    SysTick_CLKSourceConfig                  0x080115fd   Thumb Code    40  misc.o(i.SysTick_CLKSourceConfig)
    SysTick_Handler                          0x08011625   Thumb Code     2  stm32f10x_it.o(i.SysTick_Handler)
    SystemInit                               0x08011629   Thumb Code    76  system_stm32f10x.o(i.SystemInit)
    TIM2_IRQHandler                          0x08011689   Thumb Code   190  ir.o(i.TIM2_IRQHandler)
    TIM3_IRQHandler                          0x08011765   Thumb Code   134  timer.o(i.TIM3_IRQHandler)
    TIM3_Int_Init                            0x08011801   Thumb Code    98  timer.o(i.TIM3_Int_Init)
    TIM4_Breathing_Init                      0x08011869   Thumb Code    12  timer.o(i.TIM4_Breathing_Init)
    TIM4_IRQHandler                          0x080118a1   Thumb Code   252  timer.o(i.TIM4_IRQHandler)
    TIM_ARRPreloadConfig                     0x08011a59   Thumb Code    24  stm32f10x_tim.o(i.TIM_ARRPreloadConfig)
    TIM_ClearFlag                            0x08011a71   Thumb Code     6  stm32f10x_tim.o(i.TIM_ClearFlag)
    TIM_ClearITPendingBit                    0x08011a77   Thumb Code     6  stm32f10x_tim.o(i.TIM_ClearITPendingBit)
    TIM_Cmd                                  0x08011a7d   Thumb Code    24  stm32f10x_tim.o(i.TIM_Cmd)
    TIM_CtrlPWMOutputs                       0x08011a95   Thumb Code    30  stm32f10x_tim.o(i.TIM_CtrlPWMOutputs)
    TIM_GetITStatus                          0x08011ab3   Thumb Code    34  stm32f10x_tim.o(i.TIM_GetITStatus)
    TIM_ITConfig                             0x08011ad5   Thumb Code    18  stm32f10x_tim.o(i.TIM_ITConfig)
    TIM_OC2Init                              0x08011ae9   Thumb Code   154  stm32f10x_tim.o(i.TIM_OC2Init)
    TIM_OC2PreloadConfig                     0x08011b8d   Thumb Code    26  stm32f10x_tim.o(i.TIM_OC2PreloadConfig)
    TIM_OC3Init                              0x08011ba9   Thumb Code   150  stm32f10x_tim.o(i.TIM_OC3Init)
    TIM_OC3PreloadConfig                     0x08011c49   Thumb Code    18  stm32f10x_tim.o(i.TIM_OC3PreloadConfig)
    TIM_OC4Init                              0x08011c5d   Thumb Code   114  stm32f10x_tim.o(i.TIM_OC4Init)
    TIM_OC4PreloadConfig                     0x08011cd9   Thumb Code    26  stm32f10x_tim.o(i.TIM_OC4PreloadConfig)
    TIM_SetCompare2                          0x08011cf3   Thumb Code     4  stm32f10x_tim.o(i.TIM_SetCompare2)
    TIM_TimeBaseInit                         0x08011cf9   Thumb Code   122  stm32f10x_tim.o(i.TIM_TimeBaseInit)
    UART4_IRQHandler                         0x08011d9d   Thumb Code    70  usart.o(i.UART4_IRQHandler)
    UART5_IRQHandler                         0x08011df5   Thumb Code    70  usart.o(i.UART5_IRQHandler)
    USART1_IRQHandler                        0x08011e4d   Thumb Code   128  debug_usart.o(i.USART1_IRQHandler)
    USART3_IRQHandler                        0x08011ee5   Thumb Code    70  usart.o(i.USART3_IRQHandler)
    USART_ClearFlag                          0x08011f3d   Thumb Code    18  stm32f10x_usart.o(i.USART_ClearFlag)
    USART_ClearITPendingBit                  0x08011f4f   Thumb Code    30  stm32f10x_usart.o(i.USART_ClearITPendingBit)
    USART_Cmd                                0x08011f6d   Thumb Code    24  stm32f10x_usart.o(i.USART_Cmd)
    USART_DeInit                             0x08011f85   Thumb Code   134  stm32f10x_usart.o(i.USART_DeInit)
    USART_GetFlagStatus                      0x08012021   Thumb Code    26  stm32f10x_usart.o(i.USART_GetFlagStatus)
    USART_GetITStatus                        0x0801203b   Thumb Code    84  stm32f10x_usart.o(i.USART_GetITStatus)
    USART_ITConfig                           0x0801208f   Thumb Code    74  stm32f10x_usart.o(i.USART_ITConfig)
    USART_Init                               0x080120d9   Thumb Code   210  stm32f10x_usart.o(i.USART_Init)
    USART_ReceiveData                        0x080121b1   Thumb Code    10  stm32f10x_usart.o(i.USART_ReceiveData)
    USART_SendData                           0x080121bb   Thumb Code     8  stm32f10x_usart.o(i.USART_SendData)
    USART_SendString                         0x080121c3   Thumb Code    54  stm32f10x_usart.o(i.USART_SendString)
    USART_WriteData                          0x080121f9   Thumb Code    90  usart.o(i.USART_WriteData)
    USART_clearRecvFlag                      0x0801229d   Thumb Code    56  usart.o(i.USART_clearRecvFlag)
    USART_clearRecvLen                       0x08012319   Thumb Code    56  usart.o(i.USART_clearRecvLen)
    USART_getRecvData                        0x08012395   Thumb Code    70  usart.o(i.USART_getRecvData)
    USART_getRecvFlag                        0x08012421   Thumb Code    58  usart.o(i.USART_getRecvFlag)
    UsageFault_Handler                       0x080124b5   Thumb Code     4  stm32f10x_it.o(i.UsageFault_Handler)
    WWDG_ClearFlag                           0x080124b9   Thumb Code     8  stm32f10x_wwdg.o(i.WWDG_ClearFlag)
    WWDG_Enable                              0x080124c5   Thumb Code    10  stm32f10x_wwdg.o(i.WWDG_Enable)
    WWDG_EnableIT                            0x080124d5   Thumb Code     8  stm32f10x_wwdg.o(i.WWDG_EnableIT)
    WWDG_IRQHandler                          0x080124e1   Thumb Code    16  wdg.o(i.WWDG_IRQHandler)
    WWDG_Init                                0x080124f5   Thumb Code    52  wdg.o(i.WWDG_Init)
    WWDG_NVIC_Init                           0x0801252d   Thumb Code    34  wdg.o(i.WWDG_NVIC_Init)
    WWDG_SetCounter                          0x08012551   Thumb Code    10  stm32f10x_wwdg.o(i.WWDG_SetCounter)
    WWDG_SetPrescaler                        0x08012561   Thumb Code    18  stm32f10x_wwdg.o(i.WWDG_SetPrescaler)
    WWDG_SetWindowValue                      0x08012579   Thumb Code    34  stm32f10x_wwdg.o(i.WWDG_SetWindowValue)
    __0printf$8                              0x080125a1   Thumb Code    22  printf8.o(i.__0printf$8)
    __1printf$8                              0x080125a1   Thumb Code     0  printf8.o(i.__0printf$8)
    __2printf                                0x080125a1   Thumb Code     0  printf8.o(i.__0printf$8)
    __scatterload_copy                       0x080125c1   Thumb Code    14  handlers.o(i.__scatterload_copy)
    __scatterload_null                       0x080125cf   Thumb Code     2  handlers.o(i.__scatterload_null)
    __scatterload_zeroinit                   0x080125d1   Thumb Code    14  handlers.o(i.__scatterload_zeroinit)
    clean_uart_buf                           0x08012aa9   Thumb Code    38  gpio.o(i.clean_uart_buf)
    cpu_power_init                           0x08012add   Thumb Code   170  gpio.o(i.cpu_power_init)
    delay_init                               0x08012b95   Thumb Code    50  delay.o(i.delay_init)
    delay_ms                                 0x08012bd9   Thumb Code    72  delay.o(i.delay_ms)
    delay_us                                 0x08012c25   Thumb Code    72  delay.o(i.delay_us)
    detect_power_pin                         0x08012e3d   Thumb Code    58  gpio.o(i.detect_power_pin)
    duart_init                               0x08012e85   Thumb Code   148  debug_usart.o(i.duart_init)
    fan_init                                 0x08012f21   Thumb Code   146  fan.o(i.fan_init)
    fan_set_speed                            0x08012fc1   Thumb Code   126  fan.o(i.fan_set_speed)
    fan_setduty                              0x08013049   Thumb Code    14  fan.o(i.fan_setduty)
    fputc                                    0x08013135   Thumb Code    24  debug_usart.o(i.fputc)
    greater_times                            0x08013151   Thumb Code    34  gpio.o(i.greater_times)
    hostBoardProc                            0x08013173   Thumb Code    10  process.o(i.hostBoardProc)
    i2c_init                                 0x08013285   Thumb Code    12  myiic.o(i.i2c_init)
    ir_decode_data                           0x08013291   Thumb Code   116  ir.o(i.ir_decode_data)
    ir_init                                  0x0801343d   Thumb Code    16  ir.o(i.ir_init)
    led_blink_ir                             0x08013751   Thumb Code   130  led.o(i.led_blink_ir)
    led_blink_ir_timer                       0x080137e5   Thumb Code   106  led.o(i.led_blink_ir_timer)
    led_breathing_test                       0x080138d9   Thumb Code   500  led.o(i.led_breathing_test)
    led_ctl                                  0x08013b39   Thumb Code   110  led.o(i.led_ctl)
    led_loop_blink_timer                     0x08013c59   Thumb Code   148  led.o(i.led_loop_blink_timer)
    lm75_check_read_temp                     0x08013d3d   Thumb Code    54  lm75.o(i.lm75_check_read_temp)
    main                                     0x08013dbd   Thumb Code    36  main.o(i.main)
    oled_clear_diplay                        0x08013ded   Thumb Code    10  oled.o(i.oled_clear_diplay)
    oled_initDev                             0x08013ffb   Thumb Code    20  oled.o(i.oled_initDev)
    oled_powerOn                             0x08014011   Thumb Code    34  oled.o(i.oled_powerOn)
    oled_print_logo                          0x08014159   Thumb Code    24  oled.o(i.oled_print_logo)
    oled_update_display                      0x0801426d   Thumb Code   370  oled.o(i.oled_update_display)
    power_on_system                          0x08014495   Thumb Code   100  gpio.o(i.power_on_system)
    pse_reset                                0x08014531   Thumb Code    52  gpio.o(i.pse_reset)
    pwr_control                              0x08014569   Thumb Code   132  gpio.o(i.pwr_control)
    show_font57                              0x0801474d   Thumb Code   164  oled.o(i.show_font57)
    show_string                              0x080147fd   Thumb Code    60  oled.o(i.show_string)
    sys_init                                 0x08014839   Thumb Code   110  common_init.o(i.sys_init)
    uart4_clean_buf                          0x080148cd   Thumb Code    18  usart.o(i.uart4_clean_buf)
    uart4_init                               0x080148e9   Thumb Code   222  usart.o(i.uart4_init)
    update_fan_speed                         0x080149d9   Thumb Code   128  fan.o(i.update_fan_speed)
    update_led                               0x08014a81   Thumb Code    80  led.o(i.update_led)
    Region$$Table$$Base                      0x08014b44   Number         0  anon$$obj.o(Region$$Table)
    Region$$Table$$Limit                     0x08014b64   Number         0  anon$$obj.o(Region$$Table)
    reboot_flag                              0x20000000   Data           4  gpio.o(.data)
    clean_uart_buf_time                      0x20000004   Data           4  gpio.o(.data)
    first_down_flag                          0x20000008   Data           4  gpio.o(.data)
    first_up_flag                            0x2000000c   Data           4  gpio.o(.data)
    first_up_time                            0x20000010   Data           4  gpio.o(.data)
    off_first_down_flag                      0x20000014   Data           4  gpio.o(.data)
    off_first_down_time                      0x20000018   Data           4  gpio.o(.data)
    off_first_up_flag                        0x2000001c   Data           4  gpio.o(.data)
    off_first_up_time                        0x20000020   Data           4  gpio.o(.data)
    power_off_flag                           0x20000024   Data           4  gpio.o(.data)
    temp_start_time                          0x20000028   Data           4  lm75.o(.data)
    temp_flag                                0x2000002c   Data           4  lm75.o(.data)
    g_softVer                                0x20000033   Data           1  process.o(.data)
    s_numOf100us                             0x20000034   Data           4  timer.o(.data)
    s_num                                    0x20000038   Data           4  timer.o(.data)
    s_numof1s                                0x2000003c   Data           4  timer.o(.data)
    tim4_count                               0x20000040   Data           4  timer.o(.data)
    iwdg_count                               0x20000044   Data           4  timer.o(.data)
    ledpwmval                                0x20000048   Data           4  timer.o(.data)
    dir                                      0x2000004c   Data           1  timer.o(.data)
    led_enable_r                             0x20000050   Data           4  timer.o(.data)
    led_enable_b                             0x20000054   Data           4  timer.o(.data)
    led_enable_g                             0x20000058   Data           4  timer.o(.data)
    WWDG_CNT                                 0x20000066   Data           1  wdg.o(.data)
    irSta                                    0x20000068   Data           1  ir.o(.data)
    rmRec                                    0x2000006c   Data           4  ir.o(.data)
    ucTime2Flag                              0x20000070   Data           2  ir.o(.data)
    ucTime1Flag                              0x20000072   Data           2  ir.o(.data)
    sysflag_S                                0x20000074   Data           1  ir.o(.data)
    idx                                      0x20000075   Data           1  ir.o(.data)
    irUsing                                  0x20000076   Data           1  ir.o(.data)
    irq_timecnt                              0x20000078   Data           4  ir.o(.data)
    camera_ir_flag                           0x2000007c   Data           1  ir.o(.data)
    irq_flag                                 0x20000080   Data           4  ir.o(.data)
    camera1_time                             0x20000084   Data           4  ir.o(.data)
    camera2_time                             0x20000088   Data           4  ir.o(.data)
    IR_NOISE_DETECT                          0x2000008c   Data           1  ir.o(.data)
    press_trigger                            0x20000090   Data           4  ir.o(.data)
    press_flag                               0x20000094   Data           4  ir.o(.data)
    short_press_flag                         0x20000098   Data           4  ir.o(.data)
    press_trigger_time                       0x2000009c   Data           4  ir.o(.data)
    led_loop_blink_r                         0x200000b0   Data           4  led.o(.data)
    led_loop_blink_g                         0x200000b4   Data           4  led.o(.data)
    led_loop_blink_b                         0x200000b8   Data           4  led.o(.data)
    led_loop_count_r                         0x200000bc   Data           4  led.o(.data)
    led_loop_count_g                         0x200000c0   Data           4  led.o(.data)
    led_loop_count_b                         0x200000c4   Data           4  led.o(.data)
    led_blink_ir_enable                      0x200000c8   Data           4  led.o(.data)
    led_blink_color                          0x200000cc   Data           4  led.o(.data)
    led_blink_count                          0x200000d0   Data           4  led.o(.data)
    ledpwmval_test                           0x200000d4   Data           4  led.o(.data)
    dir_test                                 0x200000d8   Data           4  led.o(.data)
    ascii_3                                  0x200000dc   Data         832  oled.o(.data)
    ascii_2                                  0x2000041c   Data         416  oled.o(.data)
    ascii_1                                  0x200005bc   Data          55  oled.o(.data)
    uniV                                     0x200005f3   Data         192  oled.o(.data)
    ascii_57_1                               0x200006b3   Data        1200  oled.o(.data)
    ascii_57_2                               0x20000b63   Data         535  oled.o(.data)
    SystemCoreClock                          0x20000da0   Data           4  system_stm32f10x.o(.data)
    AHBPrescTable                            0x20000da4   Data          16  system_stm32f10x.o(.data)
    __stdout                                 0x20000db4   Data           4  debug_usart.o(.data)
    DUSART_RX_STA                            0x20000db8   Data           2  debug_usart.o(.data)
    reg_val                                  0x20000dc0   Data         189  myiic.o(.bss)
    DUSART_RX_BUF                            0x20000f0e   Data         200  debug_usart.o(.bss)
    __initial_sp                             0x200013d8   Data           0  startup_stm32f10x_hd.o(STACK)



==============================================================================

Memory Map of the image

  Image Entry point : 0x08010131

  Load Region LR_IROM1 (Base: 0x08010000, Size: 0x00005924, Max: 0x00040000, ABSOLUTE, COMPRESSED[0x00005538])

    Execution Region ER_IROM1 (Base: 0x08010000, Size: 0x00004b64, Max: 0x00040000, ABSOLUTE)

    Base Addr    Size         Type   Attr      Idx    E Section Name        Object

    0x08010000   0x00000130   Data   RO         5691    RESET               startup_stm32f10x_hd.o
    0x08010130   0x00000000   Code   RO         5917  * .ARM.Collect$$$$00000000  mc_w.l(entry.o)
    0x08010130   0x00000004   Code   RO         6201    .ARM.Collect$$$$00000001  mc_w.l(entry2.o)
    0x08010134   0x00000004   Code   RO         6204    .ARM.Collect$$$$00000004  mc_w.l(entry5.o)
    0x08010138   0x00000000   Code   RO         6206    .ARM.Collect$$$$00000008  mc_w.l(entry7b.o)
    0x08010138   0x00000000   Code   RO         6208    .ARM.Collect$$$$0000000A  mc_w.l(entry8b.o)
    0x08010138   0x00000008   Code   RO         6209    .ARM.Collect$$$$0000000B  mc_w.l(entry9a.o)
    0x08010140   0x00000000   Code   RO         6211    .ARM.Collect$$$$0000000D  mc_w.l(entry10a.o)
    0x08010140   0x00000000   Code   RO         6213    .ARM.Collect$$$$0000000F  mc_w.l(entry11a.o)
    0x08010140   0x00000004   Code   RO         6202    .ARM.Collect$$$$00002712  mc_w.l(entry2.o)
    0x08010144   0x00000024   Code   RO         5692    .text               startup_stm32f10x_hd.o
    0x08010168   0x00000024   Code   RO         5920    .text               mc_w.l(memcpya.o)
    0x0801018c   0x00000024   Code   RO         5922    .text               mc_w.l(memseta.o)
    0x080101b0   0x000000b0   Code   RO         6191    .text               mf_w.l(fadd.o)
    0x08010260   0x00000064   Code   RO         6193    .text               mf_w.l(fmul.o)
    0x080102c4   0x0000007c   Code   RO         6195    .text               mf_w.l(fdiv.o)
    0x08010340   0x0000000a   Code   RO         6197    .text               mf_w.l(ffltui.o)
    0x0801034a   0x00000028   Code   RO         6199    .text               mf_w.l(ffixui.o)
    0x08010372   0x00000062   Code   RO         6217    .text               mc_w.l(uldiv.o)
    0x080103d4   0x00000000   Code   RO         6219    .text               mc_w.l(iusefp.o)
    0x080103d4   0x0000006e   Code   RO         6220    .text               mf_w.l(fepilogue.o)
    0x08010442   0x00000002   PAD
    0x08010444   0x00000024   Code   RO         6232    .text               mc_w.l(init.o)
    0x08010468   0x0000001e   Code   RO         6234    .text               mc_w.l(llshl.o)
    0x08010486   0x00000020   Code   RO         6236    .text               mc_w.l(llushr.o)
    0x080104a6   0x00000056   Code   RO         6250    .text               mc_w.l(__dczerorl2.o)
    0x080104fc   0x00000004   Code   RO          728    i.BusFault_Handler  stm32f10x_it.o
    0x08010500   0x00000002   Code   RO          729    i.DebugMon_Handler  stm32f10x_it.o
    0x08010502   0x00000002   PAD
    0x08010504   0x00000074   Code   RO          974    i.EXTI15_10_IRQHandler  ir.o
    0x08010578   0x00000012   Code   RO         5824    i.EXTI3_IRQHandler  irq_handler.o
    0x0801058a   0x00000002   PAD
    0x0801058c   0x00000094   Code   RO          975    i.EXTI4_IRQHandler  ir.o
    0x08010620   0x00000198   Code   RO          976    i.EXTI9_5_IRQHandler  ir.o
    0x080107b8   0x0000000c   Code   RO         3514    i.EXTI_ClearITPendingBit  stm32f10x_exti.o
    0x080107c4   0x00000028   Code   RO         3518    i.EXTI_GetITStatus  stm32f10x_exti.o
    0x080107ec   0x00000094   Code   RO         3519    i.EXTI_Init         stm32f10x_exti.o
    0x08010880   0x00000040   Code   RO         3864    i.GPIO_EXTILineConfig  stm32f10x_gpio.o
    0x080108c0   0x00000116   Code   RO         3867    i.GPIO_Init         stm32f10x_gpio.o
    0x080109d6   0x00000002   PAD
    0x080109d8   0x00000090   Code   RO         3869    i.GPIO_PinRemapConfig  stm32f10x_gpio.o
    0x08010a68   0x00000012   Code   RO         3871    i.GPIO_ReadInputDataBit  stm32f10x_gpio.o
    0x08010a7a   0x00000012   Code   RO         3873    i.GPIO_ReadOutputDataBit  stm32f10x_gpio.o
    0x08010a8c   0x00000004   Code   RO         3874    i.GPIO_ResetBits    stm32f10x_gpio.o
    0x08010a90   0x00000004   Code   RO         3875    i.GPIO_SetBits      stm32f10x_gpio.o
    0x08010a94   0x00000004   Code   RO          730    i.HardFault_Handler  stm32f10x_it.o
    0x08010a98   0x0000008c   Code   RO          491    i.I2C2_ER_IRQHandler  myiic.o
    0x08010b24   0x000000d4   Code   RO          492    i.I2C2_EV_IRQHandler  myiic.o
    0x08010bf8   0x00000018   Code   RO         3981    i.I2C_Cmd           stm32f10x_i2c.o
    0x08010c10   0x00000038   Code   RO         3984    i.I2C_DeInit        stm32f10x_i2c.o
    0x08010c48   0x00000012   Code   RO         3994    i.I2C_ITConfig      stm32f10x_i2c.o
    0x08010c5a   0x00000002   PAD
    0x08010c5c   0x000000ec   Code   RO         3995    i.I2C_Init          stm32f10x_i2c.o
    0x08010d48   0x00000038   Code   RO          493    i.IIC_Ack           myiic.o
    0x08010d80   0x00000038   Code   RO          494    i.IIC_NAck          myiic.o
    0x08010db8   0x00000060   Code   RO          495    i.IIC_ReadByte      myiic.o
    0x08010e18   0x0000000c   Code   RO          496    i.IIC_SCL           myiic.o
    0x08010e24   0x0000000c   Code   RO          497    i.IIC_SDA           myiic.o
    0x08010e30   0x0000005e   Code   RO          498    i.IIC_SendByte      myiic.o
    0x08010e8e   0x00000038   Code   RO          499    i.IIC_Start         myiic.o
    0x08010ec6   0x00000038   Code   RO          500    i.IIC_Stop          myiic.o
    0x08010efe   0x0000004a   Code   RO          501    i.IIC_WaitAck       myiic.o
    0x08010f48   0x00000010   Code   RO         4179    i.IWDG_Enable       stm32f10x_iwdg.o
    0x08010f58   0x00000008   Code   RO          928    i.IWDG_Feed         wdg.o
    0x08010f60   0x00000034   Code   RO          929    i.IWDG_Init         wdg.o
    0x08010f94   0x00000010   Code   RO         4181    i.IWDG_ReloadCounter  stm32f10x_iwdg.o
    0x08010fa4   0x0000000c   Code   RO         4182    i.IWDG_SetPrescaler  stm32f10x_iwdg.o
    0x08010fb0   0x0000000c   Code   RO         4183    i.IWDG_SetReload    stm32f10x_iwdg.o
    0x08010fbc   0x0000000c   Code   RO         4184    i.IWDG_WriteAccessCmd  stm32f10x_iwdg.o
    0x08010fc8   0x000000b8   Code   RO          977    i.Ir_Deal           ir.o
    0x08011080   0x000000a4   Code   RO         5862    i.MY_NVIC_Init      sys.o
    0x08011124   0x00000004   Code   RO          731    i.MemManage_Handler  stm32f10x_it.o
    0x08011128   0x00000002   Code   RO          732    i.NMI_Handler       stm32f10x_it.o
    0x0801112a   0x00000022   Code   RO          791    i.NVIC_Config_PWM   timer.o
    0x0801114c   0x00000070   Code   RO         2716    i.NVIC_Init         misc.o
    0x080111bc   0x00000014   Code   RO         2717    i.NVIC_PriorityGroupConfig  misc.o
    0x080111d0   0x00000002   Code   RO          733    i.PendSV_Handler    stm32f10x_it.o
    0x080111d2   0x0000001c   Code   RO          616    i.Proc_CheckSum     process.o
    0x080111ee   0x00000002   PAD
    0x080111f0   0x00000020   Code   RO          617    i.Proc_DataErrProc  process.o
    0x08011210   0x00000036   Code   RO          618    i.Proc_Stm32Respond  process.o
    0x08011246   0x00000002   PAD
    0x08011248   0x000000cc   Code   RO          619    i.Proc_UartControl  process.o
    0x08011314   0x00000026   Code   RO          622    i.Proc_setRespondState  process.o
    0x0801133a   0x00000002   PAD
    0x0801133c   0x00000010   Code   RO          623    i.Proc_setVer       process.o
    0x0801134c   0x00000020   Code   RO         4283    i.RCC_APB1PeriphClockCmd  stm32f10x_rcc.o
    0x0801136c   0x00000020   Code   RO         4284    i.RCC_APB1PeriphResetCmd  stm32f10x_rcc.o
    0x0801138c   0x00000020   Code   RO         4285    i.RCC_APB2PeriphClockCmd  stm32f10x_rcc.o
    0x080113ac   0x00000020   Code   RO         4286    i.RCC_APB2PeriphResetCmd  stm32f10x_rcc.o
    0x080113cc   0x0000001c   Code   RO            1    i.RCC_Configuration  common_init.o
    0x080113e8   0x000000d4   Code   RO         4293    i.RCC_GetClocksFreq  stm32f10x_rcc.o
    0x080114bc   0x00000014   Code   RO          502    i.READ_SDA          myiic.o
    0x080114d0   0x00000020   Code   RO          503    i.SDA_IN            myiic.o
    0x080114f0   0x00000020   Code   RO          504    i.SDA_OUT           myiic.o
    0x08011510   0x00000002   Code   RO          734    i.SVC_Handler       stm32f10x_it.o
    0x08011512   0x00000008   Code   RO         5707    i.SetSysClock       system_stm32f10x.o
    0x0801151a   0x00000002   PAD
    0x0801151c   0x000000e0   Code   RO         5708    i.SetSysClockTo72   system_stm32f10x.o
    0x080115fc   0x00000028   Code   RO         2720    i.SysTick_CLKSourceConfig  misc.o
    0x08011624   0x00000002   Code   RO          735    i.SysTick_Handler   stm32f10x_it.o
    0x08011626   0x00000002   PAD
    0x08011628   0x00000060   Code   RO         5710    i.SystemInit        system_stm32f10x.o
    0x08011688   0x000000dc   Code   RO          979    i.TIM2_IRQHandler   ir.o
    0x08011764   0x0000009c   Code   RO          792    i.TIM3_IRQHandler   timer.o
    0x08011800   0x00000068   Code   RO          793    i.TIM3_Int_Init     timer.o
    0x08011868   0x0000000c   Code   RO          794    i.TIM4_Breathing_Init  timer.o
    0x08011874   0x0000002c   Code   RO          795    i.TIM4_GPIO_Config  timer.o
    0x080118a0   0x00000114   Code   RO          796    i.TIM4_IRQHandler   timer.o
    0x080119b4   0x000000a4   Code   RO          797    i.TIM4_Mode_Config  timer.o
    0x08011a58   0x00000018   Code   RO         4905    i.TIM_ARRPreloadConfig  stm32f10x_tim.o
    0x08011a70   0x00000006   Code   RO         4911    i.TIM_ClearFlag     stm32f10x_tim.o
    0x08011a76   0x00000006   Code   RO         4912    i.TIM_ClearITPendingBit  stm32f10x_tim.o
    0x08011a7c   0x00000018   Code   RO         4917    i.TIM_Cmd           stm32f10x_tim.o
    0x08011a94   0x0000001e   Code   RO         4919    i.TIM_CtrlPWMOutputs  stm32f10x_tim.o
    0x08011ab2   0x00000022   Code   RO         4938    i.TIM_GetITStatus   stm32f10x_tim.o
    0x08011ad4   0x00000012   Code   RO         4942    i.TIM_ITConfig      stm32f10x_tim.o
    0x08011ae6   0x00000002   PAD
    0x08011ae8   0x000000a4   Code   RO         4951    i.TIM_OC2Init       stm32f10x_tim.o
    0x08011b8c   0x0000001a   Code   RO         4954    i.TIM_OC2PreloadConfig  stm32f10x_tim.o
    0x08011ba6   0x00000002   PAD
    0x08011ba8   0x000000a0   Code   RO         4956    i.TIM_OC3Init       stm32f10x_tim.o
    0x08011c48   0x00000012   Code   RO         4959    i.TIM_OC3PreloadConfig  stm32f10x_tim.o
    0x08011c5a   0x00000002   PAD
    0x08011c5c   0x0000007c   Code   RO         4961    i.TIM_OC4Init       stm32f10x_tim.o
    0x08011cd8   0x0000001a   Code   RO         4963    i.TIM_OC4PreloadConfig  stm32f10x_tim.o
    0x08011cf2   0x00000004   Code   RO         4979    i.TIM_SetCompare2   stm32f10x_tim.o
    0x08011cf6   0x00000002   PAD
    0x08011cf8   0x000000a4   Code   RO         4988    i.TIM_TimeBaseInit  stm32f10x_tim.o
    0x08011d9c   0x00000058   Code   RO          846    i.UART4_IRQHandler  usart.o
    0x08011df4   0x00000058   Code   RO          847    i.UART5_IRQHandler  usart.o
    0x08011e4c   0x00000098   Code   RO         5760    i.USART1_IRQHandler  debug_usart.o
    0x08011ee4   0x00000058   Code   RO          848    i.USART3_IRQHandler  usart.o
    0x08011f3c   0x00000012   Code   RO         5449    i.USART_ClearFlag   stm32f10x_usart.o
    0x08011f4e   0x0000001e   Code   RO         5450    i.USART_ClearITPendingBit  stm32f10x_usart.o
    0x08011f6c   0x00000018   Code   RO         5453    i.USART_Cmd         stm32f10x_usart.o
    0x08011f84   0x0000009c   Code   RO         5455    i.USART_DeInit      stm32f10x_usart.o
    0x08012020   0x0000001a   Code   RO         5456    i.USART_GetFlagStatus  stm32f10x_usart.o
    0x0801203a   0x00000054   Code   RO         5457    i.USART_GetITStatus  stm32f10x_usart.o
    0x0801208e   0x0000004a   Code   RO         5459    i.USART_ITConfig    stm32f10x_usart.o
    0x080120d8   0x000000d8   Code   RO         5460    i.USART_Init        stm32f10x_usart.o
    0x080121b0   0x0000000a   Code   RO         5467    i.USART_ReceiveData  stm32f10x_usart.o
    0x080121ba   0x00000008   Code   RO         5470    i.USART_SendData    stm32f10x_usart.o
    0x080121c2   0x00000036   Code   RO         5471    i.USART_SendString  stm32f10x_usart.o
    0x080121f8   0x000000a4   Code   RO          850    i.USART_WriteData   usart.o
    0x0801229c   0x0000007c   Code   RO          851    i.USART_clearRecvFlag  usart.o
    0x08012318   0x0000007c   Code   RO          852    i.USART_clearRecvLen  usart.o
    0x08012394   0x0000008c   Code   RO          853    i.USART_getRecvData  usart.o
    0x08012420   0x00000094   Code   RO          854    i.USART_getRecvFlag  usart.o
    0x080124b4   0x00000004   Code   RO          736    i.UsageFault_Handler  stm32f10x_it.o
    0x080124b8   0x0000000c   Code   RO         5635    i.WWDG_ClearFlag    stm32f10x_wwdg.o
    0x080124c4   0x00000010   Code   RO         5637    i.WWDG_Enable       stm32f10x_wwdg.o
    0x080124d4   0x0000000c   Code   RO         5638    i.WWDG_EnableIT     stm32f10x_wwdg.o
    0x080124e0   0x00000014   Code   RO          930    i.WWDG_IRQHandler   wdg.o
    0x080124f4   0x00000038   Code   RO          931    i.WWDG_Init         wdg.o
    0x0801252c   0x00000022   Code   RO          932    i.WWDG_NVIC_Init    wdg.o
    0x0801254e   0x00000002   PAD
    0x08012550   0x00000010   Code   RO         5640    i.WWDG_SetCounter   stm32f10x_wwdg.o
    0x08012560   0x00000018   Code   RO         5641    i.WWDG_SetPrescaler  stm32f10x_wwdg.o
    0x08012578   0x00000028   Code   RO         5642    i.WWDG_SetWindowValue  stm32f10x_wwdg.o
    0x080125a0   0x00000020   Code   RO         6137    i.__0printf$8       mc_w.l(printf8.o)
    0x080125c0   0x0000000e   Code   RO         6244    i.__scatterload_copy  mc_w.l(handlers.o)
    0x080125ce   0x00000002   Code   RO         6245    i.__scatterload_null  mc_w.l(handlers.o)
    0x080125d0   0x0000000e   Code   RO         6246    i.__scatterload_zeroinit  mc_w.l(handlers.o)
    0x080125de   0x00000002   PAD
    0x080125e0   0x00000410   Code   RO         6144    i._printf_core      mc_w.l(printf8.o)
    0x080129f0   0x00000024   Code   RO         6145    i._printf_post_padding  mc_w.l(printf8.o)
    0x08012a14   0x0000002e   Code   RO         6146    i._printf_pre_padding  mc_w.l(printf8.o)
    0x08012a42   0x00000030   Code   RO         1260    i.acs_to_fontlib    oled.o
    0x08012a72   0x00000036   Code   RO         1261    i.acs_to_logolib    oled.o
    0x08012aa8   0x00000034   Code   RO          257    i.clean_uart_buf    gpio.o
    0x08012adc   0x000000b8   Code   RO          258    i.cpu_power_init    gpio.o
    0x08012b94   0x00000044   Code   RO         5798    i.delay_init        delay.o
    0x08012bd8   0x0000004c   Code   RO         5799    i.delay_ms          delay.o
    0x08012c24   0x0000004c   Code   RO         5800    i.delay_us          delay.o
    0x08012c70   0x00000128   Code   RO          259    i.detect_power_off  gpio.o
    0x08012d98   0x000000a4   Code   RO          260    i.detect_power_on   gpio.o
    0x08012e3c   0x00000048   Code   RO          261    i.detect_power_pin  gpio.o
    0x08012e84   0x0000009c   Code   RO         5762    i.duart_init        debug_usart.o
    0x08012f20   0x000000a0   Code   RO         1052    i.fan_init          fan.o
    0x08012fc0   0x00000088   Code   RO         1053    i.fan_set_speed     fan.o
    0x08013048   0x00000014   Code   RO         1054    i.fan_setduty       fan.o
    0x0801305c   0x00000060   Code   RO         1262    i.fill_RAM          oled.o
    0x080130bc   0x00000076   Code   RO         1263    i.fill_block        oled.o
    0x08013132   0x00000002   PAD
    0x08013134   0x0000001c   Code   RO         5763    i.fputc             debug_usart.o
    0x08013150   0x00000022   Code   RO          262    i.greater_times     gpio.o
    0x08013172   0x0000000a   Code   RO          624    i.hostBoardProc     process.o
    0x0801317c   0x0000002c   Code   RO          505    i.i2c1_init         myiic.o
    0x080131a8   0x00000098   Code   RO          506    i.i2c2_configuration  myiic.o
    0x08013240   0x00000038   Code   RO          507    i.i2c2_gpio_configuration  myiic.o
    0x08013278   0x0000000c   Code   RO          508    i.i2c2_init         myiic.o
    0x08013284   0x0000000c   Code   RO          509    i.i2c_init          myiic.o
    0x08013290   0x00000090   Code   RO          981    i.ir_decode_data    ir.o
    0x08013320   0x0000011c   Code   RO          982    i.ir_exti_init      ir.o
    0x0801343c   0x00000010   Code   RO          983    i.ir_init           ir.o
    0x0801344c   0x000002a0   Code   RO          984    i.ir_receive_data   ir.o
    0x080136ec   0x00000064   Code   RO          985    i.ir_tim2_init      ir.o
    0x08013750   0x00000094   Code   RO         1085    i.led_blink_ir      led.o
    0x080137e4   0x0000007c   Code   RO         1086    i.led_blink_ir_timer  led.o
    0x08013860   0x00000078   Code   RO         1087    i.led_breathing     led.o
    0x080138d8   0x00000204   Code   RO         1088    i.led_breathing_test  led.o
    0x08013adc   0x0000005c   Code   RO         1089    i.led_bright_test   led.o
    0x08013b38   0x00000074   Code   RO         1090    i.led_ctl           led.o
    0x08013bac   0x00000034   Code   RO         1091    i.led_disable_all_flag  led.o
    0x08013be0   0x00000078   Code   RO         1092    i.led_loop_blink    led.o
    0x08013c58   0x000000b4   Code   RO         1093    i.led_loop_blink_timer  led.o
    0x08013d0c   0x00000030   Code   RO         1094    i.led_on_off        led.o
    0x08013d3c   0x00000044   Code   RO          447    i.lm75_check_read_temp  lm75.o
    0x08013d80   0x0000003c   Code   RO          448    i.lm75_read_temp    lm75.o
    0x08013dbc   0x00000030   Code   RO          468    i.main              main.o
    0x08013dec   0x0000000a   Code   RO         1264    i.oled_clear_diplay  oled.o
    0x08013df6   0x00000002   PAD
    0x08013df8   0x000000dc   Code   RO         1266    i.oled_display_ip   oled.o
    0x08013ed4   0x0000006c   Code   RO         1267    i.oled_display_pics  oled.o
    0x08013f40   0x00000044   Code   RO         1268    i.oled_gpio_configuration  oled.o
    0x08013f84   0x00000076   Code   RO         1269    i.oled_init         oled.o
    0x08013ffa   0x00000014   Code   RO         1270    i.oled_initDev      oled.o
    0x0801400e   0x00000002   PAD
    0x08014010   0x00000028   Code   RO         1272    i.oled_powerOn      oled.o
    0x08014038   0x00000120   Code   RO         1273    i.oled_print_font   oled.o
    0x08014158   0x00000024   Code   RO         1274    i.oled_print_logo   oled.o
    0x0801417c   0x00000038   Code   RO         1275    i.oled_print_pics   oled.o
    0x080141b4   0x00000038   Code   RO         1276    i.oled_print_string  oled.o
    0x080141ec   0x00000010   Code   RO         1277    i.oled_res_high     oled.o
    0x080141fc   0x00000010   Code   RO         1278    i.oled_res_low      oled.o
    0x0801420c   0x00000024   Code   RO         1280    i.oled_reversBit    oled.o
    0x08014230   0x0000003c   Code   RO         1281    i.oled_sendCmd      oled.o
    0x0801426c   0x00000178   Code   RO         1282    i.oled_update_display  oled.o
    0x080143e4   0x000000b0   Code   RO          263    i.power_off_system  gpio.o
    0x08014494   0x0000009c   Code   RO          264    i.power_on_system   gpio.o
    0x08014530   0x00000038   Code   RO          265    i.pse_reset         gpio.o
    0x08014568   0x000000ac   Code   RO          266    i.pwr_control       gpio.o
    0x08014614   0x00000012   Code   RO         1283    i.set_VCOMH         oled.o
    0x08014626   0x00000012   Code   RO         1284    i.set_addressing_mode  oled.o
    0x08014638   0x00000012   Code   RO         1285    i.set_command_lock  oled.o
    0x0801464a   0x00000012   Code   RO         1286    i.set_common_config  oled.o
    0x0801465c   0x0000000c   Code   RO         1287    i.set_common_remap  oled.o
    0x08014668   0x00000012   Code   RO         1288    i.set_contrast_control  oled.o
    0x0801467a   0x00000012   Code   RO         1289    i.set_display_clock  oled.o
    0x0801468c   0x00000012   Code   RO         1290    i.set_display_offset  oled.o
    0x0801469e   0x0000000c   Code   RO         1291    i.set_display_on_off  oled.o
    0x080146aa   0x0000000c   Code   RO         1292    i.set_entire_display  oled.o
    0x080146b6   0x0000000c   Code   RO         1293    i.set_inverse_display  oled.o
    0x080146c2   0x00000012   Code   RO         1294    i.set_low_power     oled.o
    0x080146d4   0x00000012   Code   RO         1295    i.set_multiplex_ratio  oled.o
    0x080146e6   0x00000012   Code   RO         1296    i.set_precharge_period  oled.o
    0x080146f8   0x0000000c   Code   RO         1297    i.set_segment_remap  oled.o
    0x08014704   0x0000002c   Code   RO         1298    i.set_start_column  oled.o
    0x08014730   0x0000000e   Code   RO         1299    i.set_start_line    oled.o
    0x0801473e   0x0000000e   Code   RO         1300    i.set_start_page    oled.o
    0x0801474c   0x000000b0   Code   RO         1301    i.show_font57       oled.o
    0x080147fc   0x0000003c   Code   RO         1303    i.show_string       oled.o
    0x08014838   0x0000006e   Code   RO            2    i.sys_init          common_init.o
    0x080148a6   0x00000024   Code   RO          469    i.sys_update        main.o
    0x080148ca   0x00000002   PAD
    0x080148cc   0x0000001c   Code   RO          856    i.uart4_clean_buf   usart.o
    0x080148e8   0x000000f0   Code   RO          857    i.uart4_init        usart.o
    0x080149d8   0x000000a8   Code   RO         1055    i.update_fan_speed  fan.o
    0x08014a80   0x00000068   Code   RO         1095    i.update_led        led.o
    0x08014ae8   0x0000005b   Data   RO          859    .constdata          usart.o
    0x08014b43   0x00000001   PAD
    0x08014b44   0x00000020   Data   RO         6242    Region$$Table       anon$$obj.o


    Execution Region RW_IRAM1 (Base: 0x20000000, Size: 0x000013d8, Max: 0x00010000, ABSOLUTE, COMPRESSED[0x000009d4])

    Base Addr    Size         Type   Attr      Idx    E Section Name        Object

    0x20000000   0x00000028   Data   RW          267    .data               gpio.o
    0x20000028   0x00000008   Data   RW          449    .data               lm75.o
    0x20000030   0x00000002   Data   RW          511    .data               myiic.o
    0x20000032   0x00000002   Data   RW          626    .data               process.o
    0x20000034   0x00000028   Data   RW          799    .data               timer.o
    0x2000005c   0x0000000a   Data   RW          860    .data               usart.o
    0x20000066   0x00000001   Data   RW          934    .data               wdg.o
    0x20000067   0x00000001   PAD
    0x20000068   0x00000039   Data   RW          986    .data               ir.o
    0x200000a1   0x00000003   PAD
    0x200000a4   0x0000000c   Data   RW         1056    .data               fan.o
    0x200000b0   0x0000002c   Data   RW         1096    .data               led.o
    0x200000dc   0x00000cae   Data   RW         1304    .data               oled.o
    0x20000d8a   0x00000014   Data   RW         4313    .data               stm32f10x_rcc.o
    0x20000d9e   0x00000002   PAD
    0x20000da0   0x00000014   Data   RW         5711    .data               system_stm32f10x.o
    0x20000db4   0x00000006   Data   RW         5765    .data               debug_usart.o
    0x20000dba   0x00000004   Data   RW         5801    .data               delay.o
    0x20000dbe   0x00000002   PAD
    0x20000dc0   0x000000bd   Zero   RW          510    .bss                myiic.o
    0x20000e7d   0x00000001   PAD
    0x20000e7e   0x00000030   Zero   RW          625    .bss                process.o
    0x20000eae   0x00000060   Zero   RW          858    .bss                usart.o
    0x20000f0e   0x000000c8   Zero   RW         5764    .bss                debug_usart.o
    0x20000fd6   0x00000002   PAD
    0x20000fd8   0x00000400   Zero   RW         5689    STACK               startup_stm32f10x_hd.o


==============================================================================

Image component sizes


      Code (inc. data)   RO Data    RW Data    ZI Data      Debug   Object Name

       138          6          0          0          0     268867   common_init.o
       336         36          0          6        200       3591   debug_usart.o
       220         26          0          4          0       1527   delay.o
       484         70          0         12          0       2384   fan.o
      1362        282          0         40          0       5538   gpio.o
      2292        206          0         57          0       6449   ir.o
        18          0          0          0          0        435   irq_handler.o
      1620        194          0         44          0       5999   led.o
       128         20          0          8          0       1095   lm75.o
        84         12          0          0          0        815   main.o
       172         22          0          0          0       1845   misc.o
      1224         68          0          2        189       9753   myiic.o
      2388         80          0       3246          0      21097   oled.o
       382         50          0          2         48       4188   process.o
        36          8        304          0       1024        796   startup_stm32f10x_hd.o
       200         18          0          0          0       1884   stm32f10x_exti.o
       530         10          0          0          0       5257   stm32f10x_gpio.o
       334         20          0          0          0       3809   stm32f10x_i2c.o
        26          0          0          0          0       3586   stm32f10x_it.o
        68         30          0          0          0       2210   stm32f10x_iwdg.o
       340         44          0         20          0       5228   stm32f10x_rcc.o
       828         72          0          0          0       8751   stm32f10x_tim.o
       700         28          0          0          0       7923   stm32f10x_usart.o
       120         32          0          0          0       3343   stm32f10x_wwdg.o
       164         10          0          0          0        695   sys.o
       328         30          0         20          0       1989   system_stm32f10x.o
       790         62          0         40          0       4004   timer.o
      1232        452         91         10         96       6254   usart.o
       170         16          0          1          0       2474   wdg.o

    ----------------------------------------------------------------------
     16750       1904        428       3520       1560     391786   Object Totals
         0          0         32          0          0          0   (incl. Generated)
        36          0          1          8          3          0   (incl. Padding)

    ----------------------------------------------------------------------

      Code (inc. data)   RO Data    RW Data    ZI Data      Debug   Library Member Name

        86          0          0          0          0          0   __dczerorl2.o
         0          0          0          0          0          0   entry.o
         0          0          0          0          0          0   entry10a.o
         0          0          0          0          0          0   entry11a.o
         8          4          0          0          0          0   entry2.o
         4          0          0          0          0          0   entry5.o
         0          0          0          0          0          0   entry7b.o
         0          0          0          0          0          0   entry8b.o
         8          4          0          0          0          0   entry9a.o
        30          0          0          0          0          0   handlers.o
        36          8          0          0          0         68   init.o
         0          0          0          0          0          0   iusefp.o
        30          0          0          0          0         68   llshl.o
        32          0          0          0          0         68   llushr.o
        36          0          0          0          0         68   memcpya.o
        36          0          0          0          0        108   memseta.o
      1154         54          0          0          0        352   printf8.o
        98          0          0          0          0         92   uldiv.o
       176          0          0          0          0        140   fadd.o
       124          0          0          0          0         88   fdiv.o
       110          0          0          0          0        168   fepilogue.o
        40          0          0          0          0         68   ffixui.o
        10          0          0          0          0         68   ffltui.o
       100          0          0          0          0         76   fmul.o

    ----------------------------------------------------------------------
      2122         70          0          0          0       1432   Library Totals
         4          0          0          0          0          0   (incl. Padding)

    ----------------------------------------------------------------------

      Code (inc. data)   RO Data    RW Data    ZI Data      Debug   Library Name

      1558         70          0          0          0        824   mc_w.l
       560          0          0          0          0        608   mf_w.l

    ----------------------------------------------------------------------
      2122         70          0          0          0       1432   Library Totals

    ----------------------------------------------------------------------

==============================================================================


      Code (inc. data)   RO Data    RW Data    ZI Data      Debug   

     18872       1974        428       3520       1560     382166   Grand Totals
     18872       1974        428       2516       1560     382166   ELF Image Totals (compressed)
     18872       1974        428       2516          0          0   ROM Totals

==============================================================================

    Total RO  Size (Code + RO Data)                19300 (  18.85kB)
    Total RW  Size (RW Data + ZI Data)              5080 (   4.96kB)
    Total ROM Size (Code + RO Data + RW Data)      21816 (  21.30kB)

==============================================================================

