Component: ARM Compiler 5.05 update 1 (build 106) Tool: armlink [4d0efa]

==============================================================================

Section Cross References

    usart.o(.text) refers to printf5.o(i.__0printf$5) for __2printf
    usart.o(.text) refers to memcpya.o(.text) for __aeabi_memcpy
    usart.o(.text) refers to memseta.o(.text) for __aeabi_memclr
    usart.o(.text) refers to stm32f10x_gpio.o(.text) for GPIO_Init
    usart.o(.text) refers to misc.o(.text) for NVIC_Init
    usart.o(.text) refers to stm32f10x_usart.o(.text) for USART_Init
    usart.o(.text) refers to delay.o(.text) for delay_ms
    usart.o(.text) refers to usart.o(.data) for USART3_RX_FLAG
    usart.o(.text) refers to usart.o(.constdata) for __FUNCTION__
    usart.o(.text) refers to usart.o(.bss) for USART3_RX_BUF
    wdg.o(.text) refers to stm32f10x_iwdg.o(.text) for IWDG_WriteAccessCmd
    wdg.o(.text) refers to misc.o(.text) for NVIC_Init
    wdg.o(.text) refers to stm32f10x_wwdg.o(.text) for WWDG_SetPrescaler
    wdg.o(.text) refers to wdg.o(.data) for WWDG_CNT
    main.o(.text) refers to stm32f10x_gpio.o(.text) for GPIO_Init
    main.o(.text) refers to stm32f10x_exti.o(.text) for EXTI_GetITStatus
    main.o(.text) refers to printf5.o(i.__0printf$5) for __2printf
    main.o(.text) refers to flash.o(.text) for STMFLASH_Read
    main.o(.text) refers to common_init.o(.text) for sys_init
    main.o(.text) refers to sys.o(.text) for Iap_Load_App
    main.o(.text) refers to process.o(.text) for Proc_setVer
    main.o(.text) refers to main.o(.constdata) for __func__
    flash.o(.text) refers to stm32f10x_flash.o(.text) for FLASH_ProgramHalfWord
    flash.o(.text) refers to flash.o(.bss) for STMFLASH_BUF
    common_init.o(.text) refers to stm32f10x_rcc.o(.text) for RCC_APB1PeriphClockCmd
    common_init.o(.text) refers to delay.o(.text) for delay_init
    common_init.o(.text) refers to misc.o(.text) for NVIC_PriorityGroupConfig
    common_init.o(.text) refers to gpio.o(.text) for GPIO_Configuration
    common_init.o(.text) refers to main.o(.text) for cpu_power_init
    common_init.o(.text) refers to debug_usart.o(.text) for duart_init
    common_init.o(.text) refers to usart.o(.text) for uart4_init
    common_init.o(.text) refers to myiic.o(.text) for i2c_init
    process.o(.text) refers to printf5.o(i.__0printf$5) for __2printf
    process.o(.text) refers to usart.o(.text) for USART_WriteData
    process.o(.text) refers to flash.o(.text) for STMFLASH_Write
    process.o(.text) refers to sys.o(.text) for Iap_Load_App
    process.o(.text) refers to memseta.o(.text) for __aeabi_memclr
    process.o(.text) refers to memcpya.o(.text) for __aeabi_memcpy
    process.o(.text) refers to delay.o(.text) for delay_ms
    process.o(.text) refers to process.o(.data) for g_softVer
    process.o(.text) refers to process.o(.constdata) for __FUNCTION__
    process.o(.text) refers to process.o(.bss) for stUartCMD
    gpio.o(.text) refers to stm32f10x_gpio.o(.text) for GPIO_Init
    gpio.o(.text) refers to delay.o(.text) for delay_ms
    cpld.o(.text) refers to myiic.o(.text) for IIC_Start
    cpld.o(.text) refers to delay.o(.text) for delay_ms
    cpld.o(.text) refers to usart.o(.text) for USART_WriteData
    cpld.o(.text) refers to stm32f10x_usart.o(.text) for USART_SendString
    myiic.o(.text) refers to misc.o(.text) for NVIC_PriorityGroupConfig
    myiic.o(.text) refers to stm32f10x_i2c.o(.text) for I2C_Init
    myiic.o(.text) refers to stm32f10x_gpio.o(.text) for GPIO_Init
    myiic.o(.text) refers to stm32f10x_rcc.o(.text) for RCC_APB1PeriphResetCmd
    myiic.o(.text) refers to delay.o(.text) for delay_us
    myiic.o(.text) refers to myiic.o(.data) for RxCount
    myiic.o(.text) refers to myiic.o(.bss) for reg_val
    stm32f10x_adc.o(.text) refers to stm32f10x_rcc.o(.text) for RCC_APB2PeriphResetCmd
    stm32f10x_bkp.o(.text) refers to stm32f10x_rcc.o(.text) for RCC_BackupResetCmd
    stm32f10x_can.o(.text) refers to stm32f10x_rcc.o(.text) for RCC_APB1PeriphResetCmd
    stm32f10x_cec.o(.text) refers to stm32f10x_rcc.o(.text) for RCC_APB1PeriphResetCmd
    stm32f10x_dac.o(.text) refers to stm32f10x_rcc.o(.text) for RCC_APB1PeriphResetCmd
    stm32f10x_gpio.o(.text) refers to stm32f10x_rcc.o(.text) for RCC_APB2PeriphResetCmd
    stm32f10x_i2c.o(.text) refers to stm32f10x_rcc.o(.text) for RCC_APB1PeriphResetCmd
    stm32f10x_pwr.o(.text) refers to stm32f10x_rcc.o(.text) for RCC_APB1PeriphResetCmd
    stm32f10x_rcc.o(.text) refers to stm32f10x_rcc.o(.data) for APBAHBPrescTable
    stm32f10x_spi.o(.text) refers to stm32f10x_rcc.o(.text) for RCC_APB2PeriphResetCmd
    stm32f10x_tim.o(.text) refers to stm32f10x_rcc.o(.text) for RCC_APB2PeriphResetCmd
    stm32f10x_usart.o(.text) refers to stm32f10x_rcc.o(.text) for RCC_APB2PeriphResetCmd
    stm32f10x_wwdg.o(.text) refers to stm32f10x_rcc.o(.text) for RCC_APB1PeriphResetCmd
    startup_stm32f10x_hd.o(RESET) refers to startup_stm32f10x_hd.o(STACK) for __initial_sp
    startup_stm32f10x_hd.o(RESET) refers to startup_stm32f10x_hd.o(.text) for Reset_Handler
    startup_stm32f10x_hd.o(RESET) refers to stm32f10x_it.o(.text) for NMI_Handler
    startup_stm32f10x_hd.o(RESET) refers to wdg.o(.text) for WWDG_IRQHandler
    startup_stm32f10x_hd.o(RESET) refers to myiic.o(.text) for I2C2_EV_IRQHandler
    startup_stm32f10x_hd.o(RESET) refers to debug_usart.o(.text) for USART1_IRQHandler
    startup_stm32f10x_hd.o(RESET) refers to usart.o(.text) for USART3_IRQHandler
    startup_stm32f10x_hd.o(RESET) refers to main.o(.text) for EXTI15_10_IRQHandler
    startup_stm32f10x_hd.o(.text) refers to system_stm32f10x.o(.text) for SystemInit
    startup_stm32f10x_hd.o(.text) refers to entry.o(.ARM.Collect$$$$00000000) for __main
    system_stm32f10x.o(.text) refers to system_stm32f10x.o(.data) for SystemCoreClock
    debug_usart.o(.text) refers to stm32f10x_gpio.o(.text) for GPIO_Init
    debug_usart.o(.text) refers to misc.o(.text) for NVIC_Init
    debug_usart.o(.text) refers to stm32f10x_usart.o(.text) for USART_Init
    debug_usart.o(.text) refers to printf5.o(i.__0printf$5) for __2printf
    debug_usart.o(.text) refers to debug_usart.o(.data) for DUSART_RX_STA
    debug_usart.o(.text) refers to debug_usart.o(.bss) for DUSART_RX_BUF
    delay.o(.text) refers to misc.o(.text) for SysTick_CLKSourceConfig
    delay.o(.text) refers to system_stm32f10x.o(.data) for SystemCoreClock
    delay.o(.text) refers to delay.o(.data) for fac_us
    sys.o(.text) refers to printf5.o(i.__0printf$5) for __2printf
    sys.o(.text) refers to sys.o(.emb_text) for MSR_MSP
    sys.o(.text) refers to sys.o(.constdata) for __FUNCTION__
    sys.o(.text) refers to sys.o(.data) for JumpToApp
    entry.o(.ARM.Collect$$$$00000000) refers (Special) to entry10a.o(.ARM.Collect$$$$0000000D) for __rt_final_cpp
    entry.o(.ARM.Collect$$$$00000000) refers (Special) to entry11a.o(.ARM.Collect$$$$0000000F) for __rt_final_exit
    entry.o(.ARM.Collect$$$$00000000) refers (Special) to entry7b.o(.ARM.Collect$$$$00000008) for _main_clock
    entry.o(.ARM.Collect$$$$00000000) refers (Special) to entry8b.o(.ARM.Collect$$$$0000000A) for _main_cpp_init
    entry.o(.ARM.Collect$$$$00000000) refers (Special) to entry9a.o(.ARM.Collect$$$$0000000B) for _main_init
    entry.o(.ARM.Collect$$$$00000000) refers (Special) to entry5.o(.ARM.Collect$$$$00000004) for _main_scatterload
    entry.o(.ARM.Collect$$$$00000000) refers (Special) to entry2.o(.ARM.Collect$$$$00000001) for _main_stk
    printfb.o(i.__0fprintf$bare) refers to printfb.o(i._printf_core) for _printf_core
    printfb.o(i.__0fprintf$bare) refers to debug_usart.o(.text) for fputc
    printfb.o(i.__0printf$bare) refers to printfb.o(i._printf_core) for _printf_core
    printfb.o(i.__0printf$bare) refers to debug_usart.o(.text) for fputc
    printfb.o(i.__0printf$bare) refers to debug_usart.o(.data) for __stdout
    printfb.o(i.__0snprintf$bare) refers to printfb.o(i._printf_core) for _printf_core
    printfb.o(i.__0snprintf$bare) refers to printfb.o(i._snputc) for _snputc
    printfb.o(i.__0sprintf$bare) refers to printfb.o(i._printf_core) for _printf_core
    printfb.o(i.__0sprintf$bare) refers to printfb.o(i._sputc) for _sputc
    printfb.o(i.__0vfprintf$bare) refers to printfb.o(i._printf_core) for _printf_core
    printfb.o(i.__0vfprintf$bare) refers to debug_usart.o(.text) for fputc
    printfb.o(i.__0vprintf$bare) refers to printfb.o(i._printf_core) for _printf_core
    printfb.o(i.__0vprintf$bare) refers to debug_usart.o(.text) for fputc
    printfb.o(i.__0vprintf$bare) refers to debug_usart.o(.data) for __stdout
    printfb.o(i.__0vsnprintf$bare) refers to printfb.o(i._printf_core) for _printf_core
    printfb.o(i.__0vsnprintf$bare) refers to printfb.o(i._snputc) for _snputc
    printfb.o(i.__0vsprintf$bare) refers to printfb.o(i._printf_core) for _printf_core
    printfb.o(i.__0vsprintf$bare) refers to printfb.o(i._sputc) for _sputc
    printf0.o(i.__0fprintf$0) refers to printf0.o(i._printf_core) for _printf_core
    printf0.o(i.__0fprintf$0) refers to debug_usart.o(.text) for fputc
    printf0.o(i.__0printf$0) refers to printf0.o(i._printf_core) for _printf_core
    printf0.o(i.__0printf$0) refers to debug_usart.o(.text) for fputc
    printf0.o(i.__0printf$0) refers to debug_usart.o(.data) for __stdout
    printf0.o(i.__0snprintf$0) refers to printf0.o(i._printf_core) for _printf_core
    printf0.o(i.__0snprintf$0) refers to printf0.o(i._snputc) for _snputc
    printf0.o(i.__0sprintf$0) refers to printf0.o(i._printf_core) for _printf_core
    printf0.o(i.__0sprintf$0) refers to printf0.o(i._sputc) for _sputc
    printf0.o(i.__0vfprintf$0) refers to printf0.o(i._printf_core) for _printf_core
    printf0.o(i.__0vfprintf$0) refers to debug_usart.o(.text) for fputc
    printf0.o(i.__0vprintf$0) refers to printf0.o(i._printf_core) for _printf_core
    printf0.o(i.__0vprintf$0) refers to debug_usart.o(.text) for fputc
    printf0.o(i.__0vprintf$0) refers to debug_usart.o(.data) for __stdout
    printf0.o(i.__0vsnprintf$0) refers to printf0.o(i._printf_core) for _printf_core
    printf0.o(i.__0vsnprintf$0) refers to printf0.o(i._snputc) for _snputc
    printf0.o(i.__0vsprintf$0) refers to printf0.o(i._printf_core) for _printf_core
    printf0.o(i.__0vsprintf$0) refers to printf0.o(i._sputc) for _sputc
    printf1.o(i.__0fprintf$1) refers to printf1.o(i._printf_core) for _printf_core
    printf1.o(i.__0fprintf$1) refers to debug_usart.o(.text) for fputc
    printf1.o(i.__0printf$1) refers to printf1.o(i._printf_core) for _printf_core
    printf1.o(i.__0printf$1) refers to debug_usart.o(.text) for fputc
    printf1.o(i.__0printf$1) refers to debug_usart.o(.data) for __stdout
    printf1.o(i.__0snprintf$1) refers to printf1.o(i._printf_core) for _printf_core
    printf1.o(i.__0snprintf$1) refers to printf1.o(i._snputc) for _snputc
    printf1.o(i.__0sprintf$1) refers to printf1.o(i._printf_core) for _printf_core
    printf1.o(i.__0sprintf$1) refers to printf1.o(i._sputc) for _sputc
    printf1.o(i.__0vfprintf$1) refers to printf1.o(i._printf_core) for _printf_core
    printf1.o(i.__0vfprintf$1) refers to debug_usart.o(.text) for fputc
    printf1.o(i.__0vprintf$1) refers to printf1.o(i._printf_core) for _printf_core
    printf1.o(i.__0vprintf$1) refers to debug_usart.o(.text) for fputc
    printf1.o(i.__0vprintf$1) refers to debug_usart.o(.data) for __stdout
    printf1.o(i.__0vsnprintf$1) refers to printf1.o(i._printf_core) for _printf_core
    printf1.o(i.__0vsnprintf$1) refers to printf1.o(i._snputc) for _snputc
    printf1.o(i.__0vsprintf$1) refers to printf1.o(i._printf_core) for _printf_core
    printf1.o(i.__0vsprintf$1) refers to printf1.o(i._sputc) for _sputc
    printf1.o(i._printf_core) refers to uidiv.o(.text) for __aeabi_uidivmod
    printf2.o(i.__0fprintf$2) refers to printf2.o(i._printf_core) for _printf_core
    printf2.o(i.__0fprintf$2) refers to debug_usart.o(.text) for fputc
    printf2.o(i.__0printf$2) refers to printf2.o(i._printf_core) for _printf_core
    printf2.o(i.__0printf$2) refers to debug_usart.o(.text) for fputc
    printf2.o(i.__0printf$2) refers to debug_usart.o(.data) for __stdout
    printf2.o(i.__0snprintf$2) refers to printf2.o(i._printf_core) for _printf_core
    printf2.o(i.__0snprintf$2) refers to printf2.o(i._snputc) for _snputc
    printf2.o(i.__0sprintf$2) refers to printf2.o(i._printf_core) for _printf_core
    printf2.o(i.__0sprintf$2) refers to printf2.o(i._sputc) for _sputc
    printf2.o(i.__0vfprintf$2) refers to printf2.o(i._printf_core) for _printf_core
    printf2.o(i.__0vfprintf$2) refers to debug_usart.o(.text) for fputc
    printf2.o(i.__0vprintf$2) refers to printf2.o(i._printf_core) for _printf_core
    printf2.o(i.__0vprintf$2) refers to debug_usart.o(.text) for fputc
    printf2.o(i.__0vprintf$2) refers to debug_usart.o(.data) for __stdout
    printf2.o(i.__0vsnprintf$2) refers to printf2.o(i._printf_core) for _printf_core
    printf2.o(i.__0vsnprintf$2) refers to printf2.o(i._snputc) for _snputc
    printf2.o(i.__0vsprintf$2) refers to printf2.o(i._printf_core) for _printf_core
    printf2.o(i.__0vsprintf$2) refers to printf2.o(i._sputc) for _sputc
    printf3.o(i.__0fprintf$3) refers to printf3.o(i._printf_core) for _printf_core
    printf3.o(i.__0fprintf$3) refers to debug_usart.o(.text) for fputc
    printf3.o(i.__0printf$3) refers to printf3.o(i._printf_core) for _printf_core
    printf3.o(i.__0printf$3) refers to debug_usart.o(.text) for fputc
    printf3.o(i.__0printf$3) refers to debug_usart.o(.data) for __stdout
    printf3.o(i.__0snprintf$3) refers to printf3.o(i._printf_core) for _printf_core
    printf3.o(i.__0snprintf$3) refers to printf3.o(i._snputc) for _snputc
    printf3.o(i.__0sprintf$3) refers to printf3.o(i._printf_core) for _printf_core
    printf3.o(i.__0sprintf$3) refers to printf3.o(i._sputc) for _sputc
    printf3.o(i.__0vfprintf$3) refers to printf3.o(i._printf_core) for _printf_core
    printf3.o(i.__0vfprintf$3) refers to debug_usart.o(.text) for fputc
    printf3.o(i.__0vprintf$3) refers to printf3.o(i._printf_core) for _printf_core
    printf3.o(i.__0vprintf$3) refers to debug_usart.o(.text) for fputc
    printf3.o(i.__0vprintf$3) refers to debug_usart.o(.data) for __stdout
    printf3.o(i.__0vsnprintf$3) refers to printf3.o(i._printf_core) for _printf_core
    printf3.o(i.__0vsnprintf$3) refers to printf3.o(i._snputc) for _snputc
    printf3.o(i.__0vsprintf$3) refers to printf3.o(i._printf_core) for _printf_core
    printf3.o(i.__0vsprintf$3) refers to printf3.o(i._sputc) for _sputc
    printf3.o(i._printf_core) refers to uidiv.o(.text) for __aeabi_uidivmod
    printf4.o(i.__0fprintf$4) refers to printf4.o(i._printf_core) for _printf_core
    printf4.o(i.__0fprintf$4) refers to debug_usart.o(.text) for fputc
    printf4.o(i.__0printf$4) refers to printf4.o(i._printf_core) for _printf_core
    printf4.o(i.__0printf$4) refers to debug_usart.o(.text) for fputc
    printf4.o(i.__0printf$4) refers to debug_usart.o(.data) for __stdout
    printf4.o(i.__0snprintf$4) refers to printf4.o(i._printf_core) for _printf_core
    printf4.o(i.__0snprintf$4) refers to printf4.o(i._snputc) for _snputc
    printf4.o(i.__0sprintf$4) refers to printf4.o(i._printf_core) for _printf_core
    printf4.o(i.__0sprintf$4) refers to printf4.o(i._sputc) for _sputc
    printf4.o(i.__0vfprintf$4) refers to printf4.o(i._printf_core) for _printf_core
    printf4.o(i.__0vfprintf$4) refers to debug_usart.o(.text) for fputc
    printf4.o(i.__0vprintf$4) refers to printf4.o(i._printf_core) for _printf_core
    printf4.o(i.__0vprintf$4) refers to debug_usart.o(.text) for fputc
    printf4.o(i.__0vprintf$4) refers to debug_usart.o(.data) for __stdout
    printf4.o(i.__0vsnprintf$4) refers to printf4.o(i._printf_core) for _printf_core
    printf4.o(i.__0vsnprintf$4) refers to printf4.o(i._snputc) for _snputc
    printf4.o(i.__0vsprintf$4) refers to printf4.o(i._printf_core) for _printf_core
    printf4.o(i.__0vsprintf$4) refers to printf4.o(i._sputc) for _sputc
    printf4.o(i._printf_core) refers to uldiv.o(.text) for __aeabi_uldivmod
    printf5.o(i.__0fprintf$5) refers to printf5.o(i._printf_core) for _printf_core
    printf5.o(i.__0fprintf$5) refers to debug_usart.o(.text) for fputc
    printf5.o(i.__0printf$5) refers to printf5.o(i._printf_core) for _printf_core
    printf5.o(i.__0printf$5) refers to debug_usart.o(.text) for fputc
    printf5.o(i.__0printf$5) refers to debug_usart.o(.data) for __stdout
    printf5.o(i.__0snprintf$5) refers to printf5.o(i._printf_core) for _printf_core
    printf5.o(i.__0snprintf$5) refers to printf5.o(i._snputc) for _snputc
    printf5.o(i.__0sprintf$5) refers to printf5.o(i._printf_core) for _printf_core
    printf5.o(i.__0sprintf$5) refers to printf5.o(i._sputc) for _sputc
    printf5.o(i.__0vfprintf$5) refers to printf5.o(i._printf_core) for _printf_core
    printf5.o(i.__0vfprintf$5) refers to debug_usart.o(.text) for fputc
    printf5.o(i.__0vprintf$5) refers to printf5.o(i._printf_core) for _printf_core
    printf5.o(i.__0vprintf$5) refers to debug_usart.o(.text) for fputc
    printf5.o(i.__0vprintf$5) refers to debug_usart.o(.data) for __stdout
    printf5.o(i.__0vsnprintf$5) refers to printf5.o(i._printf_core) for _printf_core
    printf5.o(i.__0vsnprintf$5) refers to printf5.o(i._snputc) for _snputc
    printf5.o(i.__0vsprintf$5) refers to printf5.o(i._printf_core) for _printf_core
    printf5.o(i.__0vsprintf$5) refers to printf5.o(i._sputc) for _sputc
    printf5.o(i._printf_core) refers to uldiv.o(.text) for __aeabi_uldivmod
    printf6.o(i.__0fprintf$6) refers to printf6.o(i._printf_core) for _printf_core
    printf6.o(i.__0fprintf$6) refers to debug_usart.o(.text) for fputc
    printf6.o(i.__0printf$6) refers to printf6.o(i._printf_core) for _printf_core
    printf6.o(i.__0printf$6) refers to debug_usart.o(.text) for fputc
    printf6.o(i.__0printf$6) refers to debug_usart.o(.data) for __stdout
    printf6.o(i.__0snprintf$6) refers to printf6.o(i._printf_core) for _printf_core
    printf6.o(i.__0snprintf$6) refers to printf6.o(i._snputc) for _snputc
    printf6.o(i.__0sprintf$6) refers to printf6.o(i._printf_core) for _printf_core
    printf6.o(i.__0sprintf$6) refers to printf6.o(i._sputc) for _sputc
    printf6.o(i.__0vfprintf$6) refers to printf6.o(i._printf_core) for _printf_core
    printf6.o(i.__0vfprintf$6) refers to debug_usart.o(.text) for fputc
    printf6.o(i.__0vprintf$6) refers to printf6.o(i._printf_core) for _printf_core
    printf6.o(i.__0vprintf$6) refers to debug_usart.o(.text) for fputc
    printf6.o(i.__0vprintf$6) refers to debug_usart.o(.data) for __stdout
    printf6.o(i.__0vsnprintf$6) refers to printf6.o(i._printf_core) for _printf_core
    printf6.o(i.__0vsnprintf$6) refers to printf6.o(i._snputc) for _snputc
    printf6.o(i.__0vsprintf$6) refers to printf6.o(i._printf_core) for _printf_core
    printf6.o(i.__0vsprintf$6) refers to printf6.o(i._sputc) for _sputc
    printf6.o(i._printf_core) refers to printf6.o(i._printf_pre_padding) for _printf_pre_padding
    printf6.o(i._printf_core) refers to uidiv.o(.text) for __aeabi_uidivmod
    printf6.o(i._printf_core) refers to printf6.o(i._printf_post_padding) for _printf_post_padding
    printf7.o(i.__0fprintf$7) refers to printf7.o(i._printf_core) for _printf_core
    printf7.o(i.__0fprintf$7) refers to debug_usart.o(.text) for fputc
    printf7.o(i.__0printf$7) refers to printf7.o(i._printf_core) for _printf_core
    printf7.o(i.__0printf$7) refers to debug_usart.o(.text) for fputc
    printf7.o(i.__0printf$7) refers to debug_usart.o(.data) for __stdout
    printf7.o(i.__0snprintf$7) refers to printf7.o(i._printf_core) for _printf_core
    printf7.o(i.__0snprintf$7) refers to printf7.o(i._snputc) for _snputc
    printf7.o(i.__0sprintf$7) refers to printf7.o(i._printf_core) for _printf_core
    printf7.o(i.__0sprintf$7) refers to printf7.o(i._sputc) for _sputc
    printf7.o(i.__0vfprintf$7) refers to printf7.o(i._printf_core) for _printf_core
    printf7.o(i.__0vfprintf$7) refers to debug_usart.o(.text) for fputc
    printf7.o(i.__0vprintf$7) refers to printf7.o(i._printf_core) for _printf_core
    printf7.o(i.__0vprintf$7) refers to debug_usart.o(.text) for fputc
    printf7.o(i.__0vprintf$7) refers to debug_usart.o(.data) for __stdout
    printf7.o(i.__0vsnprintf$7) refers to printf7.o(i._printf_core) for _printf_core
    printf7.o(i.__0vsnprintf$7) refers to printf7.o(i._snputc) for _snputc
    printf7.o(i.__0vsprintf$7) refers to printf7.o(i._printf_core) for _printf_core
    printf7.o(i.__0vsprintf$7) refers to printf7.o(i._sputc) for _sputc
    printf7.o(i._printf_core) refers to printf7.o(i._printf_pre_padding) for _printf_pre_padding
    printf7.o(i._printf_core) refers to uldiv.o(.text) for __aeabi_uldivmod
    printf7.o(i._printf_core) refers to printf7.o(i._printf_post_padding) for _printf_post_padding
    printf8.o(i.__0fprintf$8) refers to printf8.o(i._printf_core) for _printf_core
    printf8.o(i.__0fprintf$8) refers to debug_usart.o(.text) for fputc
    printf8.o(i.__0printf$8) refers to printf8.o(i._printf_core) for _printf_core
    printf8.o(i.__0printf$8) refers to debug_usart.o(.text) for fputc
    printf8.o(i.__0printf$8) refers to debug_usart.o(.data) for __stdout
    printf8.o(i.__0snprintf$8) refers to printf8.o(i._printf_core) for _printf_core
    printf8.o(i.__0snprintf$8) refers to printf8.o(i._snputc) for _snputc
    printf8.o(i.__0sprintf$8) refers to printf8.o(i._printf_core) for _printf_core
    printf8.o(i.__0sprintf$8) refers to printf8.o(i._sputc) for _sputc
    printf8.o(i.__0vfprintf$8) refers to printf8.o(i._printf_core) for _printf_core
    printf8.o(i.__0vfprintf$8) refers to debug_usart.o(.text) for fputc
    printf8.o(i.__0vprintf$8) refers to printf8.o(i._printf_core) for _printf_core
    printf8.o(i.__0vprintf$8) refers to debug_usart.o(.text) for fputc
    printf8.o(i.__0vprintf$8) refers to debug_usart.o(.data) for __stdout
    printf8.o(i.__0vsnprintf$8) refers to printf8.o(i._printf_core) for _printf_core
    printf8.o(i.__0vsnprintf$8) refers to printf8.o(i._snputc) for _snputc
    printf8.o(i.__0vsprintf$8) refers to printf8.o(i._printf_core) for _printf_core
    printf8.o(i.__0vsprintf$8) refers to printf8.o(i._sputc) for _sputc
    printf8.o(i._printf_core) refers to printf8.o(i._printf_pre_padding) for _printf_pre_padding
    printf8.o(i._printf_core) refers to uldiv.o(.text) for __aeabi_uldivmod
    printf8.o(i._printf_core) refers to printf8.o(i._printf_post_padding) for _printf_post_padding
    printfa.o(i.__0fprintf) refers (Special) to iusefp.o(.text) for __I$use$fp
    printfa.o(i.__0fprintf) refers to printfa.o(i._printf_core) for _printf_core
    printfa.o(i.__0fprintf) refers to debug_usart.o(.text) for fputc
    printfa.o(i.__0printf) refers (Special) to iusefp.o(.text) for __I$use$fp
    printfa.o(i.__0printf) refers to printfa.o(i._printf_core) for _printf_core
    printfa.o(i.__0printf) refers to debug_usart.o(.text) for fputc
    printfa.o(i.__0printf) refers to debug_usart.o(.data) for __stdout
    printfa.o(i.__0snprintf) refers (Special) to iusefp.o(.text) for __I$use$fp
    printfa.o(i.__0snprintf) refers to printfa.o(i._printf_core) for _printf_core
    printfa.o(i.__0snprintf) refers to printfa.o(i._snputc) for _snputc
    printfa.o(i.__0sprintf) refers (Special) to iusefp.o(.text) for __I$use$fp
    printfa.o(i.__0sprintf) refers to printfa.o(i._printf_core) for _printf_core
    printfa.o(i.__0sprintf) refers to printfa.o(i._sputc) for _sputc
    printfa.o(i.__0vfprintf) refers (Special) to iusefp.o(.text) for __I$use$fp
    printfa.o(i.__0vfprintf) refers to printfa.o(i._printf_core) for _printf_core
    printfa.o(i.__0vfprintf) refers to debug_usart.o(.text) for fputc
    printfa.o(i.__0vprintf) refers (Special) to iusefp.o(.text) for __I$use$fp
    printfa.o(i.__0vprintf) refers to printfa.o(i._printf_core) for _printf_core
    printfa.o(i.__0vprintf) refers to debug_usart.o(.text) for fputc
    printfa.o(i.__0vprintf) refers to debug_usart.o(.data) for __stdout
    printfa.o(i.__0vsnprintf) refers (Special) to iusefp.o(.text) for __I$use$fp
    printfa.o(i.__0vsnprintf) refers to printfa.o(i._printf_core) for _printf_core
    printfa.o(i.__0vsnprintf) refers to printfa.o(i._snputc) for _snputc
    printfa.o(i.__0vsprintf) refers (Special) to iusefp.o(.text) for __I$use$fp
    printfa.o(i.__0vsprintf) refers to printfa.o(i._printf_core) for _printf_core
    printfa.o(i.__0vsprintf) refers to printfa.o(i._sputc) for _sputc
    printfa.o(i._fp_digits) refers (Special) to iusefp.o(.text) for __I$use$fp
    printfa.o(i._fp_digits) refers to dmul.o(.text) for __aeabi_dmul
    printfa.o(i._fp_digits) refers to ddiv.o(.text) for __aeabi_ddiv
    printfa.o(i._fp_digits) refers to cdrcmple.o(.text) for __aeabi_cdrcmple
    printfa.o(i._fp_digits) refers to dadd.o(.text) for __aeabi_dadd
    printfa.o(i._fp_digits) refers to dfixul.o(.text) for __aeabi_d2ulz
    printfa.o(i._fp_digits) refers to uldiv.o(.text) for __aeabi_uldivmod
    printfa.o(i._printf_core) refers (Special) to iusefp.o(.text) for __I$use$fp
    printfa.o(i._printf_core) refers to printfa.o(i._printf_pre_padding) for _printf_pre_padding
    printfa.o(i._printf_core) refers to uldiv.o(.text) for __aeabi_uldivmod
    printfa.o(i._printf_core) refers to printfa.o(i._printf_post_padding) for _printf_post_padding
    printfa.o(i._printf_core) refers to printfa.o(i._fp_digits) for _fp_digits
    printfa.o(i._printf_core) refers to uidiv.o(.text) for __aeabi_uidivmod
    printfa.o(i._printf_post_padding) refers (Special) to iusefp.o(.text) for __I$use$fp
    printfa.o(i._printf_pre_padding) refers (Special) to iusefp.o(.text) for __I$use$fp
    printfa.o(i._snputc) refers (Special) to iusefp.o(.text) for __I$use$fp
    printfa.o(i._sputc) refers (Special) to iusefp.o(.text) for __I$use$fp
    entry2.o(.ARM.Collect$$$$00000001) refers to entry2.o(.ARM.Collect$$$$00002712) for __lit__00000000
    entry2.o(.ARM.Collect$$$$00002712) refers to startup_stm32f10x_hd.o(STACK) for __initial_sp
    entry2.o(__vectab_stack_and_reset_area) refers to startup_stm32f10x_hd.o(STACK) for __initial_sp
    entry2.o(__vectab_stack_and_reset_area) refers to entry.o(.ARM.Collect$$$$00000000) for __main
    entry5.o(.ARM.Collect$$$$00000004) refers to init.o(.text) for __scatterload
    entry9a.o(.ARM.Collect$$$$0000000B) refers to main.o(.text) for main
    entry9b.o(.ARM.Collect$$$$0000000C) refers to main.o(.text) for main
    uldiv.o(.text) refers to llushr.o(.text) for __aeabi_llsr
    uldiv.o(.text) refers to llshl.o(.text) for __aeabi_llsl
    dadd.o(.text) refers to llshl.o(.text) for __aeabi_llsl
    dadd.o(.text) refers to llsshr.o(.text) for __aeabi_lasr
    dadd.o(.text) refers to depilogue.o(.text) for _double_epilogue
    dmul.o(.text) refers to depilogue.o(.text) for _double_epilogue
    ddiv.o(.text) refers to depilogue.o(.text) for _double_round
    dfixul.o(.text) refers to llushr.o(.text) for __aeabi_llsr
    dfixul.o(.text) refers to llshl.o(.text) for __aeabi_llsl
    init.o(.text) refers to entry5.o(.ARM.Collect$$$$00000004) for __main_after_scatterload
    depilogue.o(.text) refers to llshl.o(.text) for __aeabi_llsl
    depilogue.o(.text) refers to llushr.o(.text) for __aeabi_llsr


==============================================================================

Removing Unused input sections from the image.

    Removing cpld.o(.text), (296 bytes).
    Removing stm32f10x_adc.o(.text), (1102 bytes).
    Removing stm32f10x_bkp.o(.text), (196 bytes).
    Removing stm32f10x_can.o(.text), (2544 bytes).
    Removing stm32f10x_cec.o(.text), (288 bytes).
    Removing stm32f10x_crc.o(.text), (72 bytes).
    Removing stm32f10x_dac.o(.text), (396 bytes).
    Removing stm32f10x_dbgmcu.o(.text), (48 bytes).
    Removing stm32f10x_dma.o(.text), (596 bytes).
    Removing stm32f10x_fsmc.o(.text), (1548 bytes).
    Removing stm32f10x_pwr.o(.text), (204 bytes).
    Removing stm32f10x_rtc.o(.text), (328 bytes).
    Removing stm32f10x_sdio.o(.text), (468 bytes).
    Removing stm32f10x_spi.o(.text), (780 bytes).
    Removing stm32f10x_tim.o(.text), (3610 bytes).
    Removing startup_stm32f10x_hd.o(HEAP), (512 bytes).
    Removing core_cm3.o(.emb_text), (32 bytes).
    Removing dadd.o(.text), (334 bytes).
    Removing dmul.o(.text), (228 bytes).
    Removing ddiv.o(.text), (222 bytes).
    Removing dfixul.o(.text), (48 bytes).
    Removing cdrcmple.o(.text), (48 bytes).
    Removing depilogue.o(.text), (186 bytes).

23 unused section(s) (total 14086 bytes) removed from the image.

==============================================================================

Image Symbol Table

    Local Symbols

    Symbol Name                              Value     Ov Type        Size  Object(Section)

    ../clib/microlib/division.c              0x00000000   Number         0  uidiv.o ABSOLUTE
    ../clib/microlib/division.c              0x00000000   Number         0  uldiv.o ABSOLUTE
    ../clib/microlib/init/entry.s            0x00000000   Number         0  entry7a.o ABSOLUTE
    ../clib/microlib/init/entry.s            0x00000000   Number         0  entry11a.o ABSOLUTE
    ../clib/microlib/init/entry.s            0x00000000   Number         0  entry10b.o ABSOLUTE
    ../clib/microlib/init/entry.s            0x00000000   Number         0  entry9a.o ABSOLUTE
    ../clib/microlib/init/entry.s            0x00000000   Number         0  entry5.o ABSOLUTE
    ../clib/microlib/init/entry.s            0x00000000   Number         0  entry10a.o ABSOLUTE
    ../clib/microlib/init/entry.s            0x00000000   Number         0  entry9b.o ABSOLUTE
    ../clib/microlib/init/entry.s            0x00000000   Number         0  entry2.o ABSOLUTE
    ../clib/microlib/init/entry.s            0x00000000   Number         0  entry8b.o ABSOLUTE
    ../clib/microlib/init/entry.s            0x00000000   Number         0  entry8a.o ABSOLUTE
    ../clib/microlib/init/entry.s            0x00000000   Number         0  entry.o ABSOLUTE
    ../clib/microlib/init/entry.s            0x00000000   Number         0  entry7b.o ABSOLUTE
    ../clib/microlib/init/entry.s            0x00000000   Number         0  entry11b.o ABSOLUTE
    ../clib/microlib/longlong.c              0x00000000   Number         0  llsshr.o ABSOLUTE
    ../clib/microlib/longlong.c              0x00000000   Number         0  llshl.o ABSOLUTE
    ../clib/microlib/longlong.c              0x00000000   Number         0  llushr.o ABSOLUTE
    ../clib/microlib/printf/printf.c         0x00000000   Number         0  printf7.o ABSOLUTE
    ../clib/microlib/printf/printf.c         0x00000000   Number         0  printf6.o ABSOLUTE
    ../clib/microlib/printf/printf.c         0x00000000   Number         0  printf5.o ABSOLUTE
    ../clib/microlib/printf/printf.c         0x00000000   Number         0  printf4.o ABSOLUTE
    ../clib/microlib/printf/printf.c         0x00000000   Number         0  printf3.o ABSOLUTE
    ../clib/microlib/printf/printf.c         0x00000000   Number         0  printf2.o ABSOLUTE
    ../clib/microlib/printf/printf.c         0x00000000   Number         0  printf1.o ABSOLUTE
    ../clib/microlib/printf/printf.c         0x00000000   Number         0  printf0.o ABSOLUTE
    ../clib/microlib/printf/printf.c         0x00000000   Number         0  printfb.o ABSOLUTE
    ../clib/microlib/printf/printf.c         0x00000000   Number         0  printfa.o ABSOLUTE
    ../clib/microlib/printf/printf.c         0x00000000   Number         0  printf8.o ABSOLUTE
    ../clib/microlib/printf/stubs.s          0x00000000   Number         0  stubs.o ABSOLUTE
    ../clib/microlib/string/memcpy.c         0x00000000   Number         0  memcpyb.o ABSOLUTE
    ../clib/microlib/string/memcpy.c         0x00000000   Number         0  memcpya.o ABSOLUTE
    ../clib/microlib/string/memset.c         0x00000000   Number         0  memseta.o ABSOLUTE
    ../clib/microlib/stubs.s                 0x00000000   Number         0  iusefp.o ABSOLUTE
    ../clib/microlib/stubs.s                 0x00000000   Number         0  useno.o ABSOLUTE
    ../fplib/microlib/fpadd.c                0x00000000   Number         0  dadd.o ABSOLUTE
    ../fplib/microlib/fpdiv.c                0x00000000   Number         0  ddiv.o ABSOLUTE
    ../fplib/microlib/fpepilogue.c           0x00000000   Number         0  depilogue.o ABSOLUTE
    ../fplib/microlib/fpfix.c                0x00000000   Number         0  dfixul.o ABSOLUTE
    ../fplib/microlib/fpmul.c                0x00000000   Number         0  dmul.o ABSOLUTE
    CMSIS\\core_cm3.c                        0x00000000   Number         0  core_cm3.o ABSOLUTE
    CMSIS\core_cm3.c                         0x00000000   Number         0  core_cm3.o ABSOLUTE
    CMSIS\system_stm32f10x.c                 0x00000000   Number         0  system_stm32f10x.o ABSOLUTE
    Libraies\src\misc.c                      0x00000000   Number         0  misc.o ABSOLUTE
    Libraies\src\stm32f10x_adc.c             0x00000000   Number         0  stm32f10x_adc.o ABSOLUTE
    Libraies\src\stm32f10x_bkp.c             0x00000000   Number         0  stm32f10x_bkp.o ABSOLUTE
    Libraies\src\stm32f10x_can.c             0x00000000   Number         0  stm32f10x_can.o ABSOLUTE
    Libraies\src\stm32f10x_cec.c             0x00000000   Number         0  stm32f10x_cec.o ABSOLUTE
    Libraies\src\stm32f10x_crc.c             0x00000000   Number         0  stm32f10x_crc.o ABSOLUTE
    Libraies\src\stm32f10x_dac.c             0x00000000   Number         0  stm32f10x_dac.o ABSOLUTE
    Libraies\src\stm32f10x_dbgmcu.c          0x00000000   Number         0  stm32f10x_dbgmcu.o ABSOLUTE
    Libraies\src\stm32f10x_dma.c             0x00000000   Number         0  stm32f10x_dma.o ABSOLUTE
    Libraies\src\stm32f10x_exti.c            0x00000000   Number         0  stm32f10x_exti.o ABSOLUTE
    Libraies\src\stm32f10x_flash.c           0x00000000   Number         0  stm32f10x_flash.o ABSOLUTE
    Libraies\src\stm32f10x_fsmc.c            0x00000000   Number         0  stm32f10x_fsmc.o ABSOLUTE
    Libraies\src\stm32f10x_gpio.c            0x00000000   Number         0  stm32f10x_gpio.o ABSOLUTE
    Libraies\src\stm32f10x_i2c.c             0x00000000   Number         0  stm32f10x_i2c.o ABSOLUTE
    Libraies\src\stm32f10x_iwdg.c            0x00000000   Number         0  stm32f10x_iwdg.o ABSOLUTE
    Libraies\src\stm32f10x_pwr.c             0x00000000   Number         0  stm32f10x_pwr.o ABSOLUTE
    Libraies\src\stm32f10x_rcc.c             0x00000000   Number         0  stm32f10x_rcc.o ABSOLUTE
    Libraies\src\stm32f10x_rtc.c             0x00000000   Number         0  stm32f10x_rtc.o ABSOLUTE
    Libraies\src\stm32f10x_sdio.c            0x00000000   Number         0  stm32f10x_sdio.o ABSOLUTE
    Libraies\src\stm32f10x_spi.c             0x00000000   Number         0  stm32f10x_spi.o ABSOLUTE
    Libraies\src\stm32f10x_tim.c             0x00000000   Number         0  stm32f10x_tim.o ABSOLUTE
    Libraies\src\stm32f10x_usart.c           0x00000000   Number         0  stm32f10x_usart.o ABSOLUTE
    Libraies\src\stm32f10x_wwdg.c            0x00000000   Number         0  stm32f10x_wwdg.o ABSOLUTE
    Startup\startup_stm32f10x_hd.s           0x00000000   Number         0  startup_stm32f10x_hd.o ABSOLUTE
    System\\src\\sys.c                       0x00000000   Number         0  sys.o ABSOLUTE
    System\src\debug_usart.c                 0x00000000   Number         0  debug_usart.o ABSOLUTE
    System\src\delay.c                       0x00000000   Number         0  delay.o ABSOLUTE
    System\src\irq_handler.c                 0x00000000   Number         0  irq_handler.o ABSOLUTE
    System\src\sys.c                         0x00000000   Number         0  sys.o ABSOLUTE
    User\src\common_init.c                   0x00000000   Number         0  common_init.o ABSOLUTE
    User\src\cpld.c                          0x00000000   Number         0  cpld.o ABSOLUTE
    User\src\flash.c                         0x00000000   Number         0  flash.o ABSOLUTE
    User\src\gpio.c                          0x00000000   Number         0  gpio.o ABSOLUTE
    User\src\main.c                          0x00000000   Number         0  main.o ABSOLUTE
    User\src\myiic.c                         0x00000000   Number         0  myiic.o ABSOLUTE
    User\src\process.c                       0x00000000   Number         0  process.o ABSOLUTE
    User\src\stm32f10x_it.c                  0x00000000   Number         0  stm32f10x_it.o ABSOLUTE
    User\src\usart.c                         0x00000000   Number         0  usart.o ABSOLUTE
    User\src\wdg.c                           0x00000000   Number         0  wdg.o ABSOLUTE
    cdrcmple.s                               0x00000000   Number         0  cdrcmple.o ABSOLUTE
    dc.s                                     0x00000000   Number         0  dc.o ABSOLUTE
    handlers.s                               0x00000000   Number         0  handlers.o ABSOLUTE
    init.s                                   0x00000000   Number         0  init.o ABSOLUTE
    RESET                                    0x08000000   Section      304  startup_stm32f10x_hd.o(RESET)
    .ARM.Collect$$$$00000000                 0x08000130   Section        0  entry.o(.ARM.Collect$$$$00000000)
    .ARM.Collect$$$$00000001                 0x08000130   Section        4  entry2.o(.ARM.Collect$$$$00000001)
    .ARM.Collect$$$$00000004                 0x08000134   Section        4  entry5.o(.ARM.Collect$$$$00000004)
    .ARM.Collect$$$$00000008                 0x08000138   Section        0  entry7b.o(.ARM.Collect$$$$00000008)
    .ARM.Collect$$$$0000000A                 0x08000138   Section        0  entry8b.o(.ARM.Collect$$$$0000000A)
    .ARM.Collect$$$$0000000B                 0x08000138   Section        8  entry9a.o(.ARM.Collect$$$$0000000B)
    .ARM.Collect$$$$0000000D                 0x08000140   Section        0  entry10a.o(.ARM.Collect$$$$0000000D)
    .ARM.Collect$$$$0000000F                 0x08000140   Section        0  entry11a.o(.ARM.Collect$$$$0000000F)
    .ARM.Collect$$$$00002712                 0x08000140   Section        4  entry2.o(.ARM.Collect$$$$00002712)
    __lit__00000000                          0x08000140   Data           4  entry2.o(.ARM.Collect$$$$00002712)
    .emb_text                                0x08000144   Section        6  sys.o(.emb_text)
    .text                                    0x0800014c   Section        0  usart.o(.text)
    .text                                    0x08000570   Section        0  wdg.o(.text)
    .text                                    0x08000614   Section        0  main.o(.text)
    .text                                    0x08000824   Section        0  stm32f10x_it.o(.text)
    .text                                    0x08000840   Section        0  flash.o(.text)
    .text                                    0x080009a4   Section        0  common_init.o(.text)
    RCC_Configuration                        0x080009a5   Thumb Code    22  common_init.o(.text)
    .text                                    0x080009f8   Section        0  process.o(.text)
    Proc_CheckSum                            0x08000a1b   Thumb Code    30  process.o(.text)
    Proc_setRespondState                     0x08000a39   Thumb Code    38  process.o(.text)
    Proc_Stm32Respond                        0x08000a5f   Thumb Code    54  process.o(.text)
    Proc_WriteAppFlash                       0x08000a95   Thumb Code    40  process.o(.text)
    Proc_Finished                            0x08000abd   Thumb Code    22  process.o(.text)
    Proc_DataErrProc                         0x08000ad3   Thumb Code    26  process.o(.text)
    Proc_UsartContorl                        0x08000aed   Thumb Code   536  process.o(.text)
    .text                                    0x08000e60   Section        0  gpio.o(.text)
    .text                                    0x08000fa4   Section        0  myiic.o(.text)
    i2c2_configuration                       0x08000fa5   Thumb Code   146  myiic.o(.text)
    i2c2_gpio_configuration                  0x08001037   Thumb Code    50  myiic.o(.text)
    i2c2_init                                0x08001069   Thumb Code    12  myiic.o(.text)
    .text                                    0x08001450   Section        0  misc.o(.text)
    .text                                    0x0800152c   Section        0  stm32f10x_exti.o(.text)
    .text                                    0x08001648   Section        0  stm32f10x_flash.o(.text)
    .text                                    0x08001c04   Section        0  stm32f10x_gpio.o(.text)
    .text                                    0x08001f60   Section        0  stm32f10x_i2c.o(.text)
    .text                                    0x08002364   Section        0  stm32f10x_iwdg.o(.text)
    .text                                    0x080023a4   Section        0  stm32f10x_rcc.o(.text)
    .text                                    0x08002748   Section        0  stm32f10x_usart.o(.text)
    .text                                    0x08002b84   Section        0  stm32f10x_wwdg.o(.text)
    .text                                    0x08002c0c   Section       36  startup_stm32f10x_hd.o(.text)
    .text                                    0x08002c30   Section        0  system_stm32f10x.o(.text)
    SetSysClockTo72                          0x08002c31   Thumb Code   214  system_stm32f10x.o(.text)
    SetSysClock                              0x08002d07   Thumb Code     8  system_stm32f10x.o(.text)
    .text                                    0x08002e10   Section        0  debug_usart.o(.text)
    .text                                    0x08002f54   Section        0  delay.o(.text)
    .text                                    0x08003028   Section        0  sys.o(.text)
    .text                                    0x080030a0   Section        0  memcpya.o(.text)
    .text                                    0x080030c4   Section        0  memseta.o(.text)
    .text                                    0x080030e8   Section        0  uldiv.o(.text)
    .text                                    0x0800314c   Section       36  init.o(.text)
    .text                                    0x08003170   Section        0  llshl.o(.text)
    .text                                    0x0800318e   Section        0  llushr.o(.text)
    i.__0printf$5                            0x080031b0   Section        0  printf5.o(i.__0printf$5)
    i.__scatterload_copy                     0x080031d0   Section       14  handlers.o(i.__scatterload_copy)
    i.__scatterload_null                     0x080031de   Section        2  handlers.o(i.__scatterload_null)
    i.__scatterload_zeroinit                 0x080031e0   Section       14  handlers.o(i.__scatterload_zeroinit)
    i._printf_core                           0x080031f0   Section        0  printf5.o(i._printf_core)
    _printf_core                             0x080031f1   Thumb Code   658  printf5.o(i._printf_core)
    .constdata                               0x080034b0   Section       91  usart.o(.constdata)
    __FUNCTION__                             0x080034b0   Data          18  usart.o(.constdata)
    __FUNCTION__                             0x080034c2   Data          20  usart.o(.constdata)
    __FUNCTION__                             0x080034d6   Data          19  usart.o(.constdata)
    __FUNCTION__                             0x080034e9   Data          18  usart.o(.constdata)
    __FUNCTION__                             0x080034fb   Data          16  usart.o(.constdata)
    .constdata                               0x0800350b   Section       26  main.o(.constdata)
    __func__                                 0x0800350b   Data          21  main.o(.constdata)
    __FUNCTION__                             0x08003520   Data           5  main.o(.constdata)
    .constdata                               0x08003525   Section       48  process.o(.constdata)
    __FUNCTION__                             0x08003525   Data          16  process.o(.constdata)
    __FUNCTION__                             0x08003535   Data          14  process.o(.constdata)
    __FUNCTION__                             0x08003543   Data          18  process.o(.constdata)
    .constdata                               0x08003555   Section       13  sys.o(.constdata)
    __FUNCTION__                             0x08003555   Data          13  sys.o(.constdata)
    .data                                    0x20000000   Section       10  usart.o(.data)
    USART1_RX_FLAG                           0x20000000   Data           1  usart.o(.data)
    USART3_RX_FLAG                           0x20000001   Data           1  usart.o(.data)
    USART4_RX_FLAG                           0x20000002   Data           1  usart.o(.data)
    USART1_RX_CNT                            0x20000004   Data           2  usart.o(.data)
    USART3_RX_CNT                            0x20000006   Data           2  usart.o(.data)
    USART4_RX_CNT                            0x20000008   Data           2  usart.o(.data)
    .data                                    0x2000000a   Section        1  wdg.o(.data)
    .data                                    0x2000000c   Section       20  process.o(.data)
    g_offsetAddr                             0x2000000c   Data           4  process.o(.data)
    g_recvDataErr                            0x20000010   Data           1  process.o(.data)
    s_saveData                               0x20000011   Data           2  process.o(.data)
    flag_value                               0x2000001c   Data           4  process.o(.data)
    .data                                    0x20000020   Section        2  myiic.o(.data)
    RxCount                                  0x20000020   Data           1  myiic.o(.data)
    RxReg                                    0x20000021   Data           1  myiic.o(.data)
    .data                                    0x20000022   Section       20  stm32f10x_rcc.o(.data)
    APBAHBPrescTable                         0x20000022   Data          16  stm32f10x_rcc.o(.data)
    ADCPrescTable                            0x20000032   Data           4  stm32f10x_rcc.o(.data)
    .data                                    0x20000038   Section       20  system_stm32f10x.o(.data)
    .data                                    0x2000004c   Section        6  debug_usart.o(.data)
    .data                                    0x20000052   Section        4  delay.o(.data)
    fac_us                                   0x20000052   Data           1  delay.o(.data)
    fac_ms                                   0x20000054   Data           2  delay.o(.data)
    .data                                    0x20000058   Section        4  sys.o(.data)
    .bss                                     0x2000005c   Section       72  usart.o(.bss)
    USART1_RX_BUF                            0x2000005c   Data          24  usart.o(.bss)
    USART3_RX_BUF                            0x20000074   Data          24  usart.o(.bss)
    USART4_RX_BUF                            0x2000008c   Data          24  usart.o(.bss)
    .bss                                     0x200000a4   Section     2048  flash.o(.bss)
    .bss                                     0x200008a4   Section     2096  process.o(.bss)
    stUartCMD                                0x200008a4   Data          24  process.o(.bss)
    stResCMD                                 0x200008bc   Data          24  process.o(.bss)
    s_flashData                              0x200008d4   Data        2048  process.o(.bss)
    .bss                                     0x200010d4   Section      189  myiic.o(.bss)
    .bss                                     0x20001191   Section      200  debug_usart.o(.bss)
    STACK                                    0x20001260   Section     1024  startup_stm32f10x_hd.o(STACK)

    Global Symbols

    Symbol Name                              Value     Ov Type        Size  Object(Section)

    BuildAttributes$$THM_ISAv4$P$D$K$B$S$PE$A:L22UL41UL21$X:L11$S22US41US21$IEEE1$IW$USESV6$~STKCKD$USESV7$~SHL$OSPACE$ROPI$EBA8$MICROLIB$REQ8$PRES8$EABIv2 0x00000000   Number         0  anon$$obj.o ABSOLUTE
    __ARM_use_no_argv                        0x00000000   Number         0  main.o ABSOLUTE
    __use_no_errno                           0x00000000   Number         0  useno.o ABSOLUTE
    __use_no_exception_handling              0x00000000   Number         0  useno.o ABSOLUTE
    __use_no_fp                              0x00000000   Number         0  useno.o ABSOLUTE
    __use_no_heap                            0x00000000   Number         0  useno.o ABSOLUTE
    __use_no_heap_region                     0x00000000   Number         0  useno.o ABSOLUTE
    __use_no_semihosting                     0x00000000   Number         0  useno.o ABSOLUTE
    __use_no_semihosting_swi                 0x00000000   Number         0  useno.o ABSOLUTE
    __use_no_signal_handling                 0x00000000   Number         0  useno.o ABSOLUTE
    _printf_a                                0x00000000   Number         0  stubs.o ABSOLUTE
    _printf_c                                0x00000000   Number         0  stubs.o ABSOLUTE
    _printf_charcount                        0x00000000   Number         0  stubs.o ABSOLUTE
    _printf_d                                0x00000000   Number         0  stubs.o ABSOLUTE
    _printf_e                                0x00000000   Number         0  stubs.o ABSOLUTE
    _printf_f                                0x00000000   Number         0  stubs.o ABSOLUTE
    _printf_flags                            0x00000000   Number         0  stubs.o ABSOLUTE
    _printf_fp_dec                           0x00000000   Number         0  stubs.o ABSOLUTE
    _printf_fp_hex                           0x00000000   Number         0  stubs.o ABSOLUTE
    _printf_g                                0x00000000   Number         0  stubs.o ABSOLUTE
    _printf_i                                0x00000000   Number         0  stubs.o ABSOLUTE
    _printf_int_dec                          0x00000000   Number         0  stubs.o ABSOLUTE
    _printf_l                                0x00000000   Number         0  stubs.o ABSOLUTE
    _printf_lc                               0x00000000   Number         0  stubs.o ABSOLUTE
    _printf_ll                               0x00000000   Number         0  stubs.o ABSOLUTE
    _printf_lld                              0x00000000   Number         0  stubs.o ABSOLUTE
    _printf_lli                              0x00000000   Number         0  stubs.o ABSOLUTE
    _printf_llo                              0x00000000   Number         0  stubs.o ABSOLUTE
    _printf_llu                              0x00000000   Number         0  stubs.o ABSOLUTE
    _printf_llx                              0x00000000   Number         0  stubs.o ABSOLUTE
    _printf_longlong_dec                     0x00000000   Number         0  stubs.o ABSOLUTE
    _printf_longlong_hex                     0x00000000   Number         0  stubs.o ABSOLUTE
    _printf_longlong_oct                     0x00000000   Number         0  stubs.o ABSOLUTE
    _printf_ls                               0x00000000   Number         0  stubs.o ABSOLUTE
    _printf_mbtowc                           0x00000000   Number         0  stubs.o ABSOLUTE
    _printf_n                                0x00000000   Number         0  stubs.o ABSOLUTE
    _printf_o                                0x00000000   Number         0  stubs.o ABSOLUTE
    _printf_p                                0x00000000   Number         0  stubs.o ABSOLUTE
    _printf_percent                          0x00000000   Number         0  stubs.o ABSOLUTE
    _printf_pre_padding                      0x00000000   Number         0  stubs.o ABSOLUTE
    _printf_return_value                     0x00000000   Number         0  stubs.o ABSOLUTE
    _printf_s                                0x00000000   Number         0  stubs.o ABSOLUTE
    _printf_sizespec                         0x00000000   Number         0  stubs.o ABSOLUTE
    _printf_str                              0x00000000   Number         0  stubs.o ABSOLUTE
    _printf_truncate_signed                  0x00000000   Number         0  stubs.o ABSOLUTE
    _printf_truncate_unsigned                0x00000000   Number         0  stubs.o ABSOLUTE
    _printf_u                                0x00000000   Number         0  stubs.o ABSOLUTE
    _printf_wc                               0x00000000   Number         0  stubs.o ABSOLUTE
    _printf_wctomb                           0x00000000   Number         0  stubs.o ABSOLUTE
    _printf_widthprec                        0x00000000   Number         0  stubs.o ABSOLUTE
    _printf_x                                0x00000000   Number         0  stubs.o ABSOLUTE
    __cpp_initialize__aeabi_                  - Undefined Weak Reference
    __cxa_finalize                            - Undefined Weak Reference
    __decompress                              - Undefined Weak Reference
    _clock_init                               - Undefined Weak Reference
    _microlib_exit                            - Undefined Weak Reference
    __Vectors_Size                           0x00000130   Number         0  startup_stm32f10x_hd.o ABSOLUTE
    __Vectors                                0x08000000   Data           4  startup_stm32f10x_hd.o(RESET)
    __Vectors_End                            0x08000130   Data           0  startup_stm32f10x_hd.o(RESET)
    __main                                   0x08000131   Thumb Code     0  entry.o(.ARM.Collect$$$$00000000)
    _main_stk                                0x08000131   Thumb Code     0  entry2.o(.ARM.Collect$$$$00000001)
    _main_scatterload                        0x08000135   Thumb Code     0  entry5.o(.ARM.Collect$$$$00000004)
    __main_after_scatterload                 0x08000139   Thumb Code     0  entry5.o(.ARM.Collect$$$$00000004)
    _main_clock                              0x08000139   Thumb Code     0  entry7b.o(.ARM.Collect$$$$00000008)
    _main_cpp_init                           0x08000139   Thumb Code     0  entry8b.o(.ARM.Collect$$$$0000000A)
    _main_init                               0x08000139   Thumb Code     0  entry9a.o(.ARM.Collect$$$$0000000B)
    __rt_final_cpp                           0x08000141   Thumb Code     0  entry10a.o(.ARM.Collect$$$$0000000D)
    __rt_final_exit                          0x08000141   Thumb Code     0  entry11a.o(.ARM.Collect$$$$0000000F)
    MSR_MSP                                  0x08000145   Thumb Code     6  sys.o(.emb_text)
    USART_getRecvFlag                        0x0800014d   Thumb Code    58  usart.o(.text)
    USART_clearRecvFlag                      0x08000187   Thumb Code    56  usart.o(.text)
    USART_clearRecvLen                       0x080001bf   Thumb Code    56  usart.o(.text)
    USART_getRecvData                        0x080001f7   Thumb Code    70  usart.o(.text)
    uart4_get_data                           0x0800023d   Thumb Code    24  usart.o(.text)
    uart3_init                               0x08000255   Thumb Code   142  usart.o(.text)
    USART3_IRQHandler                        0x080002e3   Thumb Code    70  usart.o(.text)
    uart4_init                               0x08000329   Thumb Code   148  usart.o(.text)
    UART4_IRQHandler                         0x080003bd   Thumb Code    70  usart.o(.text)
    USART_ReadData                           0x08000403   Thumb Code   120  usart.o(.text)
    USART_WriteData                          0x0800047b   Thumb Code    74  usart.o(.text)
    uart4_clean_buf                          0x080004c5   Thumb Code    18  usart.o(.text)
    IWDG_Init                                0x08000571   Thumb Code    36  wdg.o(.text)
    IWDG_Feed                                0x08000595   Thumb Code     8  wdg.o(.text)
    WWDG_NVIC_Init                           0x0800059d   Thumb Code    34  wdg.o(.text)
    WWDG_Init                                0x080005bf   Thumb Code    52  wdg.o(.text)
    WWDG_Set_Counter                         0x080005f3   Thumb Code    12  wdg.o(.text)
    WWDG_IRQHandler                          0x080005ff   Thumb Code    16  wdg.o(.text)
    cpu_power_init                           0x08000615   Thumb Code   170  main.o(.text)
    EXTI15_10_IRQHandler                     0x080006bf   Thumb Code    62  main.o(.text)
    reset_vector_valid                       0x080006fd   Thumb Code    46  main.o(.text)
    main                                     0x0800072b   Thumb Code    96  main.o(.text)
    NMI_Handler                              0x08000825   Thumb Code     2  stm32f10x_it.o(.text)
    HardFault_Handler                        0x08000827   Thumb Code     4  stm32f10x_it.o(.text)
    MemManage_Handler                        0x0800082b   Thumb Code     4  stm32f10x_it.o(.text)
    BusFault_Handler                         0x0800082f   Thumb Code     4  stm32f10x_it.o(.text)
    UsageFault_Handler                       0x08000833   Thumb Code     4  stm32f10x_it.o(.text)
    SVC_Handler                              0x08000837   Thumb Code     2  stm32f10x_it.o(.text)
    DebugMon_Handler                         0x08000839   Thumb Code     2  stm32f10x_it.o(.text)
    PendSV_Handler                           0x0800083b   Thumb Code     2  stm32f10x_it.o(.text)
    SysTick_Handler                          0x0800083d   Thumb Code     2  stm32f10x_it.o(.text)
    STMFLASH_Write_NoCheck                   0x08000841   Thumb Code    38  flash.o(.text)
    bsp_flashEraseStartPage                  0x08000867   Thumb Code    30  flash.o(.text)
    STMFLASH_ReadHalfWord                    0x08000885   Thumb Code     6  flash.o(.text)
    STMFLASH_Read                            0x0800088b   Thumb Code    34  flash.o(.text)
    STMFLASH_Write                           0x080008ad   Thumb Code   222  flash.o(.text)
    STMFLASH_WtiteU16DataToFlash             0x0800098b   Thumb Code    16  flash.o(.text)
    sys_init                                 0x080009bb   Thumb Code    58  common_init.o(.text)
    Proc_setVer                              0x080009f9   Thumb Code     6  process.o(.text)
    Proc_getVer                              0x080009ff   Thumb Code     6  process.o(.text)
    Proc_ClrDataCnt                          0x08000a05   Thumb Code    22  process.o(.text)
    Proc_appUpdate                           0x08000d05   Thumb Code    10  process.o(.text)
    GPIO_Configuration                       0x08000e61   Thumb Code   154  gpio.o(.text)
    Gpio_setPb14                             0x08000efb   Thumb Code    14  gpio.o(.text)
    Gpio_allBoardRest                        0x08000f09   Thumb Code   142  gpio.o(.text)
    i2c_init                                 0x08001075   Thumb Code    42  myiic.o(.text)
    IIC_Start                                0x0800109f   Thumb Code    64  myiic.o(.text)
    IIC_Stop                                 0x080010df   Thumb Code    66  myiic.o(.text)
    IIC_WaitAck                              0x08001121   Thumb Code    86  myiic.o(.text)
    IIC_Ack                                  0x08001177   Thumb Code    70  myiic.o(.text)
    IIC_NAck                                 0x080011bd   Thumb Code    70  myiic.o(.text)
    IIC_SendByte                             0x08001203   Thumb Code   104  myiic.o(.text)
    IIC_ReadByte                             0x0800126b   Thumb Code   102  myiic.o(.text)
    I2C2_EV_IRQHandler                       0x080012d1   Thumb Code   192  myiic.o(.text)
    I2C2_ER_IRQHandler                       0x08001391   Thumb Code   186  myiic.o(.text)
    NVIC_PriorityGroupConfig                 0x08001451   Thumb Code    10  misc.o(.text)
    NVIC_Init                                0x0800145b   Thumb Code   100  misc.o(.text)
    NVIC_SetVectorTable                      0x080014bf   Thumb Code    14  misc.o(.text)
    NVIC_SystemLPConfig                      0x080014cd   Thumb Code    34  misc.o(.text)
    SysTick_CLKSourceConfig                  0x080014ef   Thumb Code    40  misc.o(.text)
    EXTI_DeInit                              0x0800152d   Thumb Code    28  stm32f10x_exti.o(.text)
    EXTI_Init                                0x08001549   Thumb Code   142  stm32f10x_exti.o(.text)
    EXTI_StructInit                          0x080015d7   Thumb Code    16  stm32f10x_exti.o(.text)
    EXTI_GenerateSWInterrupt                 0x080015e7   Thumb Code    16  stm32f10x_exti.o(.text)
    EXTI_GetFlagStatus                       0x080015f7   Thumb Code    22  stm32f10x_exti.o(.text)
    EXTI_ClearFlag                           0x0800160d   Thumb Code     8  stm32f10x_exti.o(.text)
    EXTI_GetITStatus                         0x08001615   Thumb Code    34  stm32f10x_exti.o(.text)
    EXTI_ClearITPendingBit                   0x08001637   Thumb Code     8  stm32f10x_exti.o(.text)
    FLASH_SetLatency                         0x08001649   Thumb Code    18  stm32f10x_flash.o(.text)
    FLASH_HalfCycleAccessCmd                 0x0800165b   Thumb Code    22  stm32f10x_flash.o(.text)
    FLASH_PrefetchBufferCmd                  0x08001671   Thumb Code    22  stm32f10x_flash.o(.text)
    FLASH_Unlock                             0x08001687   Thumb Code    12  stm32f10x_flash.o(.text)
    FLASH_UnlockBank1                        0x08001693   Thumb Code    12  stm32f10x_flash.o(.text)
    FLASH_Lock                               0x0800169f   Thumb Code    14  stm32f10x_flash.o(.text)
    FLASH_LockBank1                          0x080016ad   Thumb Code    14  stm32f10x_flash.o(.text)
    FLASH_GetBank1Status                     0x080016bb   Thumb Code    48  stm32f10x_flash.o(.text)
    FLASH_WaitForLastOperation               0x080016eb   Thumb Code    38  stm32f10x_flash.o(.text)
    FLASH_ErasePage                          0x08001711   Thumb Code    72  stm32f10x_flash.o(.text)
    FLASH_EraseAllPages                      0x08001759   Thumb Code    68  stm32f10x_flash.o(.text)
    FLASH_WaitForLastBank1Operation          0x0800179d   Thumb Code    38  stm32f10x_flash.o(.text)
    FLASH_EraseAllBank1Pages                 0x080017c3   Thumb Code    68  stm32f10x_flash.o(.text)
    FLASH_GetReadOutProtectionStatus         0x08001807   Thumb Code    20  stm32f10x_flash.o(.text)
    FLASH_EraseOptionBytes                   0x0800181b   Thumb Code   150  stm32f10x_flash.o(.text)
    FLASH_ProgramWord                        0x080018b1   Thumb Code   102  stm32f10x_flash.o(.text)
    FLASH_ProgramHalfWord                    0x08001917   Thumb Code    60  stm32f10x_flash.o(.text)
    FLASH_ProgramOptionByteData              0x08001953   Thumb Code    72  stm32f10x_flash.o(.text)
    FLASH_EnableWriteProtection              0x0800199b   Thumb Code   200  stm32f10x_flash.o(.text)
    FLASH_ReadOutProtection                  0x08001a63   Thumb Code   156  stm32f10x_flash.o(.text)
    FLASH_UserOptionByteConfig               0x08001aff   Thumb Code    88  stm32f10x_flash.o(.text)
    FLASH_GetUserOptionByte                  0x08001b57   Thumb Code     8  stm32f10x_flash.o(.text)
    FLASH_GetWriteProtectionOptionByte       0x08001b5f   Thumb Code     6  stm32f10x_flash.o(.text)
    FLASH_GetPrefetchBufferStatus            0x08001b65   Thumb Code    20  stm32f10x_flash.o(.text)
    FLASH_ITConfig                           0x08001b79   Thumb Code    26  stm32f10x_flash.o(.text)
    FLASH_GetFlagStatus                      0x08001b93   Thumb Code    42  stm32f10x_flash.o(.text)
    FLASH_ClearFlag                          0x08001bbd   Thumb Code     6  stm32f10x_flash.o(.text)
    FLASH_GetStatus                          0x08001bc3   Thumb Code    48  stm32f10x_flash.o(.text)
    GPIO_DeInit                              0x08001c05   Thumb Code   172  stm32f10x_gpio.o(.text)
    GPIO_AFIODeInit                          0x08001cb1   Thumb Code    20  stm32f10x_gpio.o(.text)
    GPIO_Init                                0x08001cc5   Thumb Code   278  stm32f10x_gpio.o(.text)
    GPIO_StructInit                          0x08001ddb   Thumb Code    16  stm32f10x_gpio.o(.text)
    GPIO_ReadInputDataBit                    0x08001deb   Thumb Code    18  stm32f10x_gpio.o(.text)
    GPIO_ReadInputData                       0x08001dfd   Thumb Code     8  stm32f10x_gpio.o(.text)
    GPIO_ReadOutputDataBit                   0x08001e05   Thumb Code    18  stm32f10x_gpio.o(.text)
    GPIO_ReadOutputData                      0x08001e17   Thumb Code     8  stm32f10x_gpio.o(.text)
    GPIO_SetBits                             0x08001e1f   Thumb Code     4  stm32f10x_gpio.o(.text)
    GPIO_ResetBits                           0x08001e23   Thumb Code     4  stm32f10x_gpio.o(.text)
    GPIO_WriteBit                            0x08001e27   Thumb Code    10  stm32f10x_gpio.o(.text)
    GPIO_Write                               0x08001e31   Thumb Code     4  stm32f10x_gpio.o(.text)
    GPIO_PinLockConfig                       0x08001e35   Thumb Code    18  stm32f10x_gpio.o(.text)
    GPIO_EventOutputConfig                   0x08001e47   Thumb Code    26  stm32f10x_gpio.o(.text)
    GPIO_EventOutputCmd                      0x08001e61   Thumb Code     6  stm32f10x_gpio.o(.text)
    GPIO_PinRemapConfig                      0x08001e67   Thumb Code   138  stm32f10x_gpio.o(.text)
    GPIO_EXTILineConfig                      0x08001ef1   Thumb Code    66  stm32f10x_gpio.o(.text)
    GPIO_ETH_MediaInterfaceConfig            0x08001f33   Thumb Code     8  stm32f10x_gpio.o(.text)
    I2C_DeInit                               0x08001f61   Thumb Code    50  stm32f10x_i2c.o(.text)
    I2C_Init                                 0x08001f93   Thumb Code   222  stm32f10x_i2c.o(.text)
    I2C_StructInit                           0x08002071   Thumb Code    30  stm32f10x_i2c.o(.text)
    I2C_Cmd                                  0x0800208f   Thumb Code    24  stm32f10x_i2c.o(.text)
    I2C_DMACmd                               0x080020a7   Thumb Code    24  stm32f10x_i2c.o(.text)
    I2C_DMALastTransferCmd                   0x080020bf   Thumb Code    24  stm32f10x_i2c.o(.text)
    I2C_GenerateSTART                        0x080020d7   Thumb Code    24  stm32f10x_i2c.o(.text)
    I2C_GenerateSTOP                         0x080020ef   Thumb Code    24  stm32f10x_i2c.o(.text)
    I2C_AcknowledgeConfig                    0x08002107   Thumb Code    24  stm32f10x_i2c.o(.text)
    I2C_OwnAddress2Config                    0x0800211f   Thumb Code    22  stm32f10x_i2c.o(.text)
    I2C_DualAddressCmd                       0x08002135   Thumb Code    24  stm32f10x_i2c.o(.text)
    I2C_GeneralCallCmd                       0x0800214d   Thumb Code    24  stm32f10x_i2c.o(.text)
    I2C_ITConfig                             0x08002165   Thumb Code    18  stm32f10x_i2c.o(.text)
    I2C_SendData                             0x08002177   Thumb Code     4  stm32f10x_i2c.o(.text)
    I2C_ReceiveData                          0x0800217b   Thumb Code     8  stm32f10x_i2c.o(.text)
    I2C_Send7bitAddress                      0x08002183   Thumb Code    18  stm32f10x_i2c.o(.text)
    I2C_ReadRegister                         0x08002195   Thumb Code    22  stm32f10x_i2c.o(.text)
    I2C_SoftwareResetCmd                     0x080021ab   Thumb Code    22  stm32f10x_i2c.o(.text)
    I2C_NACKPositionConfig                   0x080021c1   Thumb Code    28  stm32f10x_i2c.o(.text)
    I2C_SMBusAlertConfig                     0x080021dd   Thumb Code    28  stm32f10x_i2c.o(.text)
    I2C_TransmitPEC                          0x080021f9   Thumb Code    24  stm32f10x_i2c.o(.text)
    I2C_PECPositionConfig                    0x08002211   Thumb Code    28  stm32f10x_i2c.o(.text)
    I2C_CalculatePEC                         0x0800222d   Thumb Code    24  stm32f10x_i2c.o(.text)
    I2C_GetPEC                               0x08002245   Thumb Code     8  stm32f10x_i2c.o(.text)
    I2C_ARPCmd                               0x0800224d   Thumb Code    24  stm32f10x_i2c.o(.text)
    I2C_StretchClockCmd                      0x08002265   Thumb Code    24  stm32f10x_i2c.o(.text)
    I2C_FastModeDutyCycleConfig              0x0800227d   Thumb Code    28  stm32f10x_i2c.o(.text)
    I2C_CheckEvent                           0x08002299   Thumb Code    42  stm32f10x_i2c.o(.text)
    I2C_GetLastEvent                         0x080022c3   Thumb Code    26  stm32f10x_i2c.o(.text)
    I2C_GetFlagStatus                        0x080022dd   Thumb Code    58  stm32f10x_i2c.o(.text)
    I2C_ClearFlag                            0x08002317   Thumb Code    12  stm32f10x_i2c.o(.text)
    I2C_GetITStatus                          0x08002323   Thumb Code    54  stm32f10x_i2c.o(.text)
    I2C_ClearITPendingBit                    0x08002359   Thumb Code    12  stm32f10x_i2c.o(.text)
    IWDG_WriteAccessCmd                      0x08002365   Thumb Code     6  stm32f10x_iwdg.o(.text)
    IWDG_SetPrescaler                        0x0800236b   Thumb Code     6  stm32f10x_iwdg.o(.text)
    IWDG_SetReload                           0x08002371   Thumb Code     6  stm32f10x_iwdg.o(.text)
    IWDG_ReloadCounter                       0x08002377   Thumb Code    10  stm32f10x_iwdg.o(.text)
    IWDG_Enable                              0x08002381   Thumb Code    10  stm32f10x_iwdg.o(.text)
    IWDG_GetFlagStatus                       0x0800238b   Thumb Code    20  stm32f10x_iwdg.o(.text)
    RCC_DeInit                               0x080023a5   Thumb Code    64  stm32f10x_rcc.o(.text)
    RCC_HSEConfig                            0x080023e5   Thumb Code    70  stm32f10x_rcc.o(.text)
    RCC_GetFlagStatus                        0x0800242b   Thumb Code    56  stm32f10x_rcc.o(.text)
    RCC_WaitForHSEStartUp                    0x08002463   Thumb Code    56  stm32f10x_rcc.o(.text)
    RCC_AdjustHSICalibrationValue            0x0800249b   Thumb Code    20  stm32f10x_rcc.o(.text)
    RCC_HSICmd                               0x080024af   Thumb Code     6  stm32f10x_rcc.o(.text)
    RCC_PLLConfig                            0x080024b5   Thumb Code    24  stm32f10x_rcc.o(.text)
    RCC_PLLCmd                               0x080024cd   Thumb Code     6  stm32f10x_rcc.o(.text)
    RCC_SYSCLKConfig                         0x080024d3   Thumb Code    18  stm32f10x_rcc.o(.text)
    RCC_GetSYSCLKSource                      0x080024e5   Thumb Code    10  stm32f10x_rcc.o(.text)
    RCC_HCLKConfig                           0x080024ef   Thumb Code    18  stm32f10x_rcc.o(.text)
    RCC_PCLK1Config                          0x08002501   Thumb Code    18  stm32f10x_rcc.o(.text)
    RCC_PCLK2Config                          0x08002513   Thumb Code    20  stm32f10x_rcc.o(.text)
    RCC_ITConfig                             0x08002527   Thumb Code    26  stm32f10x_rcc.o(.text)
    RCC_USBCLKConfig                         0x08002541   Thumb Code     8  stm32f10x_rcc.o(.text)
    RCC_ADCCLKConfig                         0x08002549   Thumb Code    18  stm32f10x_rcc.o(.text)
    RCC_LSEConfig                            0x0800255b   Thumb Code    50  stm32f10x_rcc.o(.text)
    RCC_LSICmd                               0x0800258d   Thumb Code     6  stm32f10x_rcc.o(.text)
    RCC_RTCCLKConfig                         0x08002593   Thumb Code    12  stm32f10x_rcc.o(.text)
    RCC_RTCCLKCmd                            0x0800259f   Thumb Code     8  stm32f10x_rcc.o(.text)
    RCC_GetClocksFreq                        0x080025a7   Thumb Code   192  stm32f10x_rcc.o(.text)
    RCC_AHBPeriphClockCmd                    0x08002667   Thumb Code    26  stm32f10x_rcc.o(.text)
    RCC_APB2PeriphClockCmd                   0x08002681   Thumb Code    26  stm32f10x_rcc.o(.text)
    RCC_APB1PeriphClockCmd                   0x0800269b   Thumb Code    26  stm32f10x_rcc.o(.text)
    RCC_APB2PeriphResetCmd                   0x080026b5   Thumb Code    26  stm32f10x_rcc.o(.text)
    RCC_APB1PeriphResetCmd                   0x080026cf   Thumb Code    26  stm32f10x_rcc.o(.text)
    RCC_BackupResetCmd                       0x080026e9   Thumb Code     8  stm32f10x_rcc.o(.text)
    RCC_ClockSecuritySystemCmd               0x080026f1   Thumb Code     6  stm32f10x_rcc.o(.text)
    RCC_MCOConfig                            0x080026f7   Thumb Code     6  stm32f10x_rcc.o(.text)
    RCC_ClearFlag                            0x080026fd   Thumb Code    14  stm32f10x_rcc.o(.text)
    RCC_GetITStatus                          0x0800270b   Thumb Code    20  stm32f10x_rcc.o(.text)
    RCC_ClearITPendingBit                    0x0800271f   Thumb Code     6  stm32f10x_rcc.o(.text)
    USART_DeInit                             0x08002749   Thumb Code   134  stm32f10x_usart.o(.text)
    USART_Init                               0x080027cf   Thumb Code   210  stm32f10x_usart.o(.text)
    USART_StructInit                         0x080028a1   Thumb Code    24  stm32f10x_usart.o(.text)
    USART_ClockInit                          0x080028b9   Thumb Code    34  stm32f10x_usart.o(.text)
    USART_ClockStructInit                    0x080028db   Thumb Code    12  stm32f10x_usart.o(.text)
    USART_Cmd                                0x080028e7   Thumb Code    24  stm32f10x_usart.o(.text)
    USART_ITConfig                           0x080028ff   Thumb Code    74  stm32f10x_usart.o(.text)
    USART_DMACmd                             0x08002949   Thumb Code    18  stm32f10x_usart.o(.text)
    USART_SetAddress                         0x0800295b   Thumb Code    18  stm32f10x_usart.o(.text)
    USART_WakeUpConfig                       0x0800296d   Thumb Code    18  stm32f10x_usart.o(.text)
    USART_ReceiverWakeUpCmd                  0x0800297f   Thumb Code    24  stm32f10x_usart.o(.text)
    USART_LINBreakDetectLengthConfig         0x08002997   Thumb Code    18  stm32f10x_usart.o(.text)
    USART_LINCmd                             0x080029a9   Thumb Code    24  stm32f10x_usart.o(.text)
    USART_SendData                           0x080029c1   Thumb Code     8  stm32f10x_usart.o(.text)
    USART_GetFlagStatus                      0x080029c9   Thumb Code    26  stm32f10x_usart.o(.text)
    USART_ClearFlag                          0x080029e3   Thumb Code    18  stm32f10x_usart.o(.text)
    USART_SendString                         0x080029f5   Thumb Code    54  stm32f10x_usart.o(.text)
    USART_ReceiveData                        0x08002a2b   Thumb Code    10  stm32f10x_usart.o(.text)
    USART_SendBreak                          0x08002a35   Thumb Code    10  stm32f10x_usart.o(.text)
    USART_SetGuardTime                       0x08002a3f   Thumb Code    16  stm32f10x_usart.o(.text)
    USART_SetPrescaler                       0x08002a4f   Thumb Code    16  stm32f10x_usart.o(.text)
    USART_SmartCardCmd                       0x08002a5f   Thumb Code    24  stm32f10x_usart.o(.text)
    USART_SmartCardNACKCmd                   0x08002a77   Thumb Code    24  stm32f10x_usart.o(.text)
    USART_HalfDuplexCmd                      0x08002a8f   Thumb Code    24  stm32f10x_usart.o(.text)
    USART_OverSampling8Cmd                   0x08002aa7   Thumb Code    22  stm32f10x_usart.o(.text)
    USART_OneBitMethodCmd                    0x08002abd   Thumb Code    24  stm32f10x_usart.o(.text)
    USART_IrDAConfig                         0x08002ad5   Thumb Code    18  stm32f10x_usart.o(.text)
    USART_IrDACmd                            0x08002ae7   Thumb Code    24  stm32f10x_usart.o(.text)
    USART_GetITStatus                        0x08002aff   Thumb Code   104  stm32f10x_usart.o(.text)
    USART_ClearITPendingBit                  0x08002b67   Thumb Code    30  stm32f10x_usart.o(.text)
    WWDG_DeInit                              0x08002b85   Thumb Code    22  stm32f10x_wwdg.o(.text)
    WWDG_SetPrescaler                        0x08002b9b   Thumb Code    18  stm32f10x_wwdg.o(.text)
    WWDG_SetWindowValue                      0x08002bad   Thumb Code    34  stm32f10x_wwdg.o(.text)
    WWDG_EnableIT                            0x08002bcf   Thumb Code     8  stm32f10x_wwdg.o(.text)
    WWDG_SetCounter                          0x08002bd7   Thumb Code    12  stm32f10x_wwdg.o(.text)
    WWDG_Enable                              0x08002be3   Thumb Code    12  stm32f10x_wwdg.o(.text)
    WWDG_GetFlagStatus                       0x08002bef   Thumb Code    10  stm32f10x_wwdg.o(.text)
    WWDG_ClearFlag                           0x08002bf9   Thumb Code    10  stm32f10x_wwdg.o(.text)
    Reset_Handler                            0x08002c0d   Thumb Code     8  startup_stm32f10x_hd.o(.text)
    ADC1_2_IRQHandler                        0x08002c27   Thumb Code     0  startup_stm32f10x_hd.o(.text)
    ADC3_IRQHandler                          0x08002c27   Thumb Code     0  startup_stm32f10x_hd.o(.text)
    CAN1_RX1_IRQHandler                      0x08002c27   Thumb Code     0  startup_stm32f10x_hd.o(.text)
    CAN1_SCE_IRQHandler                      0x08002c27   Thumb Code     0  startup_stm32f10x_hd.o(.text)
    DMA1_Channel1_IRQHandler                 0x08002c27   Thumb Code     0  startup_stm32f10x_hd.o(.text)
    DMA1_Channel2_IRQHandler                 0x08002c27   Thumb Code     0  startup_stm32f10x_hd.o(.text)
    DMA1_Channel3_IRQHandler                 0x08002c27   Thumb Code     0  startup_stm32f10x_hd.o(.text)
    DMA1_Channel4_IRQHandler                 0x08002c27   Thumb Code     0  startup_stm32f10x_hd.o(.text)
    DMA1_Channel5_IRQHandler                 0x08002c27   Thumb Code     0  startup_stm32f10x_hd.o(.text)
    DMA1_Channel6_IRQHandler                 0x08002c27   Thumb Code     0  startup_stm32f10x_hd.o(.text)
    DMA1_Channel7_IRQHandler                 0x08002c27   Thumb Code     0  startup_stm32f10x_hd.o(.text)
    DMA2_Channel1_IRQHandler                 0x08002c27   Thumb Code     0  startup_stm32f10x_hd.o(.text)
    DMA2_Channel2_IRQHandler                 0x08002c27   Thumb Code     0  startup_stm32f10x_hd.o(.text)
    DMA2_Channel3_IRQHandler                 0x08002c27   Thumb Code     0  startup_stm32f10x_hd.o(.text)
    DMA2_Channel4_5_IRQHandler               0x08002c27   Thumb Code     0  startup_stm32f10x_hd.o(.text)
    EXTI0_IRQHandler                         0x08002c27   Thumb Code     0  startup_stm32f10x_hd.o(.text)
    EXTI1_IRQHandler                         0x08002c27   Thumb Code     0  startup_stm32f10x_hd.o(.text)
    EXTI2_IRQHandler                         0x08002c27   Thumb Code     0  startup_stm32f10x_hd.o(.text)
    EXTI3_IRQHandler                         0x08002c27   Thumb Code     0  startup_stm32f10x_hd.o(.text)
    EXTI4_IRQHandler                         0x08002c27   Thumb Code     0  startup_stm32f10x_hd.o(.text)
    EXTI9_5_IRQHandler                       0x08002c27   Thumb Code     0  startup_stm32f10x_hd.o(.text)
    FLASH_IRQHandler                         0x08002c27   Thumb Code     0  startup_stm32f10x_hd.o(.text)
    FSMC_IRQHandler                          0x08002c27   Thumb Code     0  startup_stm32f10x_hd.o(.text)
    I2C1_ER_IRQHandler                       0x08002c27   Thumb Code     0  startup_stm32f10x_hd.o(.text)
    I2C1_EV_IRQHandler                       0x08002c27   Thumb Code     0  startup_stm32f10x_hd.o(.text)
    PVD_IRQHandler                           0x08002c27   Thumb Code     0  startup_stm32f10x_hd.o(.text)
    RCC_IRQHandler                           0x08002c27   Thumb Code     0  startup_stm32f10x_hd.o(.text)
    RTCAlarm_IRQHandler                      0x08002c27   Thumb Code     0  startup_stm32f10x_hd.o(.text)
    RTC_IRQHandler                           0x08002c27   Thumb Code     0  startup_stm32f10x_hd.o(.text)
    SDIO_IRQHandler                          0x08002c27   Thumb Code     0  startup_stm32f10x_hd.o(.text)
    SPI1_IRQHandler                          0x08002c27   Thumb Code     0  startup_stm32f10x_hd.o(.text)
    SPI2_IRQHandler                          0x08002c27   Thumb Code     0  startup_stm32f10x_hd.o(.text)
    SPI3_IRQHandler                          0x08002c27   Thumb Code     0  startup_stm32f10x_hd.o(.text)
    TAMPER_IRQHandler                        0x08002c27   Thumb Code     0  startup_stm32f10x_hd.o(.text)
    TIM1_BRK_IRQHandler                      0x08002c27   Thumb Code     0  startup_stm32f10x_hd.o(.text)
    TIM1_CC_IRQHandler                       0x08002c27   Thumb Code     0  startup_stm32f10x_hd.o(.text)
    TIM1_TRG_COM_IRQHandler                  0x08002c27   Thumb Code     0  startup_stm32f10x_hd.o(.text)
    TIM1_UP_IRQHandler                       0x08002c27   Thumb Code     0  startup_stm32f10x_hd.o(.text)
    TIM2_IRQHandler                          0x08002c27   Thumb Code     0  startup_stm32f10x_hd.o(.text)
    TIM3_IRQHandler                          0x08002c27   Thumb Code     0  startup_stm32f10x_hd.o(.text)
    TIM4_IRQHandler                          0x08002c27   Thumb Code     0  startup_stm32f10x_hd.o(.text)
    TIM5_IRQHandler                          0x08002c27   Thumb Code     0  startup_stm32f10x_hd.o(.text)
    TIM6_IRQHandler                          0x08002c27   Thumb Code     0  startup_stm32f10x_hd.o(.text)
    TIM7_IRQHandler                          0x08002c27   Thumb Code     0  startup_stm32f10x_hd.o(.text)
    TIM8_BRK_IRQHandler                      0x08002c27   Thumb Code     0  startup_stm32f10x_hd.o(.text)
    TIM8_CC_IRQHandler                       0x08002c27   Thumb Code     0  startup_stm32f10x_hd.o(.text)
    TIM8_TRG_COM_IRQHandler                  0x08002c27   Thumb Code     0  startup_stm32f10x_hd.o(.text)
    TIM8_UP_IRQHandler                       0x08002c27   Thumb Code     0  startup_stm32f10x_hd.o(.text)
    UART5_IRQHandler                         0x08002c27   Thumb Code     0  startup_stm32f10x_hd.o(.text)
    USART2_IRQHandler                        0x08002c27   Thumb Code     0  startup_stm32f10x_hd.o(.text)
    USBWakeUp_IRQHandler                     0x08002c27   Thumb Code     0  startup_stm32f10x_hd.o(.text)
    USB_HP_CAN1_TX_IRQHandler                0x08002c27   Thumb Code     0  startup_stm32f10x_hd.o(.text)
    USB_LP_CAN1_RX0_IRQHandler               0x08002c27   Thumb Code     0  startup_stm32f10x_hd.o(.text)
    SystemInit                               0x08002d0f   Thumb Code    78  system_stm32f10x.o(.text)
    SystemCoreClockUpdate                    0x08002d5d   Thumb Code   142  system_stm32f10x.o(.text)
    _sys_exit                                0x08002e11   Thumb Code     6  debug_usart.o(.text)
    fputc                                    0x08002e17   Thumb Code    24  debug_usart.o(.text)
    duart_init                               0x08002e2f   Thumb Code   142  debug_usart.o(.text)
    USART1_IRQHandler                        0x08002ebd   Thumb Code   128  debug_usart.o(.text)
    delay_init                               0x08002f55   Thumb Code    50  delay.o(.text)
    delay_us                                 0x08002f87   Thumb Code    72  delay.o(.text)
    delay_ms                                 0x08002fcf   Thumb Code    72  delay.o(.text)
    WFI_SET                                  0x08003029   Thumb Code     4  sys.o(.text)
    INTX_DISABLE                             0x0800302d   Thumb Code     4  sys.o(.text)
    INTX_ENABLE                              0x08003031   Thumb Code     4  sys.o(.text)
    Iap_Load_App                             0x08003035   Thumb Code    48  sys.o(.text)
    __aeabi_memcpy                           0x080030a1   Thumb Code    36  memcpya.o(.text)
    __aeabi_memcpy4                          0x080030a1   Thumb Code     0  memcpya.o(.text)
    __aeabi_memcpy8                          0x080030a1   Thumb Code     0  memcpya.o(.text)
    __aeabi_memset                           0x080030c5   Thumb Code    14  memseta.o(.text)
    __aeabi_memset4                          0x080030c5   Thumb Code     0  memseta.o(.text)
    __aeabi_memset8                          0x080030c5   Thumb Code     0  memseta.o(.text)
    __aeabi_memclr                           0x080030d3   Thumb Code     4  memseta.o(.text)
    __aeabi_memclr4                          0x080030d3   Thumb Code     0  memseta.o(.text)
    __aeabi_memclr8                          0x080030d3   Thumb Code     0  memseta.o(.text)
    _memset$wrapper                          0x080030d7   Thumb Code    18  memseta.o(.text)
    __aeabi_uldivmod                         0x080030e9   Thumb Code    98  uldiv.o(.text)
    __scatterload                            0x0800314d   Thumb Code    28  init.o(.text)
    __scatterload_rt2                        0x0800314d   Thumb Code     0  init.o(.text)
    __aeabi_llsl                             0x08003171   Thumb Code    30  llshl.o(.text)
    _ll_shift_l                              0x08003171   Thumb Code     0  llshl.o(.text)
    __aeabi_llsr                             0x0800318f   Thumb Code    32  llushr.o(.text)
    _ll_ushift_r                             0x0800318f   Thumb Code     0  llushr.o(.text)
    __0printf$5                              0x080031b1   Thumb Code    22  printf5.o(i.__0printf$5)
    __1printf$5                              0x080031b1   Thumb Code     0  printf5.o(i.__0printf$5)
    __2printf                                0x080031b1   Thumb Code     0  printf5.o(i.__0printf$5)
    __scatterload_copy                       0x080031d1   Thumb Code    14  handlers.o(i.__scatterload_copy)
    __scatterload_null                       0x080031df   Thumb Code     2  handlers.o(i.__scatterload_null)
    __scatterload_zeroinit                   0x080031e1   Thumb Code    14  handlers.o(i.__scatterload_zeroinit)
    Region$$Table$$Base                      0x08003564   Number         0  anon$$obj.o(Region$$Table)
    Region$$Table$$Limit                     0x08003584   Number         0  anon$$obj.o(Region$$Table)
    WWDG_CNT                                 0x2000000a   Data           1  wdg.o(.data)
    cnt                                      0x20000014   Data           4  process.o(.data)
    g_softVer                                0x20000018   Data           1  process.o(.data)
    SystemCoreClock                          0x20000038   Data           4  system_stm32f10x.o(.data)
    AHBPrescTable                            0x2000003c   Data          16  system_stm32f10x.o(.data)
    __stdout                                 0x2000004c   Data           4  debug_usart.o(.data)
    DUSART_RX_STA                            0x20000050   Data           2  debug_usart.o(.data)
    JumpToApp                                0x20000058   Data           4  sys.o(.data)
    STMFLASH_BUF                             0x200000a4   Data        2048  flash.o(.bss)
    reg_val                                  0x200010d4   Data         189  myiic.o(.bss)
    DUSART_RX_BUF                            0x20001191   Data         200  debug_usart.o(.bss)
    __initial_sp                             0x20001660   Data           0  startup_stm32f10x_hd.o(STACK)



==============================================================================

Memory Map of the image

  Image Entry point : 0x08002c0d

  Load Region LR_1 (Base: 0x08000000, Size: 0x000035e0, Max: 0xffffffff, ABSOLUTE)

    Execution Region ER_RO (Base: 0x08000000, Size: 0x00003584, Max: 0xffffffff, ABSOLUTE)

    Base Addr    Size         Type   Attr      Idx    E Section Name        Object

    0x08000000   0x00000130   Data   RO          555    RESET               startup_stm32f10x_hd.o
    0x08000130   0x00000000   Code   RO          668  * .ARM.Collect$$$$00000000  mc_w.l(entry.o)
    0x08000130   0x00000004   Code   RO          938    .ARM.Collect$$$$00000001  mc_w.l(entry2.o)
    0x08000134   0x00000004   Code   RO          941    .ARM.Collect$$$$00000004  mc_w.l(entry5.o)
    0x08000138   0x00000000   Code   RO          943    .ARM.Collect$$$$00000008  mc_w.l(entry7b.o)
    0x08000138   0x00000000   Code   RO          945    .ARM.Collect$$$$0000000A  mc_w.l(entry8b.o)
    0x08000138   0x00000008   Code   RO          946    .ARM.Collect$$$$0000000B  mc_w.l(entry9a.o)
    0x08000140   0x00000000   Code   RO          948    .ARM.Collect$$$$0000000D  mc_w.l(entry10a.o)
    0x08000140   0x00000000   Code   RO          950    .ARM.Collect$$$$0000000F  mc_w.l(entry11a.o)
    0x08000140   0x00000004   Code   RO          939    .ARM.Collect$$$$00002712  mc_w.l(entry2.o)
    0x08000144   0x00000006   Code   RO          642    .emb_text           sys.o
    0x0800014a   0x00000002   PAD
    0x0800014c   0x00000424   Code   RO            1    .text               usart.o
    0x08000570   0x000000a4   Code   RO          127    .text               wdg.o
    0x08000614   0x00000210   Code   RO          145    .text               main.o
    0x08000824   0x0000001a   Code   RO          167    .text               stm32f10x_it.o
    0x0800083e   0x00000002   PAD
    0x08000840   0x00000164   Code   RO          182    .text               flash.o
    0x080009a4   0x00000054   Code   RO          197    .text               common_init.o
    0x080009f8   0x00000468   Code   RO          218    .text               process.o
    0x08000e60   0x00000144   Code   RO          235    .text               gpio.o
    0x08000fa4   0x000004ac   Code   RO          259    .text               myiic.o
    0x08001450   0x000000dc   Code   RO          275    .text               misc.o
    0x0800152c   0x0000011c   Code   RO          383    .text               stm32f10x_exti.o
    0x08001648   0x000005bc   Code   RO          395    .text               stm32f10x_flash.o
    0x08001c04   0x0000035c   Code   RO          419    .text               stm32f10x_gpio.o
    0x08001f60   0x00000404   Code   RO          431    .text               stm32f10x_i2c.o
    0x08002364   0x00000040   Code   RO          443    .text               stm32f10x_iwdg.o
    0x080023a4   0x000003a4   Code   RO          467    .text               stm32f10x_rcc.o
    0x08002748   0x0000043c   Code   RO          529    .text               stm32f10x_usart.o
    0x08002b84   0x00000088   Code   RO          541    .text               stm32f10x_wwdg.o
    0x08002c0c   0x00000024   Code   RO          556  * .text               startup_stm32f10x_hd.o
    0x08002c30   0x000001e0   Code   RO          571    .text               system_stm32f10x.o
    0x08002e10   0x00000144   Code   RO          608    .text               debug_usart.o
    0x08002f54   0x000000d4   Code   RO          628    .text               delay.o
    0x08003028   0x00000078   Code   RO          643    .text               sys.o
    0x080030a0   0x00000024   Code   RO          671    .text               mc_w.l(memcpya.o)
    0x080030c4   0x00000024   Code   RO          673    .text               mc_w.l(memseta.o)
    0x080030e8   0x00000062   Code   RO          954    .text               mc_w.l(uldiv.o)
    0x0800314a   0x00000002   PAD
    0x0800314c   0x00000024   Code   RO          967    .text               mc_w.l(init.o)
    0x08003170   0x0000001e   Code   RO          969    .text               mc_w.l(llshl.o)
    0x0800318e   0x00000020   Code   RO          971    .text               mc_w.l(llushr.o)
    0x080031ae   0x00000002   PAD
    0x080031b0   0x00000020   Code   RO          810    i.__0printf$5       mc_w.l(printf5.o)
    0x080031d0   0x0000000e   Code   RO          979    i.__scatterload_copy  mc_w.l(handlers.o)
    0x080031de   0x00000002   Code   RO          980    i.__scatterload_null  mc_w.l(handlers.o)
    0x080031e0   0x0000000e   Code   RO          981    i.__scatterload_zeroinit  mc_w.l(handlers.o)
    0x080031ee   0x00000002   PAD
    0x080031f0   0x000002c0   Code   RO          817    i._printf_core      mc_w.l(printf5.o)
    0x080034b0   0x0000005b   Data   RO            3    .constdata          usart.o
    0x0800350b   0x0000001a   Data   RO          146    .constdata          main.o
    0x08003525   0x00000030   Data   RO          220    .constdata          process.o
    0x08003555   0x0000000d   Data   RO          644    .constdata          sys.o
    0x08003562   0x00000002   PAD
    0x08003564   0x00000020   Data   RO          977    Region$$Table       anon$$obj.o


    Execution Region ER_RW (Base: 0x20000000, Size: 0x0000005c, Max: 0xffffffff, ABSOLUTE)

    Base Addr    Size         Type   Attr      Idx    E Section Name        Object

    0x20000000   0x0000000a   Data   RW            4    .data               usart.o
    0x2000000a   0x00000001   Data   RW          128    .data               wdg.o
    0x2000000b   0x00000001   PAD
    0x2000000c   0x00000014   Data   RW          221    .data               process.o
    0x20000020   0x00000002   Data   RW          261    .data               myiic.o
    0x20000022   0x00000014   Data   RW          468    .data               stm32f10x_rcc.o
    0x20000036   0x00000002   PAD
    0x20000038   0x00000014   Data   RW          572    .data               system_stm32f10x.o
    0x2000004c   0x00000006   Data   RW          610    .data               debug_usart.o
    0x20000052   0x00000004   Data   RW          629    .data               delay.o
    0x20000056   0x00000002   PAD
    0x20000058   0x00000004   Data   RW          645    .data               sys.o


    Execution Region ER_ZI (Base: 0x2000005c, Size: 0x00001604, Max: 0xffffffff, ABSOLUTE)

    Base Addr    Size         Type   Attr      Idx    E Section Name        Object

    0x2000005c   0x00000048   Zero   RW            2    .bss                usart.o
    0x200000a4   0x00000800   Zero   RW          183    .bss                flash.o
    0x200008a4   0x00000830   Zero   RW          219    .bss                process.o
    0x200010d4   0x000000bd   Zero   RW          260    .bss                myiic.o
    0x20001191   0x000000c8   Zero   RW          609    .bss                debug_usart.o
    0x20001259   0x00000007   PAD
    0x20001260   0x00000400   Zero   RW          553    STACK               startup_stm32f10x_hd.o


==============================================================================

Image component sizes


      Code (inc. data)   RO Data    RW Data    ZI Data      Debug   Object Name

        84          4          0          0          0        555   common_init.o
       324         24          0          6        200       3169   debug_usart.o
       212         18          0          4          0        943   delay.o
       356         10          0          0       2048       2656   flash.o
       324         14          0          0          0        824   gpio.o
       528        154         26          0          0       1270   main.o
       220         22          0          0          0       1693   misc.o
      1196         38          0          2        189       3573   myiic.o
      1128        338         48         20       2096       3557   process.o
        36          8        304          0       1024        796   startup_stm32f10x_hd.o
       284         10          0          0          0       2131   stm32f10x_exti.o
      1468         34          0          0          0       7926   stm32f10x_flash.o
       860         38          0          0          0       5541   stm32f10x_gpio.o
      1028         16          0          0          0       9003   stm32f10x_i2c.o
        26          0          0          0          0       1178   stm32f10x_it.o
        64          6          0          0          0       1221   stm32f10x_iwdg.o
       932         36          0         20          0       8676   stm32f10x_rcc.o
      1084         20          0          0          0       8557   stm32f10x_usart.o
       136         10          0          0          0       2188   stm32f10x_wwdg.o
       126         60         13          4          0       1616   sys.o
       480         38          0         20          0       1691   system_stm32f10x.o
      1060        154         91         10         72     253964   usart.o
       164          6          0          1          0       1487   wdg.o

    ----------------------------------------------------------------------
     12124       1058        516         92       5636     324215   Object Totals
         0          0         32          0          0          0   (incl. Generated)
         4          0          2          5          7          0   (incl. Padding)

    ----------------------------------------------------------------------

      Code (inc. data)   RO Data    RW Data    ZI Data      Debug   Library Member Name

         0          0          0          0          0          0   entry.o
         0          0          0          0          0          0   entry10a.o
         0          0          0          0          0          0   entry11a.o
         8          4          0          0          0          0   entry2.o
         4          0          0          0          0          0   entry5.o
         0          0          0          0          0          0   entry7b.o
         0          0          0          0          0          0   entry8b.o
         8          4          0          0          0          0   entry9a.o
        30          0          0          0          0          0   handlers.o
        36          8          0          0          0         68   init.o
        30          0          0          0          0         68   llshl.o
        32          0          0          0          0         68   llushr.o
        36          0          0          0          0         68   memcpya.o
        36          0          0          0          0        108   memseta.o
       736         56          0          0          0        184   printf5.o
        98          0          0          0          0         92   uldiv.o

    ----------------------------------------------------------------------
      1060         72          0          0          0        656   Library Totals
         6          0          0          0          0          0   (incl. Padding)

    ----------------------------------------------------------------------

      Code (inc. data)   RO Data    RW Data    ZI Data      Debug   Library Name

      1054         72          0          0          0        656   mc_w.l

    ----------------------------------------------------------------------
      1060         72          0          0          0        656   Library Totals

    ----------------------------------------------------------------------

==============================================================================


      Code (inc. data)   RO Data    RW Data    ZI Data      Debug   

     13184       1130        516         92       5636     322527   Grand Totals
     13184       1130        516         92       5636     322527   ELF Image Totals
     13184       1130        516         92          0          0   ROM Totals

==============================================================================

    Total RO  Size (Code + RO Data)                13700 (  13.38kB)
    Total RW  Size (RW Data + ZI Data)              5728 (   5.59kB)
    Total ROM Size (Code + RO Data + RW Data)      13792 (  13.47kB)

==============================================================================

